[2026-10-02 20:05:26.208 Control 11611] Starting control daemon using socket /workspace/cuphy-lockstep/mps-repeat-20261002T200055Z-10078-b12/control
[2026-10-02 20:05:26.208 Control 11611] To connect CUDA applications to this daemon, set env CUDA_MPS_PIPE_DIRECTORY=/workspace/cuphy-lockstep/mps-repeat-20261002T200055Z-10078-b12
[2026-10-02 20:05:26.208 Control 11611] CUDA MPS Control binary version: 13020
[2026-10-02 20:05:26.452 Control 11611] Accepting connection...
[2026-10-02 20:05:26.452 Control 11611] User did not send valid credentials
[2026-10-02 20:05:26.452 Control 11611] Accepting connection...
[2026-10-02 20:05:26.452 Control 11611] NEW CLIENT 11625 from user 0: Server is not ready, push client to pending list
[2026-10-02 20:05:26.453 Control 11630] Starting new server 11630 for user 0
[2026-10-02 20:05:26.455 Control 11611] Accepting connection...
[2026-10-02 20:05:26.565 Control 11611] NEW SERVER 11630: Ready
[2026-10-02 20:05:26.581 Control 11611] Accepting connection...
[2026-10-02 20:05:26.581 Control 11611] NEW CLIENT 11625 from user 0: Server already exists
[2026-10-02 20:05:30.462 Control 11611] Accepting connection...
[2026-10-02 20:05:30.462 Control 11611] User did not send valid credentials
[2026-10-02 20:05:30.463 Control 11611] Accepting connection...
[2026-10-02 20:05:30.463 Control 11611] NEW CLIENT 11654 from user 0: Server already exists
[2026-10-02 20:05:30.495 Control 11611] Accepting connection...
[2026-10-02 20:05:30.496 Control 11611] NEW CLIENT 11654 from user 0: Server already exists
[2026-10-02 20:05:39.838 Control 11611] Accepting connection...
[2026-10-02 20:05:39.838 Control 11611] User did not send valid credentials
[2026-10-02 20:05:39.838 Control 11611] Accepting connection...
[2026-10-02 20:05:39.838 Control 11611] NEW CLIENT 11693 from user 0: Server already exists
[2026-10-02 20:05:39.853 Control 11611] Accepting connection...
[2026-10-02 20:05:39.853 Control 11611] NEW CLIENT 11693 from user 0: Server already exists
[2026-10-02 20:05:43.849 Control 11611] Accepting connection...
[2026-10-02 20:05:43.849 Control 11611] User did not send valid credentials
[2026-10-02 20:05:43.849 Control 11611] Accepting connection...
[2026-10-02 20:05:43.849 Control 11611] NEW CLIENT 11718 from user 0: Server already exists
[2026-10-02 20:05:43.885 Control 11611] Accepting connection...
[2026-10-02 20:05:43.885 Control 11611] NEW CLIENT 11718 from user 0: Server already exists
[2026-10-02 20:05:52.924 Control 11611] Accepting connection...
[2026-10-02 20:05:52.924 Control 11611] NEW UI
[2026-10-02 20:05:52.924 Control 11611] Cmd:quit
[2026-10-02 20:05:52.924 Control 11611] Try shutting down server 11630, backoff is disabled
[2026-10-02 20:05:52.969 Control 11611] Server 11630 exited with status 0
[2026-10-02 20:05:52.969 Control 11611] Exit with status 0
