[2026-10-02 20:02:35.840 Control 10701] Starting control daemon using socket /workspace/cuphy-lockstep/mps-repeat-20261002T200055Z-10078-b5/control
[2026-10-02 20:02:35.840 Control 10701] To connect CUDA applications to this daemon, set env CUDA_MPS_PIPE_DIRECTORY=/workspace/cuphy-lockstep/mps-repeat-20261002T200055Z-10078-b5
[2026-10-02 20:02:35.840 Control 10701] CUDA MPS Control binary version: 13020
[2026-10-02 20:02:36.084 Control 10701] Accepting connection...
[2026-10-02 20:02:36.084 Control 10701] User did not send valid credentials
[2026-10-02 20:02:36.084 Control 10701] Accepting connection...
[2026-10-02 20:02:36.084 Control 10701] NEW CLIENT 10715 from user 0: Server is not ready, push client to pending list
[2026-10-02 20:02:36.084 Control 10720] Starting new server 10720 for user 0
[2026-10-02 20:02:36.087 Control 10701] Accepting connection...
[2026-10-02 20:02:36.194 Control 10701] NEW SERVER 10720: Ready
[2026-10-02 20:02:36.211 Control 10701] Accepting connection...
[2026-10-02 20:02:36.211 Control 10701] NEW CLIENT 10715 from user 0: Server already exists
[2026-10-02 20:02:40.095 Control 10701] Accepting connection...
[2026-10-02 20:02:40.095 Control 10701] User did not send valid credentials
[2026-10-02 20:02:40.095 Control 10701] Accepting connection...
[2026-10-02 20:02:40.095 Control 10701] NEW CLIENT 10744 from user 0: Server already exists
[2026-10-02 20:02:40.128 Control 10701] Accepting connection...
[2026-10-02 20:02:40.128 Control 10701] NEW CLIENT 10744 from user 0: Server already exists
[2026-10-02 20:02:49.375 Control 10701] Accepting connection...
[2026-10-02 20:02:49.375 Control 10701] User did not send valid credentials
[2026-10-02 20:02:49.375 Control 10701] Accepting connection...
[2026-10-02 20:02:49.375 Control 10701] NEW CLIENT 10795 from user 0: Server already exists
[2026-10-02 20:02:49.389 Control 10701] Accepting connection...
[2026-10-02 20:02:49.389 Control 10701] NEW CLIENT 10795 from user 0: Server already exists
[2026-10-02 20:02:53.385 Control 10701] Accepting connection...
[2026-10-02 20:02:53.385 Control 10701] User did not send valid credentials
[2026-10-02 20:02:53.385 Control 10701] Accepting connection...
[2026-10-02 20:02:53.385 Control 10701] NEW CLIENT 10820 from user 0: Server already exists
[2026-10-02 20:02:53.420 Control 10701] Accepting connection...
[2026-10-02 20:02:53.420 Control 10701] NEW CLIENT 10820 from user 0: Server already exists
[2026-10-02 20:03:02.485 Control 10701] Accepting connection...
[2026-10-02 20:03:02.485 Control 10701] NEW UI
[2026-10-02 20:03:02.485 Control 10701] Cmd:quit
[2026-10-02 20:03:02.485 Control 10701] Try shutting down server 10720, backoff is disabled
[2026-10-02 20:03:02.545 Control 10701] Server 10720 exited with status 0
[2026-10-02 20:03:02.545 Control 10701] Exit with status 0
