338c01042bed:5622:5622 [7] NCCL INFO cudaDriverVersion 13020
338c01042bed:5622:5622 [0] NCCL INFO NCCL version 2.23.4+cuda12.6
338c01042bed:5622:5635 [1] NCCL INFO NET/Plugin: Could not find: libnccl-net.so. Using internal network plugin.
338c01042bed:5622:5635 [1] NCCL INFO Failed to open libibverbs.so[.1]
338c01042bed:5622:5635 [1] NCCL INFO NET/Socket : Using [0]eth0:172.17.0.2<0>
338c01042bed:5622:5635 [1] NCCL INFO Using network Socket
338c01042bed:5622:5636 [2] NCCL INFO Using network Socket
338c01042bed:5622:5634 [0] NCCL INFO Using network Socket
338c01042bed:5622:5640 [6] NCCL INFO Using network Socket
338c01042bed:5622:5639 [5] NCCL INFO Using network Socket
338c01042bed:5622:5637 [3] NCCL INFO Using network Socket
338c01042bed:5622:5638 [4] NCCL INFO Using network Socket
338c01042bed:5622:5641 [7] NCCL INFO Using network Socket
338c01042bed:5622:5635 [1] NCCL INFO ncclCommInitAll comm 0x5d6473de89c0 rank 1 nranks 8 cudaDev 1 nvmlDev 1 busId 23000 commId 0x63ade72d0d8b2cae - Init START
338c01042bed:5622:5636 [2] NCCL INFO ncclCommInitAll comm 0x5d6473e30130 rank 2 nranks 8 cudaDev 2 nvmlDev 2 busId 41000 commId 0x63ade72d0d8b2cae - Init START
338c01042bed:5622:5634 [0] NCCL INFO ncclCommInitAll comm 0x5d6473da1160 rank 0 nranks 8 cudaDev 0 nvmlDev 0 busId 1000 commId 0x63ade72d0d8b2cae - Init START
338c01042bed:5622:5640 [6] NCCL INFO ncclCommInitAll comm 0x5d6473f4d780 rank 6 nranks 8 cudaDev 6 nvmlDev 6 busId c1000 commId 0x63ade72d0d8b2cae - Init START
338c01042bed:5622:5639 [5] NCCL INFO ncclCommInitAll comm 0x5d6473f06270 rank 5 nranks 8 cudaDev 5 nvmlDev 5 busId a1000 commId 0x63ade72d0d8b2cae - Init START
338c01042bed:5622:5637 [3] NCCL INFO ncclCommInitAll comm 0x5d6473e776f0 rank 3 nranks 8 cudaDev 3 nvmlDev 3 busId 61000 commId 0x63ade72d0d8b2cae - Init START
338c01042bed:5622:5641 [7] NCCL INFO ncclCommInitAll comm 0x5d6473f94c90 rank 7 nranks 8 cudaDev 7 nvmlDev 7 busId e1000 commId 0x63ade72d0d8b2cae - Init START
338c01042bed:5622:5638 [4] NCCL INFO ncclCommInitAll comm 0x5d6473ebecb0 rank 4 nranks 8 cudaDev 4 nvmlDev 4 busId 81000 commId 0x63ade72d0d8b2cae - Init START
338c01042bed:5622:5638 [4] NCCL INFO === System : maxBw 24.0 totalBw 24.0 ===
338c01042bed:5622:5638 [4] NCCL INFO CPU/0-0 (1/2/-1)
338c01042bed:5622:5638 [4] NCCL INFO + PCI[5000.0] - NIC/0-0
338c01042bed:5622:5638 [4] NCCL INFO + PCI[24.0] - GPU/0-1000 (0)
338c01042bed:5622:5638 [4] NCCL INFO + PCI[24.0] - GPU/0-23000 (1)
338c01042bed:5622:5638 [4] NCCL INFO + PCI[24.0] - GPU/0-41000 (2)
338c01042bed:5622:5638 [4] NCCL INFO + PCI[24.0] - GPU/0-61000 (3)
338c01042bed:5622:5638 [4] NCCL INFO + SYS[16.0] - CPU/0-1
338c01042bed:5622:5638 [4] NCCL INFO CPU/0-1 (1/2/-1)
338c01042bed:5622:5638 [4] NCCL INFO + PCI[24.0] - GPU/0-81000 (4)
338c01042bed:5622:5638 [4] NCCL INFO + PCI[24.0] - GPU/0-a1000 (5)
338c01042bed:5622:5638 [4] NCCL INFO + PCI[24.0] - GPU/0-c1000 (6)
338c01042bed:5622:5638 [4] NCCL INFO + PCI[24.0] - GPU/0-e1000 (7)
338c01042bed:5622:5638 [4] NCCL INFO + SYS[16.0] - CPU/0-0
338c01042bed:5622:5638 [4] NCCL INFO ==========================================
338c01042bed:5622:5638 [4] NCCL INFO GPU/0-1000 :GPU/0-1000 (0/5000.0/LOC) GPU/0-23000 (2/24.0/PHB) GPU/0-41000 (2/24.0/PHB) GPU/0-61000 (2/24.0/PHB) GPU/0-81000 (3/16.0/SYS) GPU/0-a1000 (3/16.0/SYS) GPU/0-c1000 (3/16.0/SYS) GPU/0-e1000 (3/16.0/SYS) CPU/0-0 (1/24.0/PHB) CPU/0-1 (2/16.0/SYS) 
338c01042bed:5622:5638 [4] NCCL INFO GPU/0-23000 :GPU/0-1000 (2/24.0/PHB) GPU/0-23000 (0/5000.0/LOC) GPU/0-41000 (2/24.0/PHB) GPU/0-61000 (2/24.0/PHB) GPU/0-81000 (3/16.0/SYS) GPU/0-a1000 (3/16.0/SYS) GPU/0-c1000 (3/16.0/SYS) GPU/0-e1000 (3/16.0/SYS) CPU/0-0 (1/24.0/PHB) CPU/0-1 (2/16.0/SYS) 
338c01042bed:5622:5638 [4] NCCL INFO GPU/0-41000 :GPU/0-1000 (2/24.0/PHB) GPU/0-23000 (2/24.0/PHB) GPU/0-41000 (0/5000.0/LOC) GPU/0-61000 (2/24.0/PHB) GPU/0-81000 (3/16.0/SYS) GPU/0-a1000 (3/16.0/SYS) GPU/0-c1000 (3/16.0/SYS) GPU/0-e1000 (3/16.0/SYS) CPU/0-0 (1/24.0/PHB) CPU/0-1 (2/16.0/SYS) 
338c01042bed:5622:5638 [4] NCCL INFO GPU/0-61000 :GPU/0-1000 (2/24.0/PHB) GPU/0-23000 (2/24.0/PHB) GPU/0-41000 (2/24.0/PHB) GPU/0-61000 (0/5000.0/LOC) GPU/0-81000 (3/16.0/SYS) GPU/0-a1000 (3/16.0/SYS) GPU/0-c1000 (3/16.0/SYS) GPU/0-e1000 (3/16.0/SYS) CPU/0-0 (1/24.0/PHB) CPU/0-1 (2/16.0/SYS) 
338c01042bed:5622:5638 [4] NCCL INFO GPU/0-81000 :GPU/0-1000 (3/16.0/SYS) GPU/0-23000 (3/16.0/SYS) GPU/0-41000 (3/16.0/SYS) GPU/0-61000 (3/16.0/SYS) GPU/0-81000 (0/5000.0/LOC) GPU/0-a1000 (2/24.0/PHB) GPU/0-c1000 (2/24.0/PHB) GPU/0-e1000 (2/24.0/PHB) CPU/0-0 (2/16.0/SYS) CPU/0-1 (1/24.0/PHB) 
338c01042bed:5622:5638 [4] NCCL INFO GPU/0-a1000 :GPU/0-1000 (3/16.0/SYS) GPU/0-23000 (3/16.0/SYS) GPU/0-41000 (3/16.0/SYS) GPU/0-61000 (3/16.0/SYS) GPU/0-81000 (2/24.0/PHB) GPU/0-a1000 (0/5000.0/LOC) GPU/0-c1000 (2/24.0/PHB) GPU/0-e1000 (2/24.0/PHB) CPU/0-0 (2/16.0/SYS) CPU/0-1 (1/24.0/PHB) 
338c01042bed:5622:5638 [4] NCCL INFO GPU/0-c1000 :GPU/0-1000 (3/16.0/SYS) GPU/0-23000 (3/16.0/SYS) GPU/0-41000 (3/16.0/SYS) GPU/0-61000 (3/16.0/SYS) GPU/0-81000 (2/24.0/PHB) GPU/0-a1000 (2/24.0/PHB) GPU/0-c1000 (0/5000.0/LOC) GPU/0-e1000 (2/24.0/PHB) CPU/0-0 (2/16.0/SYS) CPU/0-1 (1/24.0/PHB) 
338c01042bed:5622:5638 [4] NCCL INFO GPU/0-e1000 :GPU/0-1000 (3/16.0/SYS) GPU/0-23000 (3/16.0/SYS) GPU/0-41000 (3/16.0/SYS) GPU/0-61000 (3/16.0/SYS) GPU/0-81000 (2/24.0/PHB) GPU/0-a1000 (2/24.0/PHB) GPU/0-c1000 (2/24.0/PHB) GPU/0-e1000 (0/5000.0/LOC) CPU/0-0 (2/16.0/SYS) CPU/0-1 (1/24.0/PHB) 
338c01042bed:5622:5638 [4] NCCL INFO NVLS multicast support is not available on dev 4
338c01042bed:5622:5638 [4] NCCL INFO Pattern 4, crossNic 0, nChannels 1, bw 15.000000/15.000000, type SYS/PIX, sameChannels 1
338c01042bed:5622:5638 [4] NCCL INFO  0 : GPU/0 GPU/1 GPU/2 GPU/3 GPU/4 GPU/5 GPU/6 GPU/7
338c01042bed:5622:5638 [4] NCCL INFO Pattern 1, crossNic 0, nChannels 1, bw 15.000000/15.000000, type SYS/PIX, sameChannels 1
338c01042bed:5622:5638 [4] NCCL INFO  0 : GPU/0 GPU/1 GPU/2 GPU/3 GPU/4 GPU/5 GPU/6 GPU/7
338c01042bed:5622:5634 [0] NCCL INFO === System : maxBw 24.0 totalBw 24.0 ===
338c01042bed:5622:5634 [0] NCCL INFO CPU/0-0 (1/2/-1)
338c01042bed:5622:5634 [0] NCCL INFO + PCI[5000.0] - NIC/0-0
338c01042bed:5622:5634 [0] NCCL INFO + PCI[24.0] - GPU/0-1000 (0)
338c01042bed:5622:5634 [0] NCCL INFO + PCI[24.0] - GPU/0-23000 (1)
338c01042bed:5622:5634 [0] NCCL INFO + PCI[24.0] - GPU/0-41000 (2)
338c01042bed:5622:5634 [0] NCCL INFO + PCI[24.0] - GPU/0-61000 (3)
338c01042bed:5622:5634 [0] NCCL INFO + SYS[16.0] - CPU/0-1
338c01042bed:5622:5634 [0] NCCL INFO CPU/0-1 (1/2/-1)
338c01042bed:5622:5634 [0] NCCL INFO + PCI[24.0] - GPU/0-81000 (4)
338c01042bed:5622:5634 [0] NCCL INFO + PCI[24.0] - GPU/0-a1000 (5)
338c01042bed:5622:5634 [0] NCCL INFO + PCI[24.0] - GPU/0-c1000 (6)
338c01042bed:5622:5634 [0] NCCL INFO + PCI[24.0] - GPU/0-e1000 (7)
338c01042bed:5622:5634 [0] NCCL INFO + SYS[16.0] - CPU/0-0
338c01042bed:5622:5634 [0] NCCL INFO ==========================================
338c01042bed:5622:5634 [0] NCCL INFO GPU/0-1000 :GPU/0-1000 (0/5000.0/LOC) GPU/0-23000 (2/24.0/PHB) GPU/0-41000 (2/24.0/PHB) GPU/0-61000 (2/24.0/PHB) GPU/0-81000 (3/16.0/SYS) GPU/0-a1000 (3/16.0/SYS) GPU/0-c1000 (3/16.0/SYS) GPU/0-e1000 (3/16.0/SYS) CPU/0-0 (1/24.0/PHB) CPU/0-1 (2/16.0/SYS) 
338c01042bed:5622:5634 [0] NCCL INFO GPU/0-23000 :GPU/0-1000 (2/24.0/PHB) GPU/0-23000 (0/5000.0/LOC) GPU/0-41000 (2/24.0/PHB) GPU/0-61000 (2/24.0/PHB) GPU/0-81000 (3/16.0/SYS) GPU/0-a1000 (3/16.0/SYS) GPU/0-c1000 (3/16.0/SYS) GPU/0-e1000 (3/16.0/SYS) CPU/0-0 (1/24.0/PHB) CPU/0-1 (2/16.0/SYS) 
338c01042bed:5622:5634 [0] NCCL INFO GPU/0-41000 :GPU/0-1000 (2/24.0/PHB) GPU/0-23000 (2/24.0/PHB) GPU/0-41000 (0/5000.0/LOC) GPU/0-61000 (2/24.0/PHB) GPU/0-81000 (3/16.0/SYS) GPU/0-a1000 (3/16.0/SYS) GPU/0-c1000 (3/16.0/SYS) GPU/0-e1000 (3/16.0/SYS) CPU/0-0 (1/24.0/PHB) CPU/0-1 (2/16.0/SYS) 
338c01042bed:5622:5634 [0] NCCL INFO GPU/0-61000 :GPU/0-1000 (2/24.0/PHB) GPU/0-23000 (2/24.0/PHB) GPU/0-41000 (2/24.0/PHB) GPU/0-61000 (0/5000.0/LOC) GPU/0-81000 (3/16.0/SYS) GPU/0-a1000 (3/16.0/SYS) GPU/0-c1000 (3/16.0/SYS) GPU/0-e1000 (3/16.0/SYS) CPU/0-0 (1/24.0/PHB) CPU/0-1 (2/16.0/SYS) 
338c01042bed:5622:5634 [0] NCCL INFO GPU/0-81000 :GPU/0-1000 (3/16.0/SYS) GPU/0-23000 (3/16.0/SYS) GPU/0-41000 (3/16.0/SYS) GPU/0-61000 (3/16.0/SYS) GPU/0-81000 (0/5000.0/LOC) GPU/0-a1000 (2/24.0/PHB) GPU/0-c1000 (2/24.0/PHB) GPU/0-e1000 (2/24.0/PHB) CPU/0-0 (2/16.0/SYS) CPU/0-1 (1/24.0/PHB) 
338c01042bed:5622:5634 [0] NCCL INFO GPU/0-a1000 :GPU/0-1000 (3/16.0/SYS) GPU/0-23000 (3/16.0/SYS) GPU/0-41000 (3/16.0/SYS) GPU/0-61000 (3/16.0/SYS) GPU/0-81000 (2/24.0/PHB) GPU/0-a1000 (0/5000.0/LOC) GPU/0-c1000 (2/24.0/PHB) GPU/0-e1000 (2/24.0/PHB) CPU/0-0 (2/16.0/SYS) CPU/0-1 (1/24.0/PHB) 
338c01042bed:5622:5634 [0] NCCL INFO GPU/0-c1000 :GPU/0-1000 (3/16.0/SYS) GPU/0-23000 (3/16.0/SYS) GPU/0-41000 (3/16.0/SYS) GPU/0-61000 (3/16.0/SYS) GPU/0-81000 (2/24.0/PHB) GPU/0-a1000 (2/24.0/PHB) GPU/0-c1000 (0/5000.0/LOC) GPU/0-e1000 (2/24.0/PHB) CPU/0-0 (2/16.0/SYS) CPU/0-1 (1/24.0/PHB) 
338c01042bed:5622:5634 [0] NCCL INFO GPU/0-e1000 :GPU/0-1000 (3/16.0/SYS) GPU/0-23000 (3/16.0/SYS) GPU/0-41000 (3/16.0/SYS) GPU/0-61000 (3/16.0/SYS) GPU/0-81000 (2/24.0/PHB) GPU/0-a1000 (2/24.0/PHB) GPU/0-c1000 (2/24.0/PHB) GPU/0-e1000 (0/5000.0/LOC) CPU/0-0 (2/16.0/SYS) CPU/0-1 (1/24.0/PHB) 
338c01042bed:5622:5634 [0] NCCL INFO Setting affinity for GPU 0 to 04
338c01042bed:5622:5634 [0] NCCL INFO NVLS multicast support is not available on dev 0
338c01042bed:5622:5634 [0] NCCL INFO Pattern 4, crossNic 0, nChannels 1, bw 15.000000/15.000000, type SYS/PIX, sameChannels 1
338c01042bed:5622:5634 [0] NCCL INFO  0 : GPU/0 GPU/1 GPU/2 GPU/3 GPU/4 GPU/5 GPU/6 GPU/7
338c01042bed:5622:5636 [2] NCCL INFO === System : maxBw 24.0 totalBw 24.0 ===
338c01042bed:5622:5636 [2] NCCL INFO CPU/0-0 (1/2/-1)
338c01042bed:5622:5636 [2] NCCL INFO + PCI[5000.0] - NIC/0-0
338c01042bed:5622:5636 [2] NCCL INFO + PCI[24.0] - GPU/0-1000 (0)
338c01042bed:5622:5636 [2] NCCL INFO + PCI[24.0] - GPU/0-23000 (1)
338c01042bed:5622:5636 [2] NCCL INFO + PCI[24.0] - GPU/0-41000 (2)
338c01042bed:5622:5636 [2] NCCL INFO + PCI[24.0] - GPU/0-61000 (3)
338c01042bed:5622:5636 [2] NCCL INFO + SYS[16.0] - CPU/0-1
338c01042bed:5622:5636 [2] NCCL INFO CPU/0-1 (1/2/-1)
338c01042bed:5622:5636 [2] NCCL INFO + PCI[24.0] - GPU/0-81000 (4)
338c01042bed:5622:5636 [2] NCCL INFO + PCI[24.0] - GPU/0-a1000 (5)
338c01042bed:5622:5636 [2] NCCL INFO + PCI[24.0] - GPU/0-c1000 (6)
338c01042bed:5622:5636 [2] NCCL INFO + PCI[24.0] - GPU/0-e1000 (7)
338c01042bed:5622:5636 [2] NCCL INFO + SYS[16.0] - CPU/0-0
338c01042bed:5622:5636 [2] NCCL INFO ==========================================
338c01042bed:5622:5636 [2] NCCL INFO GPU/0-1000 :GPU/0-1000 (0/5000.0/LOC) GPU/0-23000 (2/24.0/PHB) GPU/0-41000 (2/24.0/PHB) GPU/0-61000 (2/24.0/PHB) GPU/0-81000 (3/16.0/SYS) GPU/0-a1000 (3/16.0/SYS) GPU/0-c1000 (3/16.0/SYS) GPU/0-e1000 (3/16.0/SYS) CPU/0-0 (1/24.0/PHB) CPU/0-1 (2/16.0/SYS) 
338c01042bed:5622:5636 [2] NCCL INFO GPU/0-23000 :GPU/0-1000 (2/24.0/PHB) GPU/0-23000 (0/5000.0/LOC) GPU/0-41000 (2/24.0/PHB) GPU/0-61000 (2/24.0/PHB) GPU/0-81000 (3/16.0/SYS) GPU/0-a1000 (3/16.0/SYS) GPU/0-c1000 (3/16.0/SYS) GPU/0-e1000 (3/16.0/SYS) CPU/0-0 (1/24.0/PHB) CPU/0-1 (2/16.0/SYS) 
338c01042bed:5622:5636 [2] NCCL INFO GPU/0-41000 :GPU/0-1000 (2/24.0/PHB) GPU/0-23000 (2/24.0/PHB) GPU/0-41000 (0/5000.0/LOC) GPU/0-61000 (2/24.0/PHB) GPU/0-81000 (3/16.0/SYS) GPU/0-a1000 (3/16.0/SYS) GPU/0-c1000 (3/16.0/SYS) GPU/0-e1000 (3/16.0/SYS) CPU/0-0 (1/24.0/PHB) CPU/0-1 (2/16.0/SYS) 
338c01042bed:5622:5636 [2] NCCL INFO GPU/0-61000 :GPU/0-1000 (2/24.0/PHB) GPU/0-23000 (2/24.0/PHB) GPU/0-41000 (2/24.0/PHB) GPU/0-61000 (0/5000.0/LOC) GPU/0-81000 (3/16.0/SYS) GPU/0-a1000 (3/16.0/SYS) GPU/0-c1000 (3/16.0/SYS) GPU/0-e1000 (3/16.0/SYS) CPU/0-0 (1/24.0/PHB) CPU/0-1 (2/16.0/SYS) 
338c01042bed:5622:5636 [2] NCCL INFO GPU/0-81000 :GPU/0-1000 (3/16.0/SYS) GPU/0-23000 (3/16.0/SYS) GPU/0-41000 (3/16.0/SYS) GPU/0-61000 (3/16.0/SYS) GPU/0-81000 (0/5000.0/LOC) GPU/0-a1000 (2/24.0/PHB) GPU/0-c1000 (2/24.0/PHB) GPU/0-e1000 (2/24.0/PHB) CPU/0-0 (2/16.0/SYS) CPU/0-1 (1/24.0/PHB) 
338c01042bed:5622:5636 [2] NCCL INFO GPU/0-a1000 :GPU/0-1000 (3/16.0/SYS) GPU/0-23000 (3/16.0/SYS) GPU/0-41000 (3/16.0/SYS) GPU/0-61000 (3/16.0/SYS) GPU/0-81000 (2/24.0/PHB) GPU/0-a1000 (0/5000.0/LOC) GPU/0-c1000 (2/24.0/PHB) GPU/0-e1000 (2/24.0/PHB) CPU/0-0 (2/16.0/SYS) CPU/0-1 (1/24.0/PHB) 
338c01042bed:5622:5636 [2] NCCL INFO GPU/0-c1000 :GPU/0-1000 (3/16.0/SYS) GPU/0-23000 (3/16.0/SYS) GPU/0-41000 (3/16.0/SYS) GPU/0-61000 (3/16.0/SYS) GPU/0-81000 (2/24.0/PHB) GPU/0-a1000 (2/24.0/PHB) GPU/0-c1000 (0/5000.0/LOC) GPU/0-e1000 (2/24.0/PHB) CPU/0-0 (2/16.0/SYS) CPU/0-1 (1/24.0/PHB) 
338c01042bed:5622:5636 [2] NCCL INFO GPU/0-e1000 :GPU/0-1000 (3/16.0/SYS) GPU/0-23000 (3/16.0/SYS) GPU/0-41000 (3/16.0/SYS) GPU/0-61000 (3/16.0/SYS) GPU/0-81000 (2/24.0/PHB) GPU/0-a1000 (2/24.0/PHB) GPU/0-c1000 (2/24.0/PHB) GPU/0-e1000 (0/5000.0/LOC) CPU/0-0 (2/16.0/SYS) CPU/0-1 (1/24.0/PHB) 
338c01042bed:5622:5636 [2] NCCL INFO Setting affinity for GPU 2 to 04
338c01042bed:5622:5636 [2] NCCL INFO NVLS multicast support is not available on dev 2
338c01042bed:5622:5636 [2] NCCL INFO Pattern 4, crossNic 0, nChannels 1, bw 15.000000/15.000000, type SYS/PIX, sameChannels 1
338c01042bed:5622:5636 [2] NCCL INFO  0 : GPU/0 GPU/1 GPU/2 GPU/3 GPU/4 GPU/5 GPU/6 GPU/7
338c01042bed:5622:5636 [2] NCCL INFO Pattern 1, crossNic 0, nChannels 1, bw 15.000000/15.000000, type SYS/PIX, sameChannels 1
338c01042bed:5622:5636 [2] NCCL INFO  0 : GPU/0 GPU/1 GPU/2 GPU/3 GPU/4 GPU/5 GPU/6 GPU/7
338c01042bed:5622:5634 [0] NCCL INFO Pattern 1, crossNic 0, nChannels 1, bw 15.000000/15.000000, type SYS/PIX, sameChannels 1
338c01042bed:5622:5634 [0] NCCL INFO  0 : GPU/0 GPU/1 GPU/2 GPU/3 GPU/4 GPU/5 GPU/6 GPU/7
338c01042bed:5622:5641 [7] NCCL INFO === System : maxBw 24.0 totalBw 24.0 ===
338c01042bed:5622:5641 [7] NCCL INFO CPU/0-0 (1/2/-1)
338c01042bed:5622:5641 [7] NCCL INFO + PCI[5000.0] - NIC/0-0
338c01042bed:5622:5641 [7] NCCL INFO + PCI[24.0] - GPU/0-1000 (0)
338c01042bed:5622:5641 [7] NCCL INFO + PCI[24.0] - GPU/0-23000 (1)
338c01042bed:5622:5641 [7] NCCL INFO + PCI[24.0] - GPU/0-41000 (2)
338c01042bed:5622:5641 [7] NCCL INFO + PCI[24.0] - GPU/0-61000 (3)
338c01042bed:5622:5641 [7] NCCL INFO + SYS[16.0] - CPU/0-1
338c01042bed:5622:5641 [7] NCCL INFO CPU/0-1 (1/2/-1)
338c01042bed:5622:5641 [7] NCCL INFO + PCI[24.0] - GPU/0-81000 (4)
338c01042bed:5622:5641 [7] NCCL INFO + PCI[24.0] - GPU/0-a1000 (5)
338c01042bed:5622:5641 [7] NCCL INFO + PCI[24.0] - GPU/0-c1000 (6)
338c01042bed:5622:5641 [7] NCCL INFO + PCI[24.0] - GPU/0-e1000 (7)
338c01042bed:5622:5641 [7] NCCL INFO + SYS[16.0] - CPU/0-0
338c01042bed:5622:5641 [7] NCCL INFO ==========================================
338c01042bed:5622:5641 [7] NCCL INFO GPU/0-1000 :GPU/0-1000 (0/5000.0/LOC) GPU/0-23000 (2/24.0/PHB) GPU/0-41000 (2/24.0/PHB) GPU/0-61000 (2/24.0/PHB) GPU/0-81000 (3/16.0/SYS) GPU/0-a1000 (3/16.0/SYS) GPU/0-c1000 (3/16.0/SYS) GPU/0-e1000 (3/16.0/SYS) CPU/0-0 (1/24.0/PHB) CPU/0-1 (2/16.0/SYS) 
338c01042bed:5622:5641 [7] NCCL INFO GPU/0-23000 :GPU/0-1000 (2/24.0/PHB) GPU/0-23000 (0/5000.0/LOC) GPU/0-41000 (2/24.0/PHB) GPU/0-61000 (2/24.0/PHB) GPU/0-81000 (3/16.0/SYS) GPU/0-a1000 (3/16.0/SYS) GPU/0-c1000 (3/16.0/SYS) GPU/0-e1000 (3/16.0/SYS) CPU/0-0 (1/24.0/PHB) CPU/0-1 (2/16.0/SYS) 
338c01042bed:5622:5641 [7] NCCL INFO GPU/0-41000 :GPU/0-1000 (2/24.0/PHB) GPU/0-23000 (2/24.0/PHB) GPU/0-41000 (0/5000.0/LOC) GPU/0-61000 (2/24.0/PHB) GPU/0-81000 (3/16.0/SYS) GPU/0-a1000 (3/16.0/SYS) GPU/0-c1000 (3/16.0/SYS) GPU/0-e1000 (3/16.0/SYS) CPU/0-0 (1/24.0/PHB) CPU/0-1 (2/16.0/SYS) 
338c01042bed:5622:5641 [7] NCCL INFO GPU/0-61000 :GPU/0-1000 (2/24.0/PHB) GPU/0-23000 (2/24.0/PHB) GPU/0-41000 (2/24.0/PHB) GPU/0-61000 (0/5000.0/LOC) GPU/0-81000 (3/16.0/SYS) GPU/0-a1000 (3/16.0/SYS) GPU/0-c1000 (3/16.0/SYS) GPU/0-e1000 (3/16.0/SYS) CPU/0-0 (1/24.0/PHB) CPU/0-1 (2/16.0/SYS) 
338c01042bed:5622:5641 [7] NCCL INFO GPU/0-81000 :GPU/0-1000 (3/16.0/SYS) GPU/0-23000 (3/16.0/SYS) GPU/0-41000 (3/16.0/SYS) GPU/0-61000 (3/16.0/SYS) GPU/0-81000 (0/5000.0/LOC) GPU/0-a1000 (2/24.0/PHB) GPU/0-c1000 (2/24.0/PHB) GPU/0-e1000 (2/24.0/PHB) CPU/0-0 (2/16.0/SYS) CPU/0-1 (1/24.0/PHB) 
338c01042bed:5622:5641 [7] NCCL INFO GPU/0-a1000 :GPU/0-1000 (3/16.0/SYS) GPU/0-23000 (3/16.0/SYS) GPU/0-41000 (3/16.0/SYS) GPU/0-61000 (3/16.0/SYS) GPU/0-81000 (2/24.0/PHB) GPU/0-a1000 (0/5000.0/LOC) GPU/0-c1000 (2/24.0/PHB) GPU/0-e1000 (2/24.0/PHB) CPU/0-0 (2/16.0/SYS) CPU/0-1 (1/24.0/PHB) 
338c01042bed:5622:5641 [7] NCCL INFO GPU/0-c1000 :GPU/0-1000 (3/16.0/SYS) GPU/0-23000 (3/16.0/SYS) GPU/0-41000 (3/16.0/SYS) GPU/0-61000 (3/16.0/SYS) GPU/0-81000 (2/24.0/PHB) GPU/0-a1000 (2/24.0/PHB) GPU/0-c1000 (0/5000.0/LOC) GPU/0-e1000 (2/24.0/PHB) CPU/0-0 (2/16.0/SYS) CPU/0-1 (1/24.0/PHB) 
338c01042bed:5622:5641 [7] NCCL INFO GPU/0-e1000 :GPU/0-1000 (3/16.0/SYS) GPU/0-23000 (3/16.0/SYS) GPU/0-41000 (3/16.0/SYS) GPU/0-61000 (3/16.0/SYS) GPU/0-81000 (2/24.0/PHB) GPU/0-a1000 (2/24.0/PHB) GPU/0-c1000 (2/24.0/PHB) GPU/0-e1000 (0/5000.0/LOC) CPU/0-0 (2/16.0/SYS) CPU/0-1 (1/24.0/PHB) 
338c01042bed:5622:5641 [7] NCCL INFO NVLS multicast support is not available on dev 7
338c01042bed:5622:5641 [7] NCCL INFO Pattern 4, crossNic 0, nChannels 1, bw 15.000000/15.000000, type SYS/PIX, sameChannels 1
338c01042bed:5622:5641 [7] NCCL INFO  0 : GPU/0 GPU/1 GPU/2 GPU/3 GPU/4 GPU/5 GPU/6 GPU/7
338c01042bed:5622:5641 [7] NCCL INFO Pattern 1, crossNic 0, nChannels 1, bw 15.000000/15.000000, type SYS/PIX, sameChannels 1
338c01042bed:5622:5641 [7] NCCL INFO  0 : GPU/0 GPU/1 GPU/2 GPU/3 GPU/4 GPU/5 GPU/6 GPU/7
338c01042bed:5622:5637 [3] NCCL INFO === System : maxBw 24.0 totalBw 24.0 ===
338c01042bed:5622:5637 [3] NCCL INFO CPU/0-0 (1/2/-1)
338c01042bed:5622:5637 [3] NCCL INFO + PCI[5000.0] - NIC/0-0
338c01042bed:5622:5637 [3] NCCL INFO + PCI[24.0] - GPU/0-1000 (0)
338c01042bed:5622:5637 [3] NCCL INFO + PCI[24.0] - GPU/0-23000 (1)
338c01042bed:5622:5637 [3] NCCL INFO + PCI[24.0] - GPU/0-41000 (2)
338c01042bed:5622:5637 [3] NCCL INFO + PCI[24.0] - GPU/0-61000 (3)
338c01042bed:5622:5637 [3] NCCL INFO + SYS[16.0] - CPU/0-1
338c01042bed:5622:5637 [3] NCCL INFO CPU/0-1 (1/2/-1)
338c01042bed:5622:5637 [3] NCCL INFO + PCI[24.0] - GPU/0-81000 (4)
338c01042bed:5622:5637 [3] NCCL INFO + PCI[24.0] - GPU/0-a1000 (5)
338c01042bed:5622:5637 [3] NCCL INFO + PCI[24.0] - GPU/0-c1000 (6)
338c01042bed:5622:5637 [3] NCCL INFO + PCI[24.0] - GPU/0-e1000 (7)
338c01042bed:5622:5637 [3] NCCL INFO + SYS[16.0] - CPU/0-0
338c01042bed:5622:5637 [3] NCCL INFO ==========================================
338c01042bed:5622:5637 [3] NCCL INFO GPU/0-1000 :GPU/0-1000 (0/5000.0/LOC) GPU/0-23000 (2/24.0/PHB) GPU/0-41000 (2/24.0/PHB) GPU/0-61000 (2/24.0/PHB) GPU/0-81000 (3/16.0/SYS) GPU/0-a1000 (3/16.0/SYS) GPU/0-c1000 (3/16.0/SYS) GPU/0-e1000 (3/16.0/SYS) CPU/0-0 (1/24.0/PHB) CPU/0-1 (2/16.0/SYS) 
338c01042bed:5622:5637 [3] NCCL INFO GPU/0-23000 :GPU/0-1000 (2/24.0/PHB) GPU/0-23000 (0/5000.0/LOC) GPU/0-41000 (2/24.0/PHB) GPU/0-61000 (2/24.0/PHB) GPU/0-81000 (3/16.0/SYS) GPU/0-a1000 (3/16.0/SYS) GPU/0-c1000 (3/16.0/SYS) GPU/0-e1000 (3/16.0/SYS) CPU/0-0 (1/24.0/PHB) CPU/0-1 (2/16.0/SYS) 
338c01042bed:5622:5637 [3] NCCL INFO GPU/0-41000 :GPU/0-1000 (2/24.0/PHB) GPU/0-23000 (2/24.0/PHB) GPU/0-41000 (0/5000.0/LOC) GPU/0-61000 (2/24.0/PHB) GPU/0-81000 (3/16.0/SYS) GPU/0-a1000 (3/16.0/SYS) GPU/0-c1000 (3/16.0/SYS) GPU/0-e1000 (3/16.0/SYS) CPU/0-0 (1/24.0/PHB) CPU/0-1 (2/16.0/SYS) 
338c01042bed:5622:5637 [3] NCCL INFO GPU/0-61000 :GPU/0-1000 (2/24.0/PHB) GPU/0-23000 (2/24.0/PHB) GPU/0-41000 (2/24.0/PHB) GPU/0-61000 (0/5000.0/LOC) GPU/0-81000 (3/16.0/SYS) GPU/0-a1000 (3/16.0/SYS) GPU/0-c1000 (3/16.0/SYS) GPU/0-e1000 (3/16.0/SYS) CPU/0-0 (1/24.0/PHB) CPU/0-1 (2/16.0/SYS) 
338c01042bed:5622:5637 [3] NCCL INFO GPU/0-81000 :GPU/0-1000 (3/16.0/SYS) GPU/0-23000 (3/16.0/SYS) GPU/0-41000 (3/16.0/SYS) GPU/0-61000 (3/16.0/SYS) GPU/0-81000 (0/5000.0/LOC) GPU/0-a1000 (2/24.0/PHB) GPU/0-c1000 (2/24.0/PHB) GPU/0-e1000 (2/24.0/PHB) CPU/0-0 (2/16.0/SYS) CPU/0-1 (1/24.0/PHB) 
338c01042bed:5622:5637 [3] NCCL INFO GPU/0-a1000 :GPU/0-1000 (3/16.0/SYS) GPU/0-23000 (3/16.0/SYS) GPU/0-41000 (3/16.0/SYS) GPU/0-61000 (3/16.0/SYS) GPU/0-81000 (2/24.0/PHB) GPU/0-a1000 (0/5000.0/LOC) GPU/0-c1000 (2/24.0/PHB) GPU/0-e1000 (2/24.0/PHB) CPU/0-0 (2/16.0/SYS) CPU/0-1 (1/24.0/PHB) 
338c01042bed:5622:5637 [3] NCCL INFO GPU/0-c1000 :GPU/0-1000 (3/16.0/SYS) GPU/0-23000 (3/16.0/SYS) GPU/0-41000 (3/16.0/SYS) GPU/0-61000 (3/16.0/SYS) GPU/0-81000 (2/24.0/PHB) GPU/0-a1000 (2/24.0/PHB) GPU/0-c1000 (0/5000.0/LOC) GPU/0-e1000 (2/24.0/PHB) CPU/0-0 (2/16.0/SYS) CPU/0-1 (1/24.0/PHB) 
338c01042bed:5622:5637 [3] NCCL INFO GPU/0-e1000 :GPU/0-1000 (3/16.0/SYS) GPU/0-23000 (3/16.0/SYS) GPU/0-41000 (3/16.0/SYS) GPU/0-61000 (3/16.0/SYS) GPU/0-81000 (2/24.0/PHB) GPU/0-a1000 (2/24.0/PHB) GPU/0-c1000 (2/24.0/PHB) GPU/0-e1000 (0/5000.0/LOC) CPU/0-0 (2/16.0/SYS) CPU/0-1 (1/24.0/PHB) 
338c01042bed:5622:5637 [3] NCCL INFO Setting affinity for GPU 3 to 04
338c01042bed:5622:5637 [3] NCCL INFO NVLS multicast support is not available on dev 3
338c01042bed:5622:5637 [3] NCCL INFO Pattern 4, crossNic 0, nChannels 1, bw 15.000000/15.000000, type SYS/PIX, sameChannels 1
338c01042bed:5622:5637 [3] NCCL INFO  0 : GPU/0 GPU/1 GPU/2 GPU/3 GPU/4 GPU/5 GPU/6 GPU/7
338c01042bed:5622:5637 [3] NCCL INFO Pattern 1, crossNic 0, nChannels 1, bw 15.000000/15.000000, type SYS/PIX, sameChannels 1
338c01042bed:5622:5637 [3] NCCL INFO  0 : GPU/0 GPU/1 GPU/2 GPU/3 GPU/4 GPU/5 GPU/6 GPU/7
338c01042bed:5622:5635 [1] NCCL INFO === System : maxBw 24.0 totalBw 24.0 ===
338c01042bed:5622:5635 [1] NCCL INFO CPU/0-0 (1/2/-1)
338c01042bed:5622:5635 [1] NCCL INFO + PCI[5000.0] - NIC/0-0
338c01042bed:5622:5635 [1] NCCL INFO + PCI[24.0] - GPU/0-1000 (0)
338c01042bed:5622:5635 [1] NCCL INFO + PCI[24.0] - GPU/0-23000 (1)
338c01042bed:5622:5635 [1] NCCL INFO + PCI[24.0] - GPU/0-41000 (2)
338c01042bed:5622:5635 [1] NCCL INFO + PCI[24.0] - GPU/0-61000 (3)
338c01042bed:5622:5635 [1] NCCL INFO + SYS[16.0] - CPU/0-1
338c01042bed:5622:5635 [1] NCCL INFO CPU/0-1 (1/2/-1)
338c01042bed:5622:5635 [1] NCCL INFO + PCI[24.0] - GPU/0-81000 (4)
338c01042bed:5622:5635 [1] NCCL INFO + PCI[24.0] - GPU/0-a1000 (5)
338c01042bed:5622:5635 [1] NCCL INFO + PCI[24.0] - GPU/0-c1000 (6)
338c01042bed:5622:5635 [1] NCCL INFO + PCI[24.0] - GPU/0-e1000 (7)
338c01042bed:5622:5635 [1] NCCL INFO + SYS[16.0] - CPU/0-0
338c01042bed:5622:5635 [1] NCCL INFO ==========================================
338c01042bed:5622:5635 [1] NCCL INFO GPU/0-1000 :GPU/0-1000 (0/5000.0/LOC) GPU/0-23000 (2/24.0/PHB) GPU/0-41000 (2/24.0/PHB) GPU/0-61000 (2/24.0/PHB) GPU/0-81000 (3/16.0/SYS) GPU/0-a1000 (3/16.0/SYS) GPU/0-c1000 (3/16.0/SYS) GPU/0-e1000 (3/16.0/SYS) CPU/0-0 (1/24.0/PHB) CPU/0-1 (2/16.0/SYS) 
338c01042bed:5622:5635 [1] NCCL INFO GPU/0-23000 :GPU/0-1000 (2/24.0/PHB) GPU/0-23000 (0/5000.0/LOC) GPU/0-41000 (2/24.0/PHB) GPU/0-61000 (2/24.0/PHB) GPU/0-81000 (3/16.0/SYS) GPU/0-a1000 (3/16.0/SYS) GPU/0-c1000 (3/16.0/SYS) GPU/0-e1000 (3/16.0/SYS) CPU/0-0 (1/24.0/PHB) CPU/0-1 (2/16.0/SYS) 
338c01042bed:5622:5635 [1] NCCL INFO GPU/0-41000 :GPU/0-1000 (2/24.0/PHB) GPU/0-23000 (2/24.0/PHB) GPU/0-41000 (0/5000.0/LOC) GPU/0-61000 (2/24.0/PHB) GPU/0-81000 (3/16.0/SYS) GPU/0-a1000 (3/16.0/SYS) GPU/0-c1000 (3/16.0/SYS) GPU/0-e1000 (3/16.0/SYS) CPU/0-0 (1/24.0/PHB) CPU/0-1 (2/16.0/SYS) 
338c01042bed:5622:5635 [1] NCCL INFO GPU/0-61000 :GPU/0-1000 (2/24.0/PHB) GPU/0-23000 (2/24.0/PHB) GPU/0-41000 (2/24.0/PHB) GPU/0-61000 (0/5000.0/LOC) GPU/0-81000 (3/16.0/SYS) GPU/0-a1000 (3/16.0/SYS) GPU/0-c1000 (3/16.0/SYS) GPU/0-e1000 (3/16.0/SYS) CPU/0-0 (1/24.0/PHB) CPU/0-1 (2/16.0/SYS) 
338c01042bed:5622:5635 [1] NCCL INFO GPU/0-81000 :GPU/0-1000 (3/16.0/SYS) GPU/0-23000 (3/16.0/SYS) GPU/0-41000 (3/16.0/SYS) GPU/0-61000 (3/16.0/SYS) GPU/0-81000 (0/5000.0/LOC) GPU/0-a1000 (2/24.0/PHB) GPU/0-c1000 (2/24.0/PHB) GPU/0-e1000 (2/24.0/PHB) CPU/0-0 (2/16.0/SYS) CPU/0-1 (1/24.0/PHB) 
338c01042bed:5622:5635 [1] NCCL INFO GPU/0-a1000 :GPU/0-1000 (3/16.0/SYS) GPU/0-23000 (3/16.0/SYS) GPU/0-41000 (3/16.0/SYS) GPU/0-61000 (3/16.0/SYS) GPU/0-81000 (2/24.0/PHB) GPU/0-a1000 (0/5000.0/LOC) GPU/0-c1000 (2/24.0/PHB) GPU/0-e1000 (2/24.0/PHB) CPU/0-0 (2/16.0/SYS) CPU/0-1 (1/24.0/PHB) 
338c01042bed:5622:5635 [1] NCCL INFO GPU/0-c1000 :GPU/0-1000 (3/16.0/SYS) GPU/0-23000 (3/16.0/SYS) GPU/0-41000 (3/16.0/SYS) GPU/0-61000 (3/16.0/SYS) GPU/0-81000 (2/24.0/PHB) GPU/0-a1000 (2/24.0/PHB) GPU/0-c1000 (0/5000.0/LOC) GPU/0-e1000 (2/24.0/PHB) CPU/0-0 (2/16.0/SYS) CPU/0-1 (1/24.0/PHB) 
338c01042bed:5622:5635 [1] NCCL INFO GPU/0-e1000 :GPU/0-1000 (3/16.0/SYS) GPU/0-23000 (3/16.0/SYS) GPU/0-41000 (3/16.0/SYS) GPU/0-61000 (3/16.0/SYS) GPU/0-81000 (2/24.0/PHB) GPU/0-a1000 (2/24.0/PHB) GPU/0-c1000 (2/24.0/PHB) GPU/0-e1000 (0/5000.0/LOC) CPU/0-0 (2/16.0/SYS) CPU/0-1 (1/24.0/PHB) 
338c01042bed:5622:5635 [1] NCCL INFO Setting affinity for GPU 1 to 04
338c01042bed:5622:5635 [1] NCCL INFO NVLS multicast support is not available on dev 1
338c01042bed:5622:5635 [1] NCCL INFO Pattern 4, crossNic 0, nChannels 1, bw 15.000000/15.000000, type SYS/PIX, sameChannels 1
338c01042bed:5622:5635 [1] NCCL INFO  0 : GPU/0 GPU/1 GPU/2 GPU/3 GPU/4 GPU/5 GPU/6 GPU/7
338c01042bed:5622:5635 [1] NCCL INFO Pattern 1, crossNic 0, nChannels 1, bw 15.000000/15.000000, type SYS/PIX, sameChannels 1
338c01042bed:5622:5635 [1] NCCL INFO  0 : GPU/0 GPU/1 GPU/2 GPU/3 GPU/4 GPU/5 GPU/6 GPU/7
338c01042bed:5622:5639 [5] NCCL INFO === System : maxBw 24.0 totalBw 24.0 ===
338c01042bed:5622:5639 [5] NCCL INFO CPU/0-0 (1/2/-1)
338c01042bed:5622:5639 [5] NCCL INFO + PCI[5000.0] - NIC/0-0
338c01042bed:5622:5639 [5] NCCL INFO + PCI[24.0] - GPU/0-1000 (0)
338c01042bed:5622:5639 [5] NCCL INFO + PCI[24.0] - GPU/0-23000 (1)
338c01042bed:5622:5639 [5] NCCL INFO + PCI[24.0] - GPU/0-41000 (2)
338c01042bed:5622:5639 [5] NCCL INFO + PCI[24.0] - GPU/0-61000 (3)
338c01042bed:5622:5639 [5] NCCL INFO + SYS[16.0] - CPU/0-1
338c01042bed:5622:5639 [5] NCCL INFO CPU/0-1 (1/2/-1)
338c01042bed:5622:5639 [5] NCCL INFO + PCI[24.0] - GPU/0-81000 (4)
338c01042bed:5622:5639 [5] NCCL INFO + PCI[24.0] - GPU/0-a1000 (5)
338c01042bed:5622:5639 [5] NCCL INFO + PCI[24.0] - GPU/0-c1000 (6)
338c01042bed:5622:5639 [5] NCCL INFO + PCI[24.0] - GPU/0-e1000 (7)
338c01042bed:5622:5639 [5] NCCL INFO + SYS[16.0] - CPU/0-0
338c01042bed:5622:5639 [5] NCCL INFO ==========================================
338c01042bed:5622:5639 [5] NCCL INFO GPU/0-1000 :GPU/0-1000 (0/5000.0/LOC) GPU/0-23000 (2/24.0/PHB) GPU/0-41000 (2/24.0/PHB) GPU/0-61000 (2/24.0/PHB) GPU/0-81000 (3/16.0/SYS) GPU/0-a1000 (3/16.0/SYS) GPU/0-c1000 (3/16.0/SYS) GPU/0-e1000 (3/16.0/SYS) CPU/0-0 (1/24.0/PHB) CPU/0-1 (2/16.0/SYS) 
338c01042bed:5622:5639 [5] NCCL INFO GPU/0-23000 :GPU/0-1000 (2/24.0/PHB) GPU/0-23000 (0/5000.0/LOC) GPU/0-41000 (2/24.0/PHB) GPU/0-61000 (2/24.0/PHB) GPU/0-81000 (3/16.0/SYS) GPU/0-a1000 (3/16.0/SYS) GPU/0-c1000 (3/16.0/SYS) GPU/0-e1000 (3/16.0/SYS) CPU/0-0 (1/24.0/PHB) CPU/0-1 (2/16.0/SYS) 
338c01042bed:5622:5639 [5] NCCL INFO GPU/0-41000 :GPU/0-1000 (2/24.0/PHB) GPU/0-23000 (2/24.0/PHB) GPU/0-41000 (0/5000.0/LOC) GPU/0-61000 (2/24.0/PHB) GPU/0-81000 (3/16.0/SYS) GPU/0-a1000 (3/16.0/SYS) GPU/0-c1000 (3/16.0/SYS) GPU/0-e1000 (3/16.0/SYS) CPU/0-0 (1/24.0/PHB) CPU/0-1 (2/16.0/SYS) 
338c01042bed:5622:5639 [5] NCCL INFO GPU/0-61000 :GPU/0-1000 (2/24.0/PHB) GPU/0-23000 (2/24.0/PHB) GPU/0-41000 (2/24.0/PHB) GPU/0-61000 (0/5000.0/LOC) GPU/0-81000 (3/16.0/SYS) GPU/0-a1000 (3/16.0/SYS) GPU/0-c1000 (3/16.0/SYS) GPU/0-e1000 (3/16.0/SYS) CPU/0-0 (1/24.0/PHB) CPU/0-1 (2/16.0/SYS) 
338c01042bed:5622:5639 [5] NCCL INFO GPU/0-81000 :GPU/0-1000 (3/16.0/SYS) GPU/0-23000 (3/16.0/SYS) GPU/0-41000 (3/16.0/SYS) GPU/0-61000 (3/16.0/SYS) GPU/0-81000 (0/5000.0/LOC) GPU/0-a1000 (2/24.0/PHB) GPU/0-c1000 (2/24.0/PHB) GPU/0-e1000 (2/24.0/PHB) CPU/0-0 (2/16.0/SYS) CPU/0-1 (1/24.0/PHB) 
338c01042bed:5622:5639 [5] NCCL INFO GPU/0-a1000 :GPU/0-1000 (3/16.0/SYS) GPU/0-23000 (3/16.0/SYS) GPU/0-41000 (3/16.0/SYS) GPU/0-61000 (3/16.0/SYS) GPU/0-81000 (2/24.0/PHB) GPU/0-a1000 (0/5000.0/LOC) GPU/0-c1000 (2/24.0/PHB) GPU/0-e1000 (2/24.0/PHB) CPU/0-0 (2/16.0/SYS) CPU/0-1 (1/24.0/PHB) 
338c01042bed:5622:5639 [5] NCCL INFO GPU/0-c1000 :GPU/0-1000 (3/16.0/SYS) GPU/0-23000 (3/16.0/SYS) GPU/0-41000 (3/16.0/SYS) GPU/0-61000 (3/16.0/SYS) GPU/0-81000 (2/24.0/PHB) GPU/0-a1000 (2/24.0/PHB) GPU/0-c1000 (0/5000.0/LOC) GPU/0-e1000 (2/24.0/PHB) CPU/0-0 (2/16.0/SYS) CPU/0-1 (1/24.0/PHB) 
338c01042bed:5622:5639 [5] NCCL INFO GPU/0-e1000 :GPU/0-1000 (3/16.0/SYS) GPU/0-23000 (3/16.0/SYS) GPU/0-41000 (3/16.0/SYS) GPU/0-61000 (3/16.0/SYS) GPU/0-81000 (2/24.0/PHB) GPU/0-a1000 (2/24.0/PHB) GPU/0-c1000 (2/24.0/PHB) GPU/0-e1000 (0/5000.0/LOC) CPU/0-0 (2/16.0/SYS) CPU/0-1 (1/24.0/PHB) 
338c01042bed:5622:5639 [5] NCCL INFO NVLS multicast support is not available on dev 5
338c01042bed:5622:5640 [6] NCCL INFO === System : maxBw 24.0 totalBw 24.0 ===
338c01042bed:5622:5640 [6] NCCL INFO CPU/0-0 (1/2/-1)
338c01042bed:5622:5640 [6] NCCL INFO + PCI[5000.0] - NIC/0-0
338c01042bed:5622:5640 [6] NCCL INFO + PCI[24.0] - GPU/0-1000 (0)
338c01042bed:5622:5640 [6] NCCL INFO + PCI[24.0] - GPU/0-23000 (1)
338c01042bed:5622:5640 [6] NCCL INFO + PCI[24.0] - GPU/0-41000 (2)
338c01042bed:5622:5640 [6] NCCL INFO + PCI[24.0] - GPU/0-61000 (3)
338c01042bed:5622:5640 [6] NCCL INFO + SYS[16.0] - CPU/0-1
338c01042bed:5622:5640 [6] NCCL INFO CPU/0-1 (1/2/-1)
338c01042bed:5622:5640 [6] NCCL INFO + PCI[24.0] - GPU/0-81000 (4)
338c01042bed:5622:5640 [6] NCCL INFO + PCI[24.0] - GPU/0-a1000 (5)
338c01042bed:5622:5640 [6] NCCL INFO + PCI[24.0] - GPU/0-c1000 (6)
338c01042bed:5622:5640 [6] NCCL INFO + PCI[24.0] - GPU/0-e1000 (7)
338c01042bed:5622:5640 [6] NCCL INFO + SYS[16.0] - CPU/0-0
338c01042bed:5622:5640 [6] NCCL INFO ==========================================
338c01042bed:5622:5640 [6] NCCL INFO GPU/0-1000 :GPU/0-1000 (0/5000.0/LOC) GPU/0-23000 (2/24.0/PHB) GPU/0-41000 (2/24.0/PHB) GPU/0-61000 (2/24.0/PHB) GPU/0-81000 (3/16.0/SYS) GPU/0-a1000 (3/16.0/SYS) GPU/0-c1000 (3/16.0/SYS) GPU/0-e1000 (3/16.0/SYS) CPU/0-0 (1/24.0/PHB) CPU/0-1 (2/16.0/SYS) 
338c01042bed:5622:5640 [6] NCCL INFO GPU/0-23000 :GPU/0-1000 (2/24.0/PHB) GPU/0-23000 (0/5000.0/LOC) GPU/0-41000 (2/24.0/PHB) GPU/0-61000 (2/24.0/PHB) GPU/0-81000 (3/16.0/SYS) GPU/0-a1000 (3/16.0/SYS) GPU/0-c1000 (3/16.0/SYS) GPU/0-e1000 (3/16.0/SYS) CPU/0-0 (1/24.0/PHB) CPU/0-1 (2/16.0/SYS) 
338c01042bed:5622:5640 [6] NCCL INFO GPU/0-41000 :GPU/0-1000 (2/24.0/PHB) GPU/0-23000 (2/24.0/PHB) GPU/0-41000 (0/5000.0/LOC) GPU/0-61000 (2/24.0/PHB) GPU/0-81000 (3/16.0/SYS) GPU/0-a1000 (3/16.0/SYS) GPU/0-c1000 (3/16.0/SYS) GPU/0-e1000 (3/16.0/SYS) CPU/0-0 (1/24.0/PHB) CPU/0-1 (2/16.0/SYS) 
338c01042bed:5622:5640 [6] NCCL INFO GPU/0-61000 :GPU/0-1000 (2/24.0/PHB) GPU/0-23000 (2/24.0/PHB) GPU/0-41000 (2/24.0/PHB) GPU/0-61000 (0/5000.0/LOC) GPU/0-81000 (3/16.0/SYS) GPU/0-a1000 (3/16.0/SYS) GPU/0-c1000 (3/16.0/SYS) GPU/0-e1000 (3/16.0/SYS) CPU/0-0 (1/24.0/PHB) CPU/0-1 (2/16.0/SYS) 
338c01042bed:5622:5640 [6] NCCL INFO GPU/0-81000 :GPU/0-1000 (3/16.0/SYS) GPU/0-23000 (3/16.0/SYS) GPU/0-41000 (3/16.0/SYS) GPU/0-61000 (3/16.0/SYS) GPU/0-81000 (0/5000.0/LOC) GPU/0-a1000 (2/24.0/PHB) GPU/0-c1000 (2/24.0/PHB) GPU/0-e1000 (2/24.0/PHB) CPU/0-0 (2/16.0/SYS) CPU/0-1 (1/24.0/PHB) 
338c01042bed:5622:5640 [6] NCCL INFO GPU/0-a1000 :GPU/0-1000 (3/16.0/SYS) GPU/0-23000 (3/16.0/SYS) GPU/0-41000 (3/16.0/SYS) GPU/0-61000 (3/16.0/SYS) GPU/0-81000 (2/24.0/PHB) GPU/0-a1000 (0/5000.0/LOC) GPU/0-c1000 (2/24.0/PHB) GPU/0-e1000 (2/24.0/PHB) CPU/0-0 (2/16.0/SYS) CPU/0-1 (1/24.0/PHB) 
338c01042bed:5622:5640 [6] NCCL INFO GPU/0-c1000 :GPU/0-1000 (3/16.0/SYS) GPU/0-23000 (3/16.0/SYS) GPU/0-41000 (3/16.0/SYS) GPU/0-61000 (3/16.0/SYS) GPU/0-81000 (2/24.0/PHB) GPU/0-a1000 (2/24.0/PHB) GPU/0-c1000 (0/5000.0/LOC) GPU/0-e1000 (2/24.0/PHB) CPU/0-0 (2/16.0/SYS) CPU/0-1 (1/24.0/PHB) 
338c01042bed:5622:5640 [6] NCCL INFO GPU/0-e1000 :GPU/0-1000 (3/16.0/SYS) GPU/0-23000 (3/16.0/SYS) GPU/0-41000 (3/16.0/SYS) GPU/0-61000 (3/16.0/SYS) GPU/0-81000 (2/24.0/PHB) GPU/0-a1000 (2/24.0/PHB) GPU/0-c1000 (2/24.0/PHB) GPU/0-e1000 (0/5000.0/LOC) CPU/0-0 (2/16.0/SYS) CPU/0-1 (1/24.0/PHB) 
338c01042bed:5622:5640 [6] NCCL INFO NVLS multicast support is not available on dev 6
338c01042bed:5622:5639 [5] NCCL INFO Pattern 4, crossNic 0, nChannels 1, bw 15.000000/15.000000, type SYS/PIX, sameChannels 1
338c01042bed:5622:5639 [5] NCCL INFO  0 : GPU/0 GPU/1 GPU/2 GPU/3 GPU/4 GPU/5 GPU/6 GPU/7
338c01042bed:5622:5640 [6] NCCL INFO Pattern 4, crossNic 0, nChannels 1, bw 15.000000/15.000000, type SYS/PIX, sameChannels 1
338c01042bed:5622:5640 [6] NCCL INFO  0 : GPU/0 GPU/1 GPU/2 GPU/3 GPU/4 GPU/5 GPU/6 GPU/7
338c01042bed:5622:5639 [5] NCCL INFO Pattern 1, crossNic 0, nChannels 1, bw 15.000000/15.000000, type SYS/PIX, sameChannels 1
338c01042bed:5622:5639 [5] NCCL INFO  0 : GPU/0 GPU/1 GPU/2 GPU/3 GPU/4 GPU/5 GPU/6 GPU/7
338c01042bed:5622:5640 [6] NCCL INFO Pattern 1, crossNic 0, nChannels 1, bw 15.000000/15.000000, type SYS/PIX, sameChannels 1
338c01042bed:5622:5640 [6] NCCL INFO  0 : GPU/0 GPU/1 GPU/2 GPU/3 GPU/4 GPU/5 GPU/6 GPU/7
338c01042bed:5622:5639 [5] NCCL INFO comm 0x5d6473f06270 rank 5 nRanks 8 nNodes 1 localRanks 8 localRank 5 MNNVL 0
338c01042bed:5622:5639 [5] NCCL INFO Ring 00 : 4 -> 5 -> 6
338c01042bed:5622:5639 [5] NCCL INFO Ring 01 : 4 -> 5 -> 6
338c01042bed:5622:5639 [5] NCCL INFO Trees [0] 6/-1/-1->5->4 [1] 6/-1/-1->5->4
338c01042bed:5622:5639 [5] NCCL INFO P2P Chunksize set to 131072
338c01042bed:5622:5640 [6] NCCL INFO comm 0x5d6473f4d780 rank 6 nRanks 8 nNodes 1 localRanks 8 localRank 6 MNNVL 0
338c01042bed:5622:5640 [6] NCCL INFO Ring 00 : 5 -> 6 -> 7
338c01042bed:5622:5640 [6] NCCL INFO Ring 01 : 5 -> 6 -> 7
338c01042bed:5622:5640 [6] NCCL INFO Trees [0] 7/-1/-1->6->5 [1] 7/-1/-1->6->5
338c01042bed:5622:5640 [6] NCCL INFO P2P Chunksize set to 131072
338c01042bed:5622:5634 [0] NCCL INFO comm 0x5d6473da1160 rank 0 nRanks 8 nNodes 1 localRanks 8 localRank 0 MNNVL 0
338c01042bed:5622:5634 [0] NCCL INFO Tree 0 : -1 -> 0 -> 1/-1/-1
338c01042bed:5622:5634 [0] NCCL INFO Tree 1 : -1 -> 0 -> 1/-1/-1
338c01042bed:5622:5635 [1] NCCL INFO comm 0x5d6473de89c0 rank 1 nRanks 8 nNodes 1 localRanks 8 localRank 1 MNNVL 0
338c01042bed:5622:5635 [1] NCCL INFO Tree 0 : 0 -> 1 -> 2/-1/-1
338c01042bed:5622:5635 [1] NCCL INFO Tree 1 : 0 -> 1 -> 2/-1/-1
338c01042bed:5622:5635 [1] NCCL INFO Ring 00 : 0 -> 1 -> 2
338c01042bed:5622:5635 [1] NCCL INFO Ring 01 : 0 -> 1 -> 2
338c01042bed:5622:5635 [1] NCCL INFO Trees [0] 2/-1/-1->1->0 [1] 2/-1/-1->1->0
338c01042bed:5622:5635 [1] NCCL INFO P2P Chunksize set to 131072
338c01042bed:5622:5636 [2] NCCL INFO comm 0x5d6473e30130 rank 2 nRanks 8 nNodes 1 localRanks 8 localRank 2 MNNVL 0
338c01042bed:5622:5636 [2] NCCL INFO Ring 00 : 1 -> 2 -> 3
338c01042bed:5622:5636 [2] NCCL INFO Ring 01 : 1 -> 2 -> 3
338c01042bed:5622:5636 [2] NCCL INFO Trees [0] 3/-1/-1->2->1 [1] 3/-1/-1->2->1
338c01042bed:5622:5636 [2] NCCL INFO P2P Chunksize set to 131072
338c01042bed:5622:5641 [7] NCCL INFO comm 0x5d6473f94c90 rank 7 nRanks 8 nNodes 1 localRanks 8 localRank 7 MNNVL 0
338c01042bed:5622:5641 [7] NCCL INFO Ring 00 : 6 -> 7 -> 0
338c01042bed:5622:5641 [7] NCCL INFO Ring 01 : 6 -> 7 -> 0
338c01042bed:5622:5641 [7] NCCL INFO Trees [0] -1/-1/-1->7->6 [1] -1/-1/-1->7->6
338c01042bed:5622:5641 [7] NCCL INFO P2P Chunksize set to 131072
338c01042bed:5622:5637 [3] NCCL INFO comm 0x5d6473e776f0 rank 3 nRanks 8 nNodes 1 localRanks 8 localRank 3 MNNVL 0
338c01042bed:5622:5637 [3] NCCL INFO Ring 00 : 2 -> 3 -> 4
338c01042bed:5622:5637 [3] NCCL INFO Ring 01 : 2 -> 3 -> 4
338c01042bed:5622:5637 [3] NCCL INFO Trees [0] 4/-1/-1->3->2 [1] 4/-1/-1->3->2
338c01042bed:5622:5637 [3] NCCL INFO P2P Chunksize set to 131072
338c01042bed:5622:5634 [0] NCCL INFO Channel 00/02 : 0 1 2 3 4 5 6 7
338c01042bed:5622:5634 [0] NCCL INFO Channel 01/02 : 0 1 2 3 4 5 6 7
338c01042bed:5622:5634 [0] NCCL INFO Ring 00 : 7 -> 0 -> 1
338c01042bed:5622:5634 [0] NCCL INFO Ring 01 : 7 -> 0 -> 1
338c01042bed:5622:5634 [0] NCCL INFO Trees [0] 1/-1/-1->0->-1 [1] 1/-1/-1->0->-1
338c01042bed:5622:5634 [0] NCCL INFO P2P Chunksize set to 131072
338c01042bed:5622:5638 [4] NCCL INFO comm 0x5d6473ebecb0 rank 4 nRanks 8 nNodes 1 localRanks 8 localRank 4 MNNVL 0
338c01042bed:5622:5638 [4] NCCL INFO Ring 00 : 3 -> 4 -> 5
338c01042bed:5622:5638 [4] NCCL INFO Ring 01 : 3 -> 4 -> 5
338c01042bed:5622:5638 [4] NCCL INFO Trees [0] 5/-1/-1->4->3 [1] 5/-1/-1->4->3
338c01042bed:5622:5638 [4] NCCL INFO P2P Chunksize set to 131072
338c01042bed:5622:5643 [5] NCCL INFO [Proxy Service UDS] Device 5 CPU core 2
338c01042bed:5622:5644 [1] NCCL INFO [Proxy Service] Device 1 CPU core 2
338c01042bed:5622:5645 [6] NCCL INFO [Proxy Service] Device 6 CPU core 2
338c01042bed:5622:5646 [4] NCCL INFO [Proxy Service] Device 4 CPU core 2
338c01042bed:5622:5653 [0] NCCL INFO [Proxy Service] Device 0 CPU core 2
338c01042bed:5622:5642 [5] NCCL INFO [Proxy Service] Device 5 CPU core 2
338c01042bed:5622:5647 [3] NCCL INFO [Proxy Service] Device 3 CPU core 2
338c01042bed:5622:5648 [1] NCCL INFO [Proxy Service UDS] Device 1 CPU core 2
338c01042bed:5622:5650 [7] NCCL INFO [Proxy Service UDS] Device 7 CPU core 2
338c01042bed:5622:5651 [2] NCCL INFO [Proxy Service] Device 2 CPU core 2
338c01042bed:5622:5649 [7] NCCL INFO [Proxy Service] Device 7 CPU core 2
338c01042bed:5622:5655 [6] NCCL INFO [Proxy Service UDS] Device 6 CPU core 2
338c01042bed:5622:5652 [3] NCCL INFO [Proxy Service UDS] Device 3 CPU core 2
338c01042bed:5622:5656 [4] NCCL INFO [Proxy Service UDS] Device 4 CPU core 2
338c01042bed:5622:5654 [0] NCCL INFO [Proxy Service UDS] Device 0 CPU core 2
338c01042bed:5622:5657 [2] NCCL INFO [Proxy Service UDS] Device 2 CPU core 2
338c01042bed:5622:5637 [3] NCCL INFO threadThresholds 8/8/64 | 64/8/64 | 512 | 512
338c01042bed:5622:5637 [3] NCCL INFO 2 coll channels, 2 collnet channels, 0 nvls channels, 2 p2p channels, 2 p2p channels per peer
338c01042bed:5622:5636 [2] NCCL INFO threadThresholds 8/8/64 | 64/8/64 | 512 | 512
338c01042bed:5622:5636 [2] NCCL INFO 2 coll channels, 2 collnet channels, 0 nvls channels, 2 p2p channels, 2 p2p channels per peer
338c01042bed:5622:5641 [7] NCCL INFO threadThresholds 8/8/64 | 64/8/64 | 512 | 512
338c01042bed:5622:5641 [7] NCCL INFO 2 coll channels, 2 collnet channels, 0 nvls channels, 2 p2p channels, 2 p2p channels per peer
338c01042bed:5622:5638 [4] NCCL INFO threadThresholds 8/8/64 | 64/8/64 | 512 | 512
338c01042bed:5622:5638 [4] NCCL INFO 2 coll channels, 2 collnet channels, 0 nvls channels, 2 p2p channels, 2 p2p channels per peer
338c01042bed:5622:5639 [5] NCCL INFO threadThresholds 8/8/64 | 64/8/64 | 512 | 512
338c01042bed:5622:5639 [5] NCCL INFO 2 coll channels, 2 collnet channels, 0 nvls channels, 2 p2p channels, 2 p2p channels per peer
338c01042bed:5622:5640 [6] NCCL INFO threadThresholds 8/8/64 | 64/8/64 | 512 | 512
338c01042bed:5622:5640 [6] NCCL INFO 2 coll channels, 2 collnet channels, 0 nvls channels, 2 p2p channels, 2 p2p channels per peer
338c01042bed:5622:5635 [1] NCCL INFO threadThresholds 8/8/64 | 64/8/64 | 512 | 512
338c01042bed:5622:5635 [1] NCCL INFO 2 coll channels, 2 collnet channels, 0 nvls channels, 2 p2p channels, 2 p2p channels per peer
338c01042bed:5622:5634 [0] NCCL INFO threadThresholds 8/8/64 | 64/8/64 | 512 | 512
338c01042bed:5622:5634 [0] NCCL INFO 2 coll channels, 2 collnet channels, 0 nvls channels, 2 p2p channels, 2 p2p channels per peer
338c01042bed:5622:5634 [0] NCCL INFO CC Off, Multi-GPU CC Off, workFifoBytes 1048576
338c01042bed:5622:5637 [3] NCCL INFO ncclCommInitAll comm 0x5d6473e776f0 rank 3 nranks 8 cudaDev 3 nvmlDev 3 busId 61000 commId 0x63ade72d0d8b2cae - Init COMPLETE
338c01042bed:5622:5637 [3] NCCL INFO Init timings - ncclCommInitAll: rank 3 nranks 8 total 1.76 (kernels 0.98, alloc 0.11, bootstrap 0.01, allgathers 0.18, topo 0.43, graphs 0.00, connections 0.01, rest 0.04)
338c01042bed:5622:5635 [1] NCCL INFO ncclCommInitAll comm 0x5d6473de89c0 rank 1 nranks 8 cudaDev 1 nvmlDev 1 busId 23000 commId 0x63ade72d0d8b2cae - Init COMPLETE
338c01042bed:5622:5635 [1] NCCL INFO Init timings - ncclCommInitAll: rank 1 nranks 8 total 1.76 (kernels 0.96, alloc 0.11, bootstrap 0.04, allgathers 0.15, topo 0.46, graphs 0.00, connections 0.03, rest 0.01)
338c01042bed:5622:5639 [5] NCCL INFO ncclCommInitAll comm 0x5d6473f06270 rank 5 nranks 8 cudaDev 5 nvmlDev 5 busId a1000 commId 0x63ade72d0d8b2cae - Init COMPLETE
338c01042bed:5622:5639 [5] NCCL INFO Init timings - ncclCommInitAll: rank 5 nranks 8 total 1.76 (kernels 0.98, alloc 0.10, bootstrap 0.02, allgathers 0.08, topo 0.52, graphs 0.01, connections 0.03, rest 0.02)
338c01042bed:5622:5640 [6] NCCL INFO ncclCommInitAll comm 0x5d6473f4d780 rank 6 nranks 8 cudaDev 6 nvmlDev 6 busId c1000 commId 0x63ade72d0d8b2cae - Init COMPLETE
338c01042bed:5622:5640 [6] NCCL INFO Init timings - ncclCommInitAll: rank 6 nranks 8 total 1.76 (kernels 0.97, alloc 0.11, bootstrap 0.02, allgathers 0.08, topo 0.52, graphs 0.01, connections 0.04, rest 0.01)
338c01042bed:5622:5641 [7] NCCL INFO ncclCommInitAll comm 0x5d6473f94c90 rank 7 nranks 8 cudaDev 7 nvmlDev 7 busId e1000 commId 0x63ade72d0d8b2cae - Init COMPLETE
338c01042bed:5622:5641 [7] NCCL INFO Init timings - ncclCommInitAll: rank 7 nranks 8 total 1.76 (kernels 0.98, alloc 0.11, bootstrap 0.01, allgathers 0.14, topo 0.46, graphs 0.01, connections 0.02, rest 0.03)
338c01042bed:5622:5636 [2] NCCL INFO ncclCommInitAll comm 0x5d6473e30130 rank 2 nranks 8 cudaDev 2 nvmlDev 2 busId 41000 commId 0x63ade72d0d8b2cae - Init COMPLETE
338c01042bed:5622:5636 [2] NCCL INFO Init timings - ncclCommInitAll: rank 2 nranks 8 total 1.76 (kernels 0.96, alloc 0.11, bootstrap 0.03, allgathers 0.18, topo 0.43, graphs 0.00, connections 0.01, rest 0.04)
338c01042bed:5622:5638 [4] NCCL INFO ncclCommInitAll comm 0x5d6473ebecb0 rank 4 nranks 8 cudaDev 4 nvmlDev 4 busId 81000 commId 0x63ade72d0d8b2cae - Init COMPLETE
338c01042bed:5622:5638 [4] NCCL INFO Init timings - ncclCommInitAll: rank 4 nranks 8 total 1.76 (kernels 0.98, alloc 0.11, bootstrap 0.01, allgathers 0.13, topo 0.48, graphs 0.00, connections 0.02, rest 0.03)
338c01042bed:5622:5634 [0] NCCL INFO ncclCommInitAll comm 0x5d6473da1160 rank 0 nranks 8 cudaDev 0 nvmlDev 0 busId 1000 commId 0x63ade72d0d8b2cae - Init COMPLETE
338c01042bed:5622:5634 [0] NCCL INFO Init timings - ncclCommInitAll: rank 0 nranks 8 total 1.76 (kernels 0.97, alloc 0.11, bootstrap 0.03, allgathers 0.16, topo 0.44, graphs 0.00, connections 0.04, rest 0.01)
338c01042bed:5622:5660 [5] NCCL INFO Channel 00 : 5[5] -> 6[6] via SHM/direct/direct
338c01042bed:5622:5662 [3] NCCL INFO Channel 00 : 3[3] -> 4[4] via SHM/direct/direct
338c01042bed:5622:5661 [4] NCCL INFO Channel 00 : 4[4] -> 5[5] via SHM/direct/direct
338c01042bed:5622:5659 [6] NCCL INFO Channel 00 : 6[6] -> 7[7] via SHM/direct/direct
338c01042bed:5622:5664 [1] NCCL INFO Channel 00 : 1[1] -> 2[2] via SHM/direct/direct
338c01042bed:5622:5660 [5] NCCL INFO Channel 01 : 5[5] -> 6[6] via SHM/direct/direct
338c01042bed:5622:5661 [4] NCCL INFO Channel 01 : 4[4] -> 5[5] via SHM/direct/direct
338c01042bed:5622:5662 [3] NCCL INFO Channel 01 : 3[3] -> 4[4] via SHM/direct/direct
338c01042bed:5622:5659 [6] NCCL INFO Channel 01 : 6[6] -> 7[7] via SHM/direct/direct
338c01042bed:5622:5658 [7] NCCL INFO Channel 00 : 7[7] -> 0[0] via SHM/direct/direct
338c01042bed:5622:5664 [1] NCCL INFO Channel 01 : 1[1] -> 2[2] via SHM/direct/direct
338c01042bed:5622:5663 [2] NCCL INFO Channel 00 : 2[2] -> 3[3] via SHM/direct/direct
338c01042bed:5622:5663 [2] NCCL INFO Channel 01 : 2[2] -> 3[3] via SHM/direct/direct
338c01042bed:5622:5665 [0] NCCL INFO Channel 00 : 0[0] -> 1[1] via SHM/direct/direct
338c01042bed:5622:5658 [7] NCCL INFO Channel 01 : 7[7] -> 0[0] via SHM/direct/direct
338c01042bed:5622:5665 [0] NCCL INFO Channel 01 : 0[0] -> 1[1] via SHM/direct/direct
338c01042bed:5622:5660 [5] NCCL INFO Connected all rings
338c01042bed:5622:5662 [3] NCCL INFO Connected all rings
338c01042bed:5622:5663 [2] NCCL INFO Connected all rings
338c01042bed:5622:5661 [4] NCCL INFO Connected all rings
338c01042bed:5622:5664 [1] NCCL INFO Connected all rings
338c01042bed:5622:5665 [0] NCCL INFO Connected all rings
338c01042bed:5622:5658 [7] NCCL INFO Connected all rings
338c01042bed:5622:5659 [6] NCCL INFO Connected all rings
gputrace_nccl: 8 x NVIDIA A100-SXM4-40GB, 1200 collectives, 19200 stamps in 55.8 s
338c01042bed:5622:5622 [0] NCCL INFO comm 0x5d6473da1160 rank 0 nranks 8 cudaDev 0 busId 1000 - Destroy COMPLETE
338c01042bed:5622:5622 [7] NCCL INFO comm 0x5d6473f94c90 rank 7 nranks 8 cudaDev 7 busId e1000 - Destroy COMPLETE
338c01042bed:5622:5622 [6] NCCL INFO comm 0x5d6473f4d780 rank 6 nranks 8 cudaDev 6 busId c1000 - Destroy COMPLETE
338c01042bed:5622:5622 [5] NCCL INFO comm 0x5d6473f06270 rank 5 nranks 8 cudaDev 5 busId a1000 - Destroy COMPLETE
338c01042bed:5622:5622 [4] NCCL INFO comm 0x5d6473ebecb0 rank 4 nranks 8 cudaDev 4 busId 81000 - Destroy COMPLETE
338c01042bed:5622:5622 [3] NCCL INFO comm 0x5d6473e776f0 rank 3 nranks 8 cudaDev 3 busId 61000 - Destroy COMPLETE
338c01042bed:5622:5622 [2] NCCL INFO comm 0x5d6473e30130 rank 2 nranks 8 cudaDev 2 busId 41000 - Destroy COMPLETE
338c01042bed:5622:5622 [1] NCCL INFO comm 0x5d6473de89c0 rank 1 nranks 8 cudaDev 1 busId 23000 - Destroy COMPLETE
