[2026-10-08 01:55:41.128 Control  2121] Starting control daemon using socket /root/res/instr/mps-pipe/control
[2026-10-08 01:55:41.128 Control  2121] To connect CUDA applications to this daemon, set env CUDA_MPS_PIPE_DIRECTORY=/root/res/instr/mps-pipe
[2026-10-08 01:55:41.132 Control  2121] Accepting connection...
[2026-10-08 01:55:41.132 Control  2121] User did not send valid credentials
[2026-10-08 01:55:41.133 Control  2121] Accepting connection...
[2026-10-08 01:55:41.133 Control  2121] NEW CLIENT 2123 from user 0: Server is not ready, push client to pending list
[2026-10-08 01:55:41.133 Control  2121] Starting new server 2124 for user 0
[2026-10-08 01:55:41.136 Control  2121] Accepting connection...
[2026-10-08 01:55:41.719 Control  2121] NEW SERVER 2124: Ready
[2026-10-08 01:55:41.756 Control  2121] Accepting connection...
[2026-10-08 01:55:41.756 Control  2121] NEW CLIENT 2123 from user 0: Server already exists
[2026-10-08 01:55:42.033 Control  2121] Accepting connection...
[2026-10-08 01:55:42.036 Control  2121] User did not send valid credentials
[2026-10-08 01:55:42.036 Control  2121] Accepting connection...
[2026-10-08 01:55:42.036 Control  2121] NEW CLIENT 2132 from user 0: Server already exists
[2026-10-08 01:55:42.080 Control  2121] Accepting connection...
[2026-10-08 01:55:42.080 Control  2121] NEW CLIENT 2132 from user 0: Server already exists
[2026-10-08 01:55:56.255 Control  2121] Accepting connection...
[2026-10-08 01:55:56.255 Control  2121] NEW UI
[2026-10-08 01:55:56.255 Control  2121] Cmd:quit
[2026-10-08 01:55:56.368 Control  2121] Server 2124 exited with status 0
[2026-10-08 01:55:56.368 Control  2121] Removed Shm file at /cuda.shm.0.84c.1
[2026-10-08 01:55:56.368 Control  2121] Exit with status 0
