[2026-10-08 01:55:41.136 Other  2124] Startup
[2026-10-08 01:55:41.136 Other  2124] Connecting to control daemon on socket: /root/res/instr/mps-pipe/control
[2026-10-08 01:55:41.136 Other  2124] Initializing server process
[2026-10-08 01:55:41.560 Server  2124] Creating server context on device 0 (NVIDIA H100 80GB HBM3)
[2026-10-08 01:55:41.719 Server  2124] Created named shared memory region /cuda.shm.0.84c.1
[2026-10-08 01:55:41.719 Server  2124] Active Threads Percentage set to 100.0
[2026-10-08 01:55:41.719 Server  2124] Server Priority set to 0
[2026-10-08 01:55:41.719 Server  2124] Server has started
[2026-10-08 01:55:41.719 Server  2124] Received new client request
[2026-10-08 01:55:41.719 Server  2124] Worker created
[2026-10-08 01:55:41.720 Server  2124] Creating worker thread
[2026-10-08 01:55:41.756 Server  2124] Received new client request
[2026-10-08 01:55:41.756 Server  2124] Worker created
[2026-10-08 01:55:41.756 Server  2124] Creating worker thread
[2026-10-08 01:55:41.756 Server  2124] Device NVIDIA H100 80GB HBM3 (uuid 0x12013b83-0xccd94d34-0x4a1fd302-0x4d00bc5b) is associated
[2026-10-08 01:55:41.756 Server  2124] Status of client {2123, 1} is ACTIVE
[2026-10-08 01:55:42.036 Server  2124] Received new client request
[2026-10-08 01:55:42.036 Server  2124] Worker created
[2026-10-08 01:55:42.036 Server  2124] Creating worker thread
[2026-10-08 01:55:42.080 Server  2124] Received new client request
[2026-10-08 01:55:42.087 Server  2124] Worker created
[2026-10-08 01:55:42.087 Server  2124] Creating worker thread
[2026-10-08 01:55:42.087 Server  2124] Device NVIDIA H100 80GB HBM3 (uuid 0x12013b83-0xccd94d34-0x4a1fd302-0x4d00bc5b) is associated
[2026-10-08 01:55:42.087 Server  2124] Status of client {2132, 1} is ACTIVE
[2026-10-08 01:55:54.321 Server  2124] Receive command failed, assuming client exit
[2026-10-08 01:55:54.321 Server  2124] Client {2132, 1} exit
[2026-10-08 01:55:54.321 Server  2124] Client disconnected. Number of active client contexts is 1.
[2026-10-08 01:55:54.386 Server  2124] Receive command failed, assuming client exit
[2026-10-08 01:55:54.386 Server  2124] Client process disconnected
[2026-10-08 01:55:54.557 Server  2124] Receive command failed, assuming client exit
[2026-10-08 01:55:54.557 Server  2124] Client {2123, 1} exit
[2026-10-08 01:55:54.557 Server  2124] Client disconnected. Number of active client contexts is 0.
[2026-10-08 01:55:54.650 Server  2124] Receive command failed, assuming client exit
[2026-10-08 01:55:54.650 Server  2124] Client process disconnected
[2026-10-08 01:55:56.255 Server  2124] Waiting for current clients to finish
[2026-10-08 01:55:56.255 Server  2124] Exiting
