[2026-10-02 20:07:48.682 Control 12371] Starting control daemon using socket /workspace/cuphy-lockstep/mps-repeat-20261002T200055Z-10078-b18/control
[2026-10-02 20:07:48.682 Control 12371] To connect CUDA applications to this daemon, set env CUDA_MPS_PIPE_DIRECTORY=/workspace/cuphy-lockstep/mps-repeat-20261002T200055Z-10078-b18
[2026-10-02 20:07:48.682 Control 12371] CUDA MPS Control binary version: 13020
[2026-10-02 20:07:48.925 Control 12371] Accepting connection...
[2026-10-02 20:07:48.925 Control 12371] User did not send valid credentials
[2026-10-02 20:07:48.925 Control 12371] Accepting connection...
[2026-10-02 20:07:48.925 Control 12371] NEW CLIENT 12385 from user 0: Server is not ready, push client to pending list
[2026-10-02 20:07:48.926 Control 12390] Starting new server 12390 for user 0
[2026-10-02 20:07:48.928 Control 12371] Accepting connection...
[2026-10-02 20:07:49.036 Control 12371] NEW SERVER 12390: Ready
[2026-10-02 20:07:49.053 Control 12371] Accepting connection...
[2026-10-02 20:07:49.053 Control 12371] NEW CLIENT 12385 from user 0: Server already exists
[2026-10-02 20:07:52.935 Control 12371] Accepting connection...
[2026-10-02 20:07:52.935 Control 12371] User did not send valid credentials
[2026-10-02 20:07:52.935 Control 12371] Accepting connection...
[2026-10-02 20:07:52.935 Control 12371] NEW CLIENT 12414 from user 0: Server already exists
[2026-10-02 20:07:52.968 Control 12371] Accepting connection...
[2026-10-02 20:07:52.968 Control 12371] NEW CLIENT 12414 from user 0: Server already exists
[2026-10-02 20:08:02.245 Control 12371] Accepting connection...
[2026-10-02 20:08:02.245 Control 12371] User did not send valid credentials
[2026-10-02 20:08:02.245 Control 12371] Accepting connection...
[2026-10-02 20:08:02.245 Control 12371] NEW CLIENT 12453 from user 0: Server already exists
[2026-10-02 20:08:02.260 Control 12371] Accepting connection...
[2026-10-02 20:08:02.261 Control 12371] NEW CLIENT 12453 from user 0: Server already exists
[2026-10-02 20:08:06.257 Control 12371] Accepting connection...
[2026-10-02 20:08:06.257 Control 12371] User did not send valid credentials
[2026-10-02 20:08:06.257 Control 12371] Accepting connection...
[2026-10-02 20:08:06.257 Control 12371] NEW CLIENT 12490 from user 0: Server already exists
[2026-10-02 20:08:06.292 Control 12371] Accepting connection...
[2026-10-02 20:08:06.292 Control 12371] NEW CLIENT 12490 from user 0: Server already exists
[2026-10-02 20:08:15.294 Control 12371] Accepting connection...
[2026-10-02 20:08:15.294 Control 12371] NEW UI
[2026-10-02 20:08:15.294 Control 12371] Cmd:quit
[2026-10-02 20:08:15.294 Control 12371] Try shutting down server 12390, backoff is disabled
[2026-10-02 20:08:15.409 Control 12371] Server 12390 exited with status 0
[2026-10-02 20:08:15.409 Control 12371] Exit with status 0
