File extension: h5
PuschRx Pipeline[0]: Failed to set scheduling algo pid 13813, prio 99, return code -1: err Operation not permitted
PuschRx Pipeline[0]: pid 13813 set affinity to CPU 0
PuschRx Pipeline[0]: Wait for start-sync point
Run config: GPU Id 0, # of pipelines 1
PuschRx Pipeline[0]: start-syncpoint hit
PuschRx Pipeline[0]: For transmission 1 using filename /workspace/cuphy-lockstep/tv/GPU_test_input/TVnr_7304_PUSCH_gNB_CUPHY_s0p0.h5
Lockstep validation: payload/CB errors 0, CRC errors 0
Lockstep validation: payload/CB errors 0, CRC errors 0
CUPHY_LOCKSTEP mode=cpu correctness=pass recorded=1000 skipped=0 p99_start_us=14.006 misses=0/1000
PuschRx Pipeline[0]: Joining worker thread
nvlog_fmtlog_close: fmtlog thread already stopped
18:22:14.931544 nvlog.cpp:267    CON[13808 ] [NVLOG.CPP] Using /workspace/cuphy-lockstep/cuPHY/nvlog/config/nvlog_config.yaml for nvlog configuration
18:22:14.934983 exit_handler.cpp:44 CON[13810 ] [NVLOG.EXIT_HANDLER] [exit_watchdog] thread started on core 3
18:22:14.941426 nvlog.cpp:338    ERR[13808 ] [AERIAL_YAML_PARSER_EVENT] [NVLOG.CPP] Failed to load yaml file: /workspace/cuphy-lockstep/cuPHY/nvlog/config/nvlog_config.yaml (bad file: /workspace/cuphy-lockstep/cuPHY/nvlog/config/nvlog_config.yaml)
18:22:15.129757 datasets.cpp:1026 CON[13813 ] [CUPHY.PUSCH_RX] PUSCH 7.2a O-RAN functional split.
18:22:15.137213 datasets.cpp:1041 CON[13813 ] [CUPHY.PUSCH_RX] run PUSCH pipeline.
18:22:15.137213 datasets.cpp:1066 CON[13813 ] [CUPHY.PUSCH_RX] run PUSCH pipeline with UCI-on-PUSCH.
18:22:15.146722 datasets.cpp:1189 CON[13813 ] [CUPHY.PUSCH_RX] LDPC throughput mode enabled
18:22:15.196401 cuphy.hpp:105    CON[13813 ] [CUPHY.MEMFOOT] cuphyMemoryFootprint - GPU allocation: 697.727 MiB for cuPHY PUSCH channel object (0x7a2088056720).
18:22:15.196402 pusch_rx.cpp:1461 CON[13813 ] [CUPHY.PUSCH_RX] PuschRx: Running with eqCoeffAlgo 3
18:22:15.584149 datasets.cpp:2673 CON[13813 ] [CUPHY.PUSCH_RX] Cell # 0 : TbIdx: 0 Metric - Block Error Rate      : 0.0000 (Error CBs 0, Mismatched CBs 0, MismatchedCRC CBs 0, Total CBs 152)
18:22:15.584150 datasets.cpp:2710 CON[13813 ] [CUPHY.PUSCH_RX] Cell # 0 :          Metric - TB CRC Error      :(MismatchedCRC TBs 0, Total TBs 1)
18:22:20.284958 datasets.cpp:2673 CON[13813 ] [CUPHY.PUSCH_RX] Cell # 0 : TbIdx: 0 Metric - Block Error Rate      : 0.0000 (Error CBs 0, Mismatched CBs 0, MismatchedCRC CBs 0, Total CBs 152)
18:22:20.284959 datasets.cpp:2710 CON[13813 ] [CUPHY.PUSCH_RX] Cell # 0 :          Metric - TB CRC Error      :(MismatchedCRC TBs 0, Total TBs 1)
18:22:20.290530 nvlog.cpp:189    CON[13808 ] [NVLOG.CPP] nvlog_fmtlog_close: closing FMT log from [cuphy_ex_pusch_] thread on core 11, last file path is /tmp
