File extension: h5
PuschRx Pipeline[0]: Failed to set scheduling algo pid 13881, prio 99, return code -1: err Operation not permitted
PuschRx Pipeline[0]: pid 13881 set affinity to CPU 0
PuschRx Pipeline[0]: Wait for start-sync point
Run config: GPU Id 0, # of pipelines 1
PuschRx Pipeline[0]: start-syncpoint hit
PuschRx Pipeline[0]: For transmission 1 using filename /workspace/cuphy-lockstep/tv/GPU_test_input/TVnr_7304_PUSCH_gNB_CUPHY_s0p0.h5
Lockstep validation: payload/CB errors 0, CRC errors 0
Lockstep validation: payload/CB errors 0, CRC errors 0
CUPHY_LOCKSTEP mode=cpu correctness=pass recorded=209 skipped=791 p99_start_us=2474.305 misses=1000/1000
PuschRx Pipeline[0]: Joining worker thread
nvlog_fmtlog_close: fmtlog thread already stopped
18:22:30.434795 nvlog.cpp:267    CON[13876 ] [NVLOG.CPP] Using /workspace/cuphy-lockstep/cuPHY/nvlog/config/nvlog_config.yaml for nvlog configuration
18:22:30.434975 exit_handler.cpp:44 CON[13878 ] [NVLOG.EXIT_HANDLER] [exit_watchdog] thread started on core 3
18:22:30.443363 nvlog.cpp:338    ERR[13876 ] [AERIAL_YAML_PARSER_EVENT] [NVLOG.CPP] Failed to load yaml file: /workspace/cuphy-lockstep/cuPHY/nvlog/config/nvlog_config.yaml (bad file: /workspace/cuphy-lockstep/cuPHY/nvlog/config/nvlog_config.yaml)
18:22:30.636997 datasets.cpp:1026 CON[13881 ] [CUPHY.PUSCH_RX] PUSCH 7.2a O-RAN functional split.
18:22:30.644480 datasets.cpp:1041 CON[13881 ] [CUPHY.PUSCH_RX] run PUSCH pipeline.
18:22:30.644480 datasets.cpp:1066 CON[13881 ] [CUPHY.PUSCH_RX] run PUSCH pipeline with UCI-on-PUSCH.
18:22:30.660319 datasets.cpp:1189 CON[13881 ] [CUPHY.PUSCH_RX] LDPC throughput mode enabled
18:22:30.888231 cuphy.hpp:105    CON[13881 ] [CUPHY.MEMFOOT] cuphyMemoryFootprint - GPU allocation: 697.727 MiB for cuPHY PUSCH channel object (0x700404056720).
18:22:30.888232 pusch_rx.cpp:1461 CON[13881 ] [CUPHY.PUSCH_RX] PuschRx: Running with eqCoeffAlgo 3
18:22:31.374466 datasets.cpp:2673 CON[13881 ] [CUPHY.PUSCH_RX] Cell # 0 : TbIdx: 0 Metric - Block Error Rate      : 0.0000 (Error CBs 0, Mismatched CBs 0, MismatchedCRC CBs 0, Total CBs 152)
18:22:31.374468 datasets.cpp:2710 CON[13881 ] [CUPHY.PUSCH_RX] Cell # 0 :          Metric - TB CRC Error      :(MismatchedCRC TBs 0, Total TBs 1)
18:22:36.135593 datasets.cpp:2673 CON[13881 ] [CUPHY.PUSCH_RX] Cell # 0 : TbIdx: 0 Metric - Block Error Rate      : 0.0000 (Error CBs 0, Mismatched CBs 0, MismatchedCRC CBs 0, Total CBs 152)
18:22:36.135594 datasets.cpp:2710 CON[13881 ] [CUPHY.PUSCH_RX] Cell # 0 :          Metric - TB CRC Error      :(MismatchedCRC TBs 0, Total TBs 1)
18:22:36.140474 nvlog.cpp:189    CON[13876 ] [NVLOG.CPP] nvlog_fmtlog_close: closing FMT log from [cuphy_ex_pusch_] thread on core 3, last file path is /tmp
