File extension: h5
PuschRx Pipeline[0]: Failed to set scheduling algo pid 13846, prio 99, return code -1: err Operation not permitted
PuschRx Pipeline[0]: pid 13846 set affinity to CPU 0
PuschRx Pipeline[0]: Wait for start-sync point
Run config: GPU Id 0, # of pipelines 1
PuschRx Pipeline[0]: start-syncpoint hit
PuschRx Pipeline[0]: For transmission 1 using filename /workspace/cuphy-lockstep/tv/GPU_test_input/TVnr_7304_PUSCH_gNB_CUPHY_s0p0.h5
Lockstep validation: payload/CB errors 0, CRC errors 0
Lockstep validation: payload/CB errors 0, CRC errors 0
CUPHY_LOCKSTEP mode=gpu correctness=pass recorded=1000 skipped=0 p99_start_us=5.069 misses=0/1000
PuschRx Pipeline[0]: Joining worker thread
nvlog_fmtlog_close: fmtlog thread already stopped
18:22:20.948282 nvlog.cpp:267    CON[13841 ] [NVLOG.CPP] Using /workspace/cuphy-lockstep/cuPHY/nvlog/config/nvlog_config.yaml for nvlog configuration
18:22:20.948969 exit_handler.cpp:44 CON[13843 ] [NVLOG.EXIT_HANDLER] [exit_watchdog] thread started on core 3
18:22:20.956317 nvlog.cpp:338    ERR[13841 ] [AERIAL_YAML_PARSER_EVENT] [NVLOG.CPP] Failed to load yaml file: /workspace/cuphy-lockstep/cuPHY/nvlog/config/nvlog_config.yaml (bad file: /workspace/cuphy-lockstep/cuPHY/nvlog/config/nvlog_config.yaml)
18:22:21.082446 datasets.cpp:1026 CON[13846 ] [CUPHY.PUSCH_RX] PUSCH 7.2a O-RAN functional split.
18:22:21.090124 datasets.cpp:1041 CON[13846 ] [CUPHY.PUSCH_RX] run PUSCH pipeline.
18:22:21.090124 datasets.cpp:1066 CON[13846 ] [CUPHY.PUSCH_RX] run PUSCH pipeline with UCI-on-PUSCH.
18:22:21.098098 datasets.cpp:1189 CON[13846 ] [CUPHY.PUSCH_RX] LDPC throughput mode enabled
18:22:21.146824 cuphy.hpp:105    CON[13846 ] [CUPHY.MEMFOOT] cuphyMemoryFootprint - GPU allocation: 697.727 MiB for cuPHY PUSCH channel object (0x7b155c056720).
18:22:21.146825 pusch_rx.cpp:1461 CON[13846 ] [CUPHY.PUSCH_RX] PuschRx: Running with eqCoeffAlgo 3
18:22:21.438614 datasets.cpp:2673 CON[13846 ] [CUPHY.PUSCH_RX] Cell # 0 : TbIdx: 0 Metric - Block Error Rate      : 0.0000 (Error CBs 0, Mismatched CBs 0, MismatchedCRC CBs 0, Total CBs 152)
18:22:21.438616 datasets.cpp:2710 CON[13846 ] [CUPHY.PUSCH_RX] Cell # 0 :          Metric - TB CRC Error      :(MismatchedCRC TBs 0, Total TBs 1)
18:22:26.138311 datasets.cpp:2673 CON[13846 ] [CUPHY.PUSCH_RX] Cell # 0 : TbIdx: 0 Metric - Block Error Rate      : 0.0000 (Error CBs 0, Mismatched CBs 0, MismatchedCRC CBs 0, Total CBs 152)
18:22:26.138312 datasets.cpp:2710 CON[13846 ] [CUPHY.PUSCH_RX] Cell # 0 :          Metric - TB CRC Error      :(MismatchedCRC TBs 0, Total TBs 1)
18:22:26.143723 nvlog.cpp:189    CON[13841 ] [NVLOG.CPP] nvlog_fmtlog_close: closing FMT log from [cuphy_ex_pusch_] thread on core 3, last file path is /tmp
