[2026-10-04 23:42:18.719 Control 14291] Starting control daemon using socket /workspace/cuphy-lockstep/mps-pipe/control
[2026-10-04 23:42:18.719 Control 14291] To connect CUDA applications to this daemon, set env CUDA_MPS_PIPE_DIRECTORY=/workspace/cuphy-lockstep/mps-pipe
[2026-10-04 23:42:18.719 Control 14291] CUDA MPS Control binary version: 13020
[2026-10-04 23:42:20.780 Control 14291] Accepting connection...
[2026-10-04 23:42:20.780 Control 14291] User did not send valid credentials
[2026-10-04 23:42:20.780 Control 14291] Accepting connection...
[2026-10-04 23:42:20.780 Control 14291] NEW CLIENT 14294 from user 0: Server is not ready, push client to pending list
[2026-10-04 23:42:20.781 Control 14296] Starting new server 14296 for user 0
[2026-10-04 23:42:20.822 Control 14291] Accepting connection...
[2026-10-04 23:42:20.983 Control 14291] NEW SERVER 14296: Ready
[2026-10-04 23:42:21.012 Control 14291] Accepting connection...
[2026-10-04 23:42:21.012 Control 14291] NEW CLIENT 14294 from user 0: Server already exists
[2026-10-04 23:42:26.328 Control 14291] Accepting connection...
[2026-10-04 23:42:26.328 Control 14291] User did not send valid credentials
[2026-10-04 23:42:26.328 Control 14291] Accepting connection...
[2026-10-04 23:42:26.328 Control 14291] NEW CLIENT 14304 from user 0: Server already exists
[2026-10-04 23:42:26.343 Control 14291] Accepting connection...
[2026-10-04 23:42:26.343 Control 14291] NEW CLIENT 14304 from user 0: Server already exists
[2026-10-04 23:42:31.635 Control 14291] Accepting connection...
[2026-10-04 23:42:31.635 Control 14291] User did not send valid credentials
[2026-10-04 23:42:31.635 Control 14291] Accepting connection...
[2026-10-04 23:42:31.635 Control 14291] NEW CLIENT 14310 from user 0: Server already exists
[2026-10-04 23:42:31.693 Control 14291] Accepting connection...
[2026-10-04 23:42:31.694 Control 14291] NEW CLIENT 14310 from user 0: Server already exists
[2026-10-04 23:42:36.989 Control 14291] Accepting connection...
[2026-10-04 23:42:36.989 Control 14291] User did not send valid credentials
[2026-10-04 23:42:36.989 Control 14291] Accepting connection...
[2026-10-04 23:42:36.989 Control 14291] NEW CLIENT 14319 from user 0: Server already exists
[2026-10-04 23:42:37.009 Control 14291] Accepting connection...
[2026-10-04 23:42:37.009 Control 14291] NEW CLIENT 14319 from user 0: Server already exists
[2026-10-04 23:42:41.001 Control 14291] Accepting connection...
[2026-10-04 23:42:41.001 Control 14291] User did not send valid credentials
[2026-10-04 23:42:41.001 Control 14291] Accepting connection...
[2026-10-04 23:42:41.001 Control 14291] NEW CLIENT 14342 from user 0: Server already exists
[2026-10-04 23:42:41.029 Control 14291] Accepting connection...
[2026-10-04 23:42:41.029 Control 14291] NEW CLIENT 14342 from user 0: Server already exists
[2026-10-04 23:42:49.412 Control 14291] Accepting connection...
[2026-10-04 23:42:49.412 Control 14291] User did not send valid credentials
[2026-10-04 23:42:49.412 Control 14291] Accepting connection...
[2026-10-04 23:42:49.412 Control 14291] NEW CLIENT 14367 from user 0: Server already exists
[2026-10-04 23:42:49.442 Control 14291] Accepting connection...
[2026-10-04 23:42:49.442 Control 14291] NEW CLIENT 14367 from user 0: Server already exists
[2026-10-04 23:42:56.814 Control 14291] Accepting connection...
[2026-10-04 23:42:56.814 Control 14291] User did not send valid credentials
[2026-10-04 23:42:56.814 Control 14291] Accepting connection...
[2026-10-04 23:42:56.814 Control 14291] NEW CLIENT 14384 from user 0: Server already exists
[2026-10-04 23:42:56.834 Control 14291] Accepting connection...
[2026-10-04 23:42:56.834 Control 14291] NEW CLIENT 14384 from user 0: Server already exists
[2026-10-04 23:43:00.817 Control 14291] Accepting connection...
[2026-10-04 23:43:00.817 Control 14291] User did not send valid credentials
[2026-10-04 23:43:00.817 Control 14291] Accepting connection...
[2026-10-04 23:43:00.817 Control 14291] NEW CLIENT 14407 from user 0: Server already exists
[2026-10-04 23:43:00.845 Control 14291] Accepting connection...
[2026-10-04 23:43:00.845 Control 14291] NEW CLIENT 14407 from user 0: Server already exists
[2026-10-04 23:43:09.209 Control 14291] Accepting connection...
[2026-10-04 23:43:09.209 Control 14291] User did not send valid credentials
[2026-10-04 23:43:09.209 Control 14291] Accepting connection...
[2026-10-04 23:43:09.209 Control 14291] NEW CLIENT 14427 from user 0: Server already exists
[2026-10-04 23:43:09.234 Control 14291] Accepting connection...
[2026-10-04 23:43:09.234 Control 14291] NEW CLIENT 14427 from user 0: Server already exists
[2026-10-04 23:43:13.211 Control 14291] Accepting connection...
[2026-10-04 23:43:13.211 Control 14291] User did not send valid credentials
[2026-10-04 23:43:13.211 Control 14291] Accepting connection...
[2026-10-04 23:43:13.211 Control 14291] NEW CLIENT 14450 from user 0: Server already exists
[2026-10-04 23:43:13.241 Control 14291] Accepting connection...
[2026-10-04 23:43:13.241 Control 14291] NEW CLIENT 14450 from user 0: Server already exists
[2026-10-04 23:43:21.605 Control 14291] Accepting connection...
[2026-10-04 23:43:21.605 Control 14291] User did not send valid credentials
[2026-10-04 23:43:21.605 Control 14291] Accepting connection...
[2026-10-04 23:43:21.605 Control 14291] NEW CLIENT 14470 from user 0: Server already exists
[2026-10-04 23:43:21.620 Control 14291] Accepting connection...
[2026-10-04 23:43:21.620 Control 14291] NEW CLIENT 14470 from user 0: Server already exists
[2026-10-04 23:43:25.607 Control 14291] Accepting connection...
[2026-10-04 23:43:25.607 Control 14291] User did not send valid credentials
[2026-10-04 23:43:25.607 Control 14291] Accepting connection...
[2026-10-04 23:43:25.607 Control 14291] NEW CLIENT 14493 from user 0: Server already exists
[2026-10-04 23:43:25.637 Control 14291] Accepting connection...
[2026-10-04 23:43:25.638 Control 14291] NEW CLIENT 14493 from user 0: Server already exists
[2026-10-04 23:43:34.003 Control 14291] Accepting connection...
[2026-10-04 23:43:34.003 Control 14291] User did not send valid credentials
[2026-10-04 23:43:34.003 Control 14291] Accepting connection...
[2026-10-04 23:43:34.003 Control 14291] NEW CLIENT 14513 from user 0: Server already exists
[2026-10-04 23:43:34.022 Control 14291] Accepting connection...
[2026-10-04 23:43:34.022 Control 14291] NEW CLIENT 14513 from user 0: Server already exists
[2026-10-04 23:43:38.006 Control 14291] Accepting connection...
[2026-10-04 23:43:38.006 Control 14291] User did not send valid credentials
[2026-10-04 23:43:38.006 Control 14291] Accepting connection...
[2026-10-04 23:43:38.006 Control 14291] NEW CLIENT 14536 from user 0: Server already exists
[2026-10-04 23:43:38.038 Control 14291] Accepting connection...
[2026-10-04 23:43:38.038 Control 14291] NEW CLIENT 14536 from user 0: Server already exists
[2026-10-04 23:43:46.397 Control 14291] Accepting connection...
[2026-10-04 23:43:46.397 Control 14291] User did not send valid credentials
[2026-10-04 23:43:46.397 Control 14291] Accepting connection...
[2026-10-04 23:43:46.397 Control 14291] NEW CLIENT 14556 from user 0: Server already exists
[2026-10-04 23:43:46.412 Control 14291] Accepting connection...
[2026-10-04 23:43:46.412 Control 14291] NEW CLIENT 14556 from user 0: Server already exists
[2026-10-04 23:43:50.399 Control 14291] Accepting connection...
[2026-10-04 23:43:50.399 Control 14291] User did not send valid credentials
[2026-10-04 23:43:50.399 Control 14291] Accepting connection...
[2026-10-04 23:43:50.399 Control 14291] NEW CLIENT 14579 from user 0: Server already exists
[2026-10-04 23:43:50.429 Control 14291] Accepting connection...
[2026-10-04 23:43:50.429 Control 14291] NEW CLIENT 14579 from user 0: Server already exists
[2026-10-04 23:43:58.806 Control 14291] Accepting connection...
[2026-10-04 23:43:58.806 Control 14291] User did not send valid credentials
[2026-10-04 23:43:58.806 Control 14291] Accepting connection...
[2026-10-04 23:43:58.806 Control 14291] NEW CLIENT 14601 from user 0: Server already exists
[2026-10-04 23:43:58.821 Control 14291] Accepting connection...
[2026-10-04 23:43:58.821 Control 14291] NEW CLIENT 14601 from user 0: Server already exists
[2026-10-04 23:44:02.808 Control 14291] Accepting connection...
[2026-10-04 23:44:02.808 Control 14291] User did not send valid credentials
[2026-10-04 23:44:02.808 Control 14291] Accepting connection...
[2026-10-04 23:44:02.808 Control 14291] NEW CLIENT 14624 from user 0: Server already exists
[2026-10-04 23:44:02.838 Control 14291] Accepting connection...
[2026-10-04 23:44:02.838 Control 14291] NEW CLIENT 14624 from user 0: Server already exists
[2026-10-04 23:44:11.201 Control 14291] Accepting connection...
[2026-10-04 23:44:11.201 Control 14291] User did not send valid credentials
[2026-10-04 23:44:11.201 Control 14291] Accepting connection...
[2026-10-04 23:44:11.201 Control 14291] NEW CLIENT 14644 from user 0: Server already exists
[2026-10-04 23:44:11.216 Control 14291] Accepting connection...
[2026-10-04 23:44:11.216 Control 14291] NEW CLIENT 14644 from user 0: Server already exists
[2026-10-04 23:44:15.203 Control 14291] Accepting connection...
[2026-10-04 23:44:15.203 Control 14291] User did not send valid credentials
[2026-10-04 23:44:15.203 Control 14291] Accepting connection...
[2026-10-04 23:44:15.203 Control 14291] NEW CLIENT 14667 from user 0: Server already exists
[2026-10-04 23:44:15.236 Control 14291] Accepting connection...
[2026-10-04 23:44:15.236 Control 14291] NEW CLIENT 14667 from user 0: Server already exists
[2026-10-04 23:44:23.601 Control 14291] Accepting connection...
[2026-10-04 23:44:23.601 Control 14291] User did not send valid credentials
[2026-10-04 23:44:23.601 Control 14291] Accepting connection...
[2026-10-04 23:44:23.601 Control 14291] NEW CLIENT 14687 from user 0: Server already exists
[2026-10-04 23:44:23.615 Control 14291] Accepting connection...
[2026-10-04 23:44:23.615 Control 14291] NEW CLIENT 14687 from user 0: Server already exists
[2026-10-04 23:44:27.604 Control 14291] Accepting connection...
[2026-10-04 23:44:27.604 Control 14291] User did not send valid credentials
[2026-10-04 23:44:27.604 Control 14291] Accepting connection...
[2026-10-04 23:44:27.604 Control 14291] NEW CLIENT 14710 from user 0: Server already exists
[2026-10-04 23:44:27.633 Control 14291] Accepting connection...
[2026-10-04 23:44:27.633 Control 14291] NEW CLIENT 14710 from user 0: Server already exists
[2026-10-04 23:44:36.002 Control 14291] Accepting connection...
[2026-10-04 23:44:36.002 Control 14291] User did not send valid credentials
[2026-10-04 23:44:36.002 Control 14291] Accepting connection...
[2026-10-04 23:44:36.002 Control 14291] NEW CLIENT 14730 from user 0: Server already exists
[2026-10-04 23:44:36.016 Control 14291] Accepting connection...
[2026-10-04 23:44:36.016 Control 14291] NEW CLIENT 14730 from user 0: Server already exists
[2026-10-04 23:44:40.004 Control 14291] Accepting connection...
[2026-10-04 23:44:40.004 Control 14291] User did not send valid credentials
[2026-10-04 23:44:40.004 Control 14291] Accepting connection...
[2026-10-04 23:44:40.004 Control 14291] NEW CLIENT 14753 from user 0: Server already exists
[2026-10-04 23:44:40.037 Control 14291] Accepting connection...
[2026-10-04 23:44:40.037 Control 14291] NEW CLIENT 14753 from user 0: Server already exists
[2026-10-04 23:44:48.393 Control 14291] Accepting connection...
[2026-10-04 23:44:48.393 Control 14291] User did not send valid credentials
[2026-10-04 23:44:48.393 Control 14291] Accepting connection...
[2026-10-04 23:44:48.393 Control 14291] NEW CLIENT 14778 from user 0: Server already exists
[2026-10-04 23:44:48.427 Control 14291] Accepting connection...
[2026-10-04 23:44:48.427 Control 14291] NEW CLIENT 14778 from user 0: Server already exists
[2026-10-04 23:44:55.804 Control 14291] Accepting connection...
[2026-10-04 23:44:55.804 Control 14291] User did not send valid credentials
[2026-10-04 23:44:55.804 Control 14291] Accepting connection...
[2026-10-04 23:44:55.804 Control 14291] NEW CLIENT 14795 from user 0: Server already exists
[2026-10-04 23:44:55.825 Control 14291] Accepting connection...
[2026-10-04 23:44:55.825 Control 14291] NEW CLIENT 14795 from user 0: Server already exists
[2026-10-04 23:44:59.807 Control 14291] Accepting connection...
[2026-10-04 23:44:59.807 Control 14291] User did not send valid credentials
[2026-10-04 23:44:59.807 Control 14291] Accepting connection...
[2026-10-04 23:44:59.807 Control 14291] NEW CLIENT 14818 from user 0: Server already exists
[2026-10-04 23:44:59.837 Control 14291] Accepting connection...
[2026-10-04 23:44:59.837 Control 14291] NEW CLIENT 14818 from user 0: Server already exists
[2026-10-04 23:45:08.207 Control 14291] Accepting connection...
[2026-10-04 23:45:08.207 Control 14291] User did not send valid credentials
[2026-10-04 23:45:08.207 Control 14291] Accepting connection...
[2026-10-04 23:45:08.207 Control 14291] NEW CLIENT 14838 from user 0: Server already exists
[2026-10-04 23:45:08.222 Control 14291] Accepting connection...
[2026-10-04 23:45:08.222 Control 14291] NEW CLIENT 14838 from user 0: Server already exists
[2026-10-04 23:45:12.209 Control 14291] Accepting connection...
[2026-10-04 23:45:12.210 Control 14291] User did not send valid credentials
[2026-10-04 23:45:12.210 Control 14291] Accepting connection...
[2026-10-04 23:45:12.210 Control 14291] NEW CLIENT 14861 from user 0: Server already exists
[2026-10-04 23:45:12.240 Control 14291] Accepting connection...
[2026-10-04 23:45:12.240 Control 14291] NEW CLIENT 14861 from user 0: Server already exists
[2026-10-04 23:45:20.622 Control 14291] Accepting connection...
[2026-10-04 23:45:20.622 Control 14291] User did not send valid credentials
[2026-10-04 23:45:20.622 Control 14291] Accepting connection...
[2026-10-04 23:45:20.622 Control 14291] NEW CLIENT 14883 from user 0: Server already exists
[2026-10-04 23:45:20.643 Control 14291] Accepting connection...
[2026-10-04 23:45:20.643 Control 14291] NEW CLIENT 14883 from user 0: Server already exists
[2026-10-04 23:45:24.624 Control 14291] Accepting connection...
[2026-10-04 23:45:24.624 Control 14291] User did not send valid credentials
[2026-10-04 23:45:24.624 Control 14291] Accepting connection...
[2026-10-04 23:45:24.625 Control 14291] NEW CLIENT 14906 from user 0: Server already exists
[2026-10-04 23:45:24.658 Control 14291] Accepting connection...
[2026-10-04 23:45:24.658 Control 14291] NEW CLIENT 14906 from user 0: Server already exists
[2026-10-04 23:45:33.026 Control 14291] Accepting connection...
[2026-10-04 23:45:33.026 Control 14291] User did not send valid credentials
[2026-10-04 23:45:33.026 Control 14291] Accepting connection...
[2026-10-04 23:45:33.026 Control 14291] NEW CLIENT 14926 from user 0: Server already exists
[2026-10-04 23:45:33.043 Control 14291] Accepting connection...
[2026-10-04 23:45:33.044 Control 14291] NEW CLIENT 14926 from user 0: Server already exists
[2026-10-04 23:45:37.028 Control 14291] Accepting connection...
[2026-10-04 23:45:37.028 Control 14291] User did not send valid credentials
[2026-10-04 23:45:37.028 Control 14291] Accepting connection...
[2026-10-04 23:45:37.028 Control 14291] NEW CLIENT 14949 from user 0: Server already exists
[2026-10-04 23:45:37.057 Control 14291] Accepting connection...
[2026-10-04 23:45:37.057 Control 14291] NEW CLIENT 14949 from user 0: Server already exists
[2026-10-04 23:45:45.435 Control 14291] Accepting connection...
[2026-10-04 23:45:45.436 Control 14291] User did not send valid credentials
[2026-10-04 23:45:45.436 Control 14291] Accepting connection...
[2026-10-04 23:45:45.436 Control 14291] NEW CLIENT 14969 from user 0: Server already exists
[2026-10-04 23:45:45.453 Control 14291] Accepting connection...
[2026-10-04 23:45:45.453 Control 14291] NEW CLIENT 14969 from user 0: Server already exists
[2026-10-04 23:45:49.437 Control 14291] Accepting connection...
[2026-10-04 23:45:49.437 Control 14291] User did not send valid credentials
[2026-10-04 23:45:49.437 Control 14291] Accepting connection...
[2026-10-04 23:45:49.437 Control 14291] NEW CLIENT 14992 from user 0: Server already exists
[2026-10-04 23:45:49.466 Control 14291] Accepting connection...
[2026-10-04 23:45:49.466 Control 14291] NEW CLIENT 14992 from user 0: Server already exists
[2026-10-04 23:45:57.839 Control 14291] Accepting connection...
[2026-10-04 23:45:57.839 Control 14291] User did not send valid credentials
[2026-10-04 23:45:57.839 Control 14291] Accepting connection...
[2026-10-04 23:45:57.839 Control 14291] NEW CLIENT 15012 from user 0: Server already exists
[2026-10-04 23:45:57.854 Control 14291] Accepting connection...
[2026-10-04 23:45:57.855 Control 14291] NEW CLIENT 15012 from user 0: Server already exists
[2026-10-04 23:46:01.841 Control 14291] Accepting connection...
[2026-10-04 23:46:01.841 Control 14291] User did not send valid credentials
[2026-10-04 23:46:01.841 Control 14291] Accepting connection...
[2026-10-04 23:46:01.841 Control 14291] NEW CLIENT 15035 from user 0: Server already exists
[2026-10-04 23:46:01.869 Control 14291] Accepting connection...
[2026-10-04 23:46:01.869 Control 14291] NEW CLIENT 15035 from user 0: Server already exists
[2026-10-04 23:46:10.247 Control 14291] Accepting connection...
[2026-10-04 23:46:10.247 Control 14291] User did not send valid credentials
[2026-10-04 23:46:10.247 Control 14291] Accepting connection...
[2026-10-04 23:46:10.247 Control 14291] NEW CLIENT 15055 from user 0: Server already exists
[2026-10-04 23:46:10.262 Control 14291] Accepting connection...
[2026-10-04 23:46:10.262 Control 14291] NEW CLIENT 15055 from user 0: Server already exists
[2026-10-04 23:46:14.250 Control 14291] Accepting connection...
[2026-10-04 23:46:14.250 Control 14291] User did not send valid credentials
[2026-10-04 23:46:14.250 Control 14291] Accepting connection...
[2026-10-04 23:46:14.250 Control 14291] NEW CLIENT 15078 from user 0: Server already exists
[2026-10-04 23:46:14.278 Control 14291] Accepting connection...
[2026-10-04 23:46:14.278 Control 14291] NEW CLIENT 15078 from user 0: Server already exists
[2026-10-04 23:46:22.643 Control 14291] Accepting connection...
[2026-10-04 23:46:22.643 Control 14291] User did not send valid credentials
[2026-10-04 23:46:22.643 Control 14291] Accepting connection...
[2026-10-04 23:46:22.643 Control 14291] NEW CLIENT 15098 from user 0: Server already exists
[2026-10-04 23:46:22.663 Control 14291] Accepting connection...
[2026-10-04 23:46:22.663 Control 14291] NEW CLIENT 15098 from user 0: Server already exists
[2026-10-04 23:46:26.647 Control 14291] Accepting connection...
[2026-10-04 23:46:26.647 Control 14291] User did not send valid credentials
[2026-10-04 23:46:26.647 Control 14291] Accepting connection...
[2026-10-04 23:46:26.647 Control 14291] NEW CLIENT 15121 from user 0: Server already exists
[2026-10-04 23:46:26.677 Control 14291] Accepting connection...
[2026-10-04 23:46:26.677 Control 14291] NEW CLIENT 15121 from user 0: Server already exists
[2026-10-04 23:46:35.034 Control 14291] Accepting connection...
[2026-10-04 23:46:35.034 Control 14291] User did not send valid credentials
[2026-10-04 23:46:35.034 Control 14291] Accepting connection...
[2026-10-04 23:46:35.034 Control 14291] NEW CLIENT 15146 from user 0: Server already exists
[2026-10-04 23:46:35.062 Control 14291] Accepting connection...
[2026-10-04 23:46:35.062 Control 14291] NEW CLIENT 15146 from user 0: Server already exists
[2026-10-04 23:46:42.433 Control 14291] Accepting connection...
[2026-10-04 23:46:42.433 Control 14291] User did not send valid credentials
[2026-10-04 23:46:42.433 Control 14291] Accepting connection...
[2026-10-04 23:46:42.433 Control 14291] NEW CLIENT 15170 from user 0: Server already exists
[2026-10-04 23:46:42.467 Control 14291] Accepting connection...
[2026-10-04 23:46:42.467 Control 14291] NEW CLIENT 15170 from user 0: Server already exists
[2026-10-04 23:46:49.928 Control 14291] Accepting connection...
[2026-10-04 23:46:49.928 Control 14291] User did not send valid credentials
[2026-10-04 23:46:49.928 Control 14291] Accepting connection...
[2026-10-04 23:46:49.928 Control 14291] NEW CLIENT 15187 from user 0: Server already exists
[2026-10-04 23:46:49.945 Control 14291] Accepting connection...
[2026-10-04 23:46:49.945 Control 14291] NEW CLIENT 15187 from user 0: Server already exists
[2026-10-04 23:46:53.931 Control 14291] Accepting connection...
[2026-10-04 23:46:53.931 Control 14291] User did not send valid credentials
[2026-10-04 23:46:53.931 Control 14291] Accepting connection...
[2026-10-04 23:46:53.931 Control 14291] NEW CLIENT 15210 from user 0: Server already exists
[2026-10-04 23:46:53.959 Control 14291] Accepting connection...
[2026-10-04 23:46:53.959 Control 14291] NEW CLIENT 15210 from user 0: Server already exists
[2026-10-04 23:47:02.323 Control 14291] Accepting connection...
[2026-10-04 23:47:02.323 Control 14291] User did not send valid credentials
[2026-10-04 23:47:02.323 Control 14291] Accepting connection...
[2026-10-04 23:47:02.323 Control 14291] NEW CLIENT 15230 from user 0: Server already exists
[2026-10-04 23:47:02.344 Control 14291] Accepting connection...
[2026-10-04 23:47:02.344 Control 14291] NEW CLIENT 15230 from user 0: Server already exists
[2026-10-04 23:47:06.325 Control 14291] Accepting connection...
[2026-10-04 23:47:06.325 Control 14291] User did not send valid credentials
[2026-10-04 23:47:06.325 Control 14291] Accepting connection...
[2026-10-04 23:47:06.325 Control 14291] NEW CLIENT 15253 from user 0: Server already exists
[2026-10-04 23:47:06.353 Control 14291] Accepting connection...
[2026-10-04 23:47:06.353 Control 14291] NEW CLIENT 15253 from user 0: Server already exists
[2026-10-04 23:47:14.721 Control 14291] Accepting connection...
[2026-10-04 23:47:14.721 Control 14291] User did not send valid credentials
[2026-10-04 23:47:14.721 Control 14291] Accepting connection...
[2026-10-04 23:47:14.721 Control 14291] NEW CLIENT 15273 from user 0: Server already exists
[2026-10-04 23:47:14.740 Control 14291] Accepting connection...
[2026-10-04 23:47:14.740 Control 14291] NEW CLIENT 15273 from user 0: Server already exists
[2026-10-04 23:47:18.723 Control 14291] Accepting connection...
[2026-10-04 23:47:18.723 Control 14291] User did not send valid credentials
[2026-10-04 23:47:18.723 Control 14291] Accepting connection...
[2026-10-04 23:47:18.723 Control 14291] NEW CLIENT 15296 from user 0: Server already exists
[2026-10-04 23:47:18.754 Control 14291] Accepting connection...
[2026-10-04 23:47:18.754 Control 14291] NEW CLIENT 15296 from user 0: Server already exists
[2026-10-04 23:47:27.120 Control 14291] Accepting connection...
[2026-10-04 23:47:27.120 Control 14291] User did not send valid credentials
[2026-10-04 23:47:27.120 Control 14291] Accepting connection...
[2026-10-04 23:47:27.120 Control 14291] NEW CLIENT 15316 from user 0: Server already exists
[2026-10-04 23:47:27.140 Control 14291] Accepting connection...
[2026-10-04 23:47:27.140 Control 14291] NEW CLIENT 15316 from user 0: Server already exists
[2026-10-04 23:47:31.123 Control 14291] Accepting connection...
[2026-10-04 23:47:31.123 Control 14291] User did not send valid credentials
[2026-10-04 23:47:31.123 Control 14291] Accepting connection...
[2026-10-04 23:47:31.123 Control 14291] NEW CLIENT 15339 from user 0: Server already exists
[2026-10-04 23:47:31.156 Control 14291] Accepting connection...
[2026-10-04 23:47:31.156 Control 14291] NEW CLIENT 15339 from user 0: Server already exists
[2026-10-04 23:47:39.505 Control 14291] Accepting connection...
[2026-10-04 23:47:39.505 Control 14291] User did not send valid credentials
[2026-10-04 23:47:39.505 Control 14291] Accepting connection...
[2026-10-04 23:47:39.505 Control 14291] NEW CLIENT 15359 from user 0: Server already exists
[2026-10-04 23:47:39.519 Control 14291] Accepting connection...
[2026-10-04 23:47:39.519 Control 14291] NEW CLIENT 15359 from user 0: Server already exists
[2026-10-04 23:47:43.516 Control 14291] Accepting connection...
[2026-10-04 23:47:43.516 Control 14291] User did not send valid credentials
[2026-10-04 23:47:43.516 Control 14291] Accepting connection...
[2026-10-04 23:47:43.516 Control 14291] NEW CLIENT 15382 from user 0: Server already exists
[2026-10-04 23:47:43.545 Control 14291] Accepting connection...
[2026-10-04 23:47:43.545 Control 14291] NEW CLIENT 15382 from user 0: Server already exists
[2026-10-04 23:47:51.907 Control 14291] Accepting connection...
[2026-10-04 23:47:51.907 Control 14291] User did not send valid credentials
[2026-10-04 23:47:51.907 Control 14291] Accepting connection...
[2026-10-04 23:47:51.907 Control 14291] NEW CLIENT 15402 from user 0: Server already exists
[2026-10-04 23:47:51.927 Control 14291] Accepting connection...
[2026-10-04 23:47:51.927 Control 14291] NEW CLIENT 15402 from user 0: Server already exists
[2026-10-04 23:47:55.909 Control 14291] Accepting connection...
[2026-10-04 23:47:55.909 Control 14291] User did not send valid credentials
[2026-10-04 23:47:55.909 Control 14291] Accepting connection...
[2026-10-04 23:47:55.909 Control 14291] NEW CLIENT 15425 from user 0: Server already exists
[2026-10-04 23:47:55.944 Control 14291] Accepting connection...
[2026-10-04 23:47:55.944 Control 14291] NEW CLIENT 15425 from user 0: Server already exists
[2026-10-04 23:48:06.453 Control 14291] Accepting connection...
[2026-10-04 23:48:06.453 Control 14291] NEW UI
[2026-10-04 23:48:06.453 Control 14291] Cmd:quit
[2026-10-04 23:48:06.453 Control 14291] Try shutting down server 14296, backoff is disabled
[2026-10-04 23:48:06.540 Control 14291] Server 14296 exited with status 0
[2026-10-04 23:48:06.540 Control 14291] Exit with status 0
