[2026-10-02 20:04:14.995 Control 11223] Starting control daemon using socket /workspace/cuphy-lockstep/mps-repeat-20261002T200055Z-10078-b9/control
[2026-10-02 20:04:14.995 Control 11223] To connect CUDA applications to this daemon, set env CUDA_MPS_PIPE_DIRECTORY=/workspace/cuphy-lockstep/mps-repeat-20261002T200055Z-10078-b9
[2026-10-02 20:04:14.995 Control 11223] CUDA MPS Control binary version: 13020
[2026-10-02 20:04:15.241 Control 11223] Accepting connection...
[2026-10-02 20:04:15.241 Control 11223] User did not send valid credentials
[2026-10-02 20:04:15.241 Control 11223] Accepting connection...
[2026-10-02 20:04:15.241 Control 11223] NEW CLIENT 11237 from user 0: Server is not ready, push client to pending list
[2026-10-02 20:04:15.242 Control 11242] Starting new server 11242 for user 0
[2026-10-02 20:04:15.244 Control 11223] Accepting connection...
[2026-10-02 20:04:15.352 Control 11223] NEW SERVER 11242: Ready
[2026-10-02 20:04:15.369 Control 11223] Accepting connection...
[2026-10-02 20:04:15.369 Control 11223] NEW CLIENT 11237 from user 0: Server already exists
[2026-10-02 20:04:19.251 Control 11223] Accepting connection...
[2026-10-02 20:04:19.251 Control 11223] User did not send valid credentials
[2026-10-02 20:04:19.251 Control 11223] Accepting connection...
[2026-10-02 20:04:19.251 Control 11223] NEW CLIENT 11268 from user 0: Server already exists
[2026-10-02 20:04:19.284 Control 11223] Accepting connection...
[2026-10-02 20:04:19.285 Control 11223] NEW CLIENT 11268 from user 0: Server already exists
[2026-10-02 20:04:28.550 Control 11223] Accepting connection...
[2026-10-02 20:04:28.550 Control 11223] User did not send valid credentials
[2026-10-02 20:04:28.550 Control 11223] Accepting connection...
[2026-10-02 20:04:28.550 Control 11223] NEW CLIENT 11319 from user 0: Server already exists
[2026-10-02 20:04:28.570 Control 11223] Accepting connection...
[2026-10-02 20:04:28.570 Control 11223] NEW CLIENT 11319 from user 0: Server already exists
[2026-10-02 20:04:32.560 Control 11223] Accepting connection...
[2026-10-02 20:04:32.560 Control 11223] User did not send valid credentials
[2026-10-02 20:04:32.560 Control 11223] Accepting connection...
[2026-10-02 20:04:32.560 Control 11223] NEW CLIENT 11344 from user 0: Server already exists
[2026-10-02 20:04:32.596 Control 11223] Accepting connection...
[2026-10-02 20:04:32.596 Control 11223] NEW CLIENT 11344 from user 0: Server already exists
[2026-10-02 20:04:41.597 Control 11223] Accepting connection...
[2026-10-02 20:04:41.597 Control 11223] NEW UI
[2026-10-02 20:04:41.597 Control 11223] Cmd:quit
[2026-10-02 20:04:41.597 Control 11223] Try shutting down server 11242, backoff is disabled
[2026-10-02 20:04:41.651 Control 11223] Server 11242 exited with status 0
[2026-10-02 20:04:41.651 Control 11223] Exit with status 0
