[2026-10-06 04:21:49.205 Control  5751] Starting control daemon using socket /workspace/gputrace/mps-pipe/control
[2026-10-06 04:21:49.205 Control  5751] To connect CUDA applications to this daemon, set env CUDA_MPS_PIPE_DIRECTORY=/workspace/gputrace/mps-pipe
[2026-10-06 04:21:49.205 Control  5751] CUDA MPS Control binary version: 13000
[2026-10-06 04:21:49.211 Control  5751] Accepting connection...
[2026-10-06 04:21:49.211 Control  5751] User did not send valid credentials
[2026-10-06 04:21:49.211 Control  5751] Accepting connection...
[2026-10-06 04:21:49.211 Control  5751] NEW CLIENT 5755 from user 0: Server is not ready, push client to pending list
[2026-10-06 04:21:49.211 Control  5757] Starting new server 5757 for user 0
[2026-10-06 04:21:49.213 Control  5751] Accepting connection...
[2026-10-06 04:21:49.374 Control  5751] NEW SERVER 5757: Ready
[2026-10-06 04:21:49.411 Control  5751] Accepting connection...
[2026-10-06 04:21:49.411 Control  5751] NEW CLIENT 5755 from user 0: Server already exists
[2026-10-06 04:21:50.047 Control  5751] Accepting connection...
[2026-10-06 04:21:50.047 Control  5751] User did not send valid credentials
[2026-10-06 04:21:50.047 Control  5751] Accepting connection...
[2026-10-06 04:21:50.047 Control  5751] NEW CLIENT 5764 from user 0: Server already exists
[2026-10-06 04:21:50.089 Control  5751] Accepting connection...
[2026-10-06 04:21:50.089 Control  5751] NEW CLIENT 5764 from user 0: Server already exists
[2026-10-06 04:22:03.000 Control  5751] Accepting connection...
[2026-10-06 04:22:03.000 Control  5751] User did not send valid credentials
[2026-10-06 04:22:03.000 Control  5751] Accepting connection...
[2026-10-06 04:22:03.000 Control  5751] NEW CLIENT 5779 from user 0: Server already exists
[2026-10-06 04:22:03.031 Control  5751] Accepting connection...
[2026-10-06 04:22:03.031 Control  5751] NEW CLIENT 5779 from user 0: Server already exists
[2026-10-06 04:22:03.672 Control  5751] Accepting connection...
[2026-10-06 04:22:03.672 Control  5751] User did not send valid credentials
[2026-10-06 04:22:03.672 Control  5751] Accepting connection...
[2026-10-06 04:22:03.672 Control  5751] NEW CLIENT 5785 from user 0: Server already exists
[2026-10-06 04:22:03.713 Control  5751] Accepting connection...
[2026-10-06 04:22:03.713 Control  5751] NEW CLIENT 5785 from user 0: Server already exists
[2026-10-06 04:22:16.628 Control  5751] Accepting connection...
[2026-10-06 04:22:16.628 Control  5751] User did not send valid credentials
[2026-10-06 04:22:16.628 Control  5751] Accepting connection...
[2026-10-06 04:22:16.628 Control  5751] NEW CLIENT 5800 from user 0: Server already exists
[2026-10-06 04:22:16.661 Control  5751] Accepting connection...
[2026-10-06 04:22:16.661 Control  5751] NEW CLIENT 5800 from user 0: Server already exists
[2026-10-06 04:22:21.184 Control  5751] Accepting connection...
[2026-10-06 04:22:21.184 Control  5751] NEW UI
[2026-10-06 04:22:21.184 Control  5751] Cmd:quit
[2026-10-06 04:22:21.184 Control  5751] Try shutting down server 5757, backoff is disabled
[2026-10-06 04:22:21.253 Control  5751] Server 5757 exited with status 0
[2026-10-06 04:22:21.253 Control  5751] Exit with status 0
