-- CMake version: 3.28.3
-- The CXX compiler identification is GNU 13.3.0
-- Detecting CXX compiler ABI info
-- Detecting CXX compiler ABI info - done
-- Check for working CXX compiler: /usr/bin/c++ - skipped
-- Detecting CXX compile features
-- Detecting CXX compile features - done
-- Version: 10.2.1
-- Build type: Release
-- Configuring done (0.1s)
-- Generating done (0.0s)
-- Build files have been written to: /workspace/cuphy-lockstep/deps/fmt/b
[1/4] Building CXX object CMakeFiles/fmt.dir/src/os.cc.o
[2/4] Building CXX object CMakeFiles/fmt.dir/src/format.cc.o
[3/4] Linking CXX shared library libfmt.so.10.2.1
[4/4] Creating library symlink libfmt.so.10 libfmt.so
-- Install configuration: "Release"
-- Installing: /usr/local/lib/libfmt.so.10.2.1
-- Installing: /usr/local/lib/libfmt.so.10
-- Installing: /usr/local/lib/libfmt.so
-- Installing: /usr/local/include/fmt/args.h
-- Installing: /usr/local/include/fmt/chrono.h
-- Installing: /usr/local/include/fmt/color.h
-- Installing: /usr/local/include/fmt/compile.h
-- Installing: /usr/local/include/fmt/core.h
-- Installing: /usr/local/include/fmt/format.h
-- Installing: /usr/local/include/fmt/format-inl.h
-- Installing: /usr/local/include/fmt/os.h
-- Installing: /usr/local/include/fmt/ostream.h
-- Installing: /usr/local/include/fmt/printf.h
-- Installing: /usr/local/include/fmt/ranges.h
-- Installing: /usr/local/include/fmt/std.h
-- Installing: /usr/local/include/fmt/xchar.h
-- Installing: /usr/local/lib/cmake/fmt/fmt-config.cmake
-- Installing: /usr/local/lib/cmake/fmt/fmt-config-version.cmake
-- Installing: /usr/local/lib/cmake/fmt/fmt-targets.cmake
-- Installing: /usr/local/lib/cmake/fmt/fmt-targets-release.cmake
-- Installing: /usr/local/lib/pkgconfig/fmt.pc
-- The CXX compiler identification is GNU 13.3.0
-- Detecting CXX compiler ABI info
-- Detecting CXX compiler ABI info - done
-- Check for working CXX compiler: /usr/bin/c++ - skipped
-- Detecting CXX compile features
-- Detecting CXX compile features - done
-- Configuring done (0.1s)
-- Generating done (0.0s)
-- Build files have been written to: /workspace/cuphy-lockstep/deps/fmtlog/b
[1/4] Building CXX object CMakeFiles/fmtlog-shared.dir/fmtlog.cc.o
[2/4] Building CXX object CMakeFiles/fmtlog-static.dir/fmtlog.cc.o
[3/4] Linking CXX static library libfmtlog-static.a
[4/4] Linking CXX shared library libfmtlog-shared.so
-- Install configuration: "Release"
-- Installing: /usr/local/lib/libfmtlog-shared.so
-- Set non-toolchain portion of runtime path of "/usr/local/lib/libfmtlog-shared.so" to ""
-- Installing: /usr/local/lib/libfmtlog-static.a
-- The CXX compiler identification is GNU 13.3.0
-- Detecting CXX compiler ABI info
-- Detecting CXX compiler ABI info - done
-- Check for working CXX compiler: /usr/bin/c++ - skipped
-- Detecting CXX compile features
-- Detecting CXX compile features - done
-- Project 'gsl-lite', version: '1.0.1'
-- Configuring done (0.2s)
-- Generating done (0.0s)
-- Build files have been written to: /workspace/cuphy-lockstep/deps/gsl-lite/b
ninja: no work to do.
-- Install configuration: "Release"
-- Up-to-date: /usr/local/include
-- Installing: /usr/local/include/gsl-lite
-- Installing: /usr/local/include/gsl-lite/gsl-lite.hpp
-- Installing: /usr/local/include/gsl
-- Installing: /usr/local/include/gsl/gsl-lite.hpp
-- Installing: /usr/local/share/cmake/gsl-lite/gsl-liteConfigVersion.cmake
-- Installing: /usr/local/share/cmake/gsl-lite/gsl-liteConfig.cmake
-- Installing: /usr/local/share/cmake/gsl-lite/gsl-liteTargets.cmake
-- The CXX compiler identification is GNU 13.3.0
-- Detecting CXX compiler ABI info
-- Detecting CXX compiler ABI info - done
-- Check for working CXX compiler: /usr/bin/c++ - skipped
-- Detecting CXX compile features
-- Detecting CXX compile features - done
-- Configuring done (0.2s)
-- Generating done (0.0s)
-- Build files have been written to: /workspace/cuphy-lockstep/deps/wise_enum/b
ninja: no work to do.
-- Install configuration: "Release"
-- Installing: /usr/local/include/wise_enum/compact_optional.h
-- Installing: /usr/local/include/wise_enum/optional.h
-- Installing: /usr/local/include/wise_enum/optional_common.h
-- Installing: /usr/local/include/wise_enum/wise_enum.h
-- Installing: /usr/local/include/wise_enum/wise_enum_detail.h
-- Installing: /usr/local/include/wise_enum/wise_enum_generated.h
-- Installing: /usr/local/lib/cmake/WiseEnum/WiseEnumConfig.cmake
-- Installing: /usr/local/lib/cmake/WiseEnum/WiseEnumConfigVersion.cmake
-- Installing: /usr/local/lib/pkgconfig/WiseEnum.pc
-- Installing: /usr/local/lib/cmake/WiseEnum/WiseEnumTargets.cmake
-- The CXX compiler identification is GNU 13.3.0
-- Detecting CXX compiler ABI info
-- Detecting CXX compiler ABI info - done
-- Check for working CXX compiler: /usr/bin/c++ - skipped
-- Detecting CXX compile features
-- Detecting CXX compile features - done
-- CMake 3.28.3
-- Could NOT find Doxygen (missing: DOXYGEN_EXECUTABLE) 
-- Doxygen not found, building docs has been disabled
-- Configuring done (0.1s)
-- Generating done (0.0s)
-- Build files have been written to: /workspace/cuphy-lockstep/deps/CLI11/b
ninja: no work to do.
-- Install configuration: "Release"
-- Installing: /usr/local/include/CLI/App.hpp
-- Installing: /usr/local/include/CLI/Config.hpp
-- Installing: /usr/local/include/CLI/ConfigFwd.hpp
-- Installing: /usr/local/include/CLI/Error.hpp
-- Installing: /usr/local/include/CLI/Formatter.hpp
-- Installing: /usr/local/include/CLI/FormatterFwd.hpp
-- Installing: /usr/local/include/CLI/Macros.hpp
-- Installing: /usr/local/include/CLI/Option.hpp
-- Installing: /usr/local/include/CLI/Split.hpp
-- Installing: /usr/local/include/CLI/StringTools.hpp
-- Installing: /usr/local/include/CLI/TypeTools.hpp
-- Installing: /usr/local/include/CLI/Validators.hpp
-- Installing: /usr/local/include/CLI/Version.hpp
-- Installing: /usr/local/include/CLI/Encoding.hpp
-- Installing: /usr/local/include/CLI/Argv.hpp
-- Installing: /usr/local/include/CLI/CLI.hpp
-- Installing: /usr/local/include/CLI/Timer.hpp
-- Installing: /usr/local/include/CLI/impl/App_inl.hpp
-- Installing: /usr/local/include/CLI/impl/Config_inl.hpp
-- Installing: /usr/local/include/CLI/impl/Formatter_inl.hpp
-- Installing: /usr/local/include/CLI/impl/Option_inl.hpp
-- Installing: /usr/local/include/CLI/impl/Split_inl.hpp
-- Installing: /usr/local/include/CLI/impl/StringTools_inl.hpp
-- Installing: /usr/local/include/CLI/impl/Validators_inl.hpp
-- Installing: /usr/local/include/CLI/impl/Encoding_inl.hpp
-- Installing: /usr/local/include/CLI/impl/Argv_inl.hpp
-- Installing: /usr/local/share/cmake/CLI11/CLI11ConfigVersion.cmake
-- Installing: /usr/local/share/cmake/CLI11/CLI11Config.cmake
-- Installing: /usr/local/share/pkgconfig/CLI11.pc
CMake Deprecation Warning at CMakeLists.txt:2 (cmake_minimum_required):
  Compatibility with CMake < 3.5 will be removed from a future version of
  CMake.

  Update the VERSION argument <min> value or use a ...<max> suffix to tell
  CMake that the project does not need compatibility with older versions.


-- The CXX compiler identification is GNU 13.3.0
-- Detecting CXX compiler ABI info
-- Detecting CXX compiler ABI info - done
-- Check for working CXX compiler: /usr/bin/c++ - skipped
-- Detecting CXX compile features
-- Detecting CXX compile features - done
-- Configuring done (0.1s)
-- Generating done (0.0s)
-- Build files have been written to: /workspace/cuphy-lockstep/deps/yaml-cpp/b
[0/2] Re-checking globbed directories...
[1/38] Building CXX object CMakeFiles/yaml-cpp.dir/src/directives.cpp.o
[2/38] Building CXX object CMakeFiles/yaml-cpp.dir/src/binary.cpp.o
[3/38] Building CXX object CMakeFiles/yaml-cpp.dir/src/exceptions.cpp.o
[4/38] Building CXX object CMakeFiles/yaml-cpp.dir/src/depthguard.cpp.o
[5/38] Building CXX object CMakeFiles/yaml-cpp.dir/src/node.cpp.o
[6/38] Building CXX object CMakeFiles/yaml-cpp.dir/src/contrib/graphbuilderadapter.cpp.o
[7/38] Building CXX object CMakeFiles/yaml-cpp.dir/src/contrib/graphbuilder.cpp.o
[8/38] Building CXX object CMakeFiles/yaml-cpp.dir/src/null.cpp.o
[9/38] Building CXX object CMakeFiles/yaml-cpp.dir/src/memory.cpp.o
[10/38] Building CXX object CMakeFiles/yaml-cpp.dir/src/emit.cpp.o
[11/38] Building CXX object CMakeFiles/yaml-cpp.dir/src/emitfromevents.cpp.o
[12/38] Building CXX object CMakeFiles/yaml-cpp.dir/src/exp.cpp.o
[13/38] Building CXX object CMakeFiles/yaml-cpp.dir/src/ostream_wrapper.cpp.o
[14/38] Building CXX object CMakeFiles/yaml-cpp.dir/src/emitterstate.cpp.o
[15/38] Building CXX object CMakeFiles/yaml-cpp.dir/src/convert.cpp.o
[16/38] Building CXX object CMakeFiles/yaml-cpp.dir/src/node_data.cpp.o
[17/38] Building CXX object CMakeFiles/yaml-cpp.dir/src/nodebuilder.cpp.o
[18/38] Building CXX object CMakeFiles/yaml-cpp.dir/src/nodeevents.cpp.o
[19/38] Building CXX object CMakeFiles/yaml-cpp.dir/src/emitter.cpp.o
[20/38] Building CXX object CMakeFiles/yaml-cpp.dir/src/regex_yaml.cpp.o
[21/38] Building CXX object CMakeFiles/yaml-cpp.dir/src/stream.cpp.o
[22/38] Building CXX object CMakeFiles/yaml-cpp.dir/src/parser.cpp.o
[23/38] Building CXX object CMakeFiles/yaml-cpp.dir/src/simplekey.cpp.o
[24/38] Building CXX object CMakeFiles/yaml-cpp.dir/src/parse.cpp.o
[25/38] Building CXX object CMakeFiles/yaml-cpp.dir/src/tag.cpp.o
[26/38] Building CXX object CMakeFiles/yaml-cpp.dir/src/scanscalar.cpp.o
[27/38] Building CXX object CMakeFiles/yaml-cpp.dir/src/singledocparser.cpp.o
[28/38] Building CXX object util/CMakeFiles/yaml-cpp-parse.dir/parse.cpp.o
[29/38] Building CXX object CMakeFiles/yaml-cpp.dir/src/scantag.cpp.o
[30/38] Building CXX object util/CMakeFiles/yaml-cpp-read.dir/read.cpp.o
[31/38] Building CXX object util/CMakeFiles/yaml-cpp-sandbox.dir/sandbox.cpp.o
[32/38] Building CXX object CMakeFiles/yaml-cpp.dir/src/scanner.cpp.o
[33/38] Building CXX object CMakeFiles/yaml-cpp.dir/src/scantoken.cpp.o
[34/38] Building CXX object CMakeFiles/yaml-cpp.dir/src/emitterutils.cpp.o
[35/38] Linking CXX static library libyaml-cpp.a
[36/38] Linking CXX executable util/sandbox
[37/38] Linking CXX executable util/read
[38/38] Linking CXX executable util/parse
-- Install configuration: "Release"
-- Installing: /usr/local/lib/libyaml-cpp.a
-- Up-to-date: /usr/local/include
-- Installing: /usr/local/include/yaml-cpp
-- Installing: /usr/local/include/yaml-cpp/anchor.h
-- Installing: /usr/local/include/yaml-cpp/binary.h
-- Installing: /usr/local/include/yaml-cpp/contrib
-- Installing: /usr/local/include/yaml-cpp/contrib/anchordict.h
-- Installing: /usr/local/include/yaml-cpp/contrib/graphbuilder.h
-- Installing: /usr/local/include/yaml-cpp/depthguard.h
-- Installing: /usr/local/include/yaml-cpp/dll.h
-- Installing: /usr/local/include/yaml-cpp/emitfromevents.h
-- Installing: /usr/local/include/yaml-cpp/emitter.h
-- Installing: /usr/local/include/yaml-cpp/emitterdef.h
-- Installing: /usr/local/include/yaml-cpp/emittermanip.h
-- Installing: /usr/local/include/yaml-cpp/emitterstyle.h
-- Installing: /usr/local/include/yaml-cpp/eventhandler.h
-- Installing: /usr/local/include/yaml-cpp/exceptions.h
-- Installing: /usr/local/include/yaml-cpp/mark.h
-- Installing: /usr/local/include/yaml-cpp/node
-- Installing: /usr/local/include/yaml-cpp/node/convert.h
-- Installing: /usr/local/include/yaml-cpp/node/detail
-- Installing: /usr/local/include/yaml-cpp/node/detail/impl.h
-- Installing: /usr/local/include/yaml-cpp/node/detail/iterator.h
-- Installing: /usr/local/include/yaml-cpp/node/detail/iterator_fwd.h
-- Installing: /usr/local/include/yaml-cpp/node/detail/memory.h
-- Installing: /usr/local/include/yaml-cpp/node/detail/node.h
-- Installing: /usr/local/include/yaml-cpp/node/detail/node_data.h
-- Installing: /usr/local/include/yaml-cpp/node/detail/node_iterator.h
-- Installing: /usr/local/include/yaml-cpp/node/detail/node_ref.h
-- Installing: /usr/local/include/yaml-cpp/node/emit.h
-- Installing: /usr/local/include/yaml-cpp/node/impl.h
-- Installing: /usr/local/include/yaml-cpp/node/iterator.h
-- Installing: /usr/local/include/yaml-cpp/node/node.h
-- Installing: /usr/local/include/yaml-cpp/node/parse.h
-- Installing: /usr/local/include/yaml-cpp/node/ptr.h
-- Installing: /usr/local/include/yaml-cpp/node/type.h
-- Installing: /usr/local/include/yaml-cpp/noexcept.h
-- Installing: /usr/local/include/yaml-cpp/null.h
-- Installing: /usr/local/include/yaml-cpp/ostream_wrapper.h
-- Installing: /usr/local/include/yaml-cpp/parser.h
-- Installing: /usr/local/include/yaml-cpp/stlemitter.h
-- Installing: /usr/local/include/yaml-cpp/traits.h
-- Installing: /usr/local/include/yaml-cpp/yaml.h
-- Installing: /usr/local/lib/cmake/yaml-cpp/yaml-cpp-targets.cmake
-- Installing: /usr/local/lib/cmake/yaml-cpp/yaml-cpp-targets-release.cmake
-- Installing: /usr/local/lib/cmake/yaml-cpp/yaml-cpp-config.cmake
-- Installing: /usr/local/lib/cmake/yaml-cpp/yaml-cpp-config-version.cmake
-- Installing: /usr/local/lib/pkgconfig/yaml-cpp.pc
