File extension: h5
PuschRx Pipeline[0]: Failed to set scheduling algo pid 13074, prio 99, return code -1: err Operation not permitted
PuschRx Pipeline[0]: pid 13074 set affinity to CPU 1
PuschRx Pipeline[0]: Wait for start-sync point
Run config: GPU Id 0, # of pipelines 1
PuschRx Pipeline[0]: start-syncpoint hit
PuschRx Pipeline[0]: For transmission 1 using filename /workspace/cuphy-lockstep/tv/GPU_test_input/TVnr_7304_PUSCH_gNB_CUPHY_s0p0.h5
Lockstep validation: payload/CB errors 0, CRC errors 0
Lockstep validation: payload/CB errors 0, CRC errors 0
CUPHY_LOCKSTEP mode=cpu correctness=pass recorded=5000 skipped=0 p99_start_us=12.080 misses=0/5000
PuschRx Pipeline[0]: Joining worker thread
nvlog_fmtlog_close: fmtlog thread already stopped
20:16:14.267294 nvlog.cpp:267    CON[13068 ] [NVLOG.CPP] Using /workspace/cuphy-lockstep/cuPHY/nvlog/config/nvlog_config.yaml for nvlog configuration
20:16:14.267349 exit_handler.cpp:44 CON[13071 ] [NVLOG.EXIT_HANDLER] [exit_watchdog] thread started on core 8
20:16:14.276883 nvlog.cpp:338    ERR[13068 ] [AERIAL_YAML_PARSER_EVENT] [NVLOG.CPP] Failed to load yaml file: /workspace/cuphy-lockstep/cuPHY/nvlog/config/nvlog_config.yaml (bad file: /workspace/cuphy-lockstep/cuPHY/nvlog/config/nvlog_config.yaml)
20:16:14.408230 datasets.cpp:1026 CON[13074 ] [CUPHY.PUSCH_RX] PUSCH 7.2a O-RAN functional split.
20:16:14.415009 datasets.cpp:1041 CON[13074 ] [CUPHY.PUSCH_RX] run PUSCH pipeline.
20:16:14.415009 datasets.cpp:1066 CON[13074 ] [CUPHY.PUSCH_RX] run PUSCH pipeline with UCI-on-PUSCH.
20:16:14.422116 datasets.cpp:1189 CON[13074 ] [CUPHY.PUSCH_RX] LDPC throughput mode enabled
20:16:14.465328 cuphy.hpp:105    CON[13074 ] [CUPHY.MEMFOOT] cuphyMemoryFootprint - GPU allocation: 697.727 MiB for cuPHY PUSCH channel object (0x7229b4056720).
20:16:14.465329 pusch_rx.cpp:1461 CON[13074 ] [CUPHY.PUSCH_RX] PuschRx: Running with eqCoeffAlgo 3
20:16:14.760955 datasets.cpp:2673 CON[13074 ] [CUPHY.PUSCH_RX] Cell # 0 : TbIdx: 0 Metric - Block Error Rate      : 0.0000 (Error CBs 0, Mismatched CBs 0, MismatchedCRC CBs 0, Total CBs 152)
20:16:14.760956 datasets.cpp:2710 CON[13074 ] [CUPHY.PUSCH_RX] Cell # 0 :          Metric - TB CRC Error      :(MismatchedCRC TBs 0, Total TBs 1)
20:16:21.910871 datasets.cpp:2673 CON[13074 ] [CUPHY.PUSCH_RX] Cell # 0 : TbIdx: 0 Metric - Block Error Rate      : 0.0000 (Error CBs 0, Mismatched CBs 0, MismatchedCRC CBs 0, Total CBs 152)
20:16:21.910872 datasets.cpp:2710 CON[13074 ] [CUPHY.PUSCH_RX] Cell # 0 :          Metric - TB CRC Error      :(MismatchedCRC TBs 0, Total TBs 1)
20:16:21.919701 nvlog.cpp:189    CON[13068 ] [NVLOG.CPP] nvlog_fmtlog_close: closing FMT log from [cuphy_ex_pusch_] thread on core 11, last file path is /tmp
