File extension: h5
PuschRx Pipeline[0]: Failed to set scheduling algo pid 13212, prio 99, return code -1: err Operation not permitted
PuschRx Pipeline[0]: pid 13212 set affinity to CPU 1
PuschRx Pipeline[0]: Wait for start-sync point
Run config: GPU Id 0, # of pipelines 1
PuschRx Pipeline[0]: start-syncpoint hit
PuschRx Pipeline[0]: For transmission 1 using filename /workspace/cuphy-lockstep/tv/GPU_test_input/TVnr_7304_PUSCH_gNB_CUPHY_s0p0.h5
Lockstep validation: payload/CB errors 0, CRC errors 0
Lockstep validation: payload/CB errors 0, CRC errors 0
CUPHY_LOCKSTEP mode=cpu correctness=pass recorded=5000 skipped=0 p99_start_us=12.171 misses=0/5000
PuschRx Pipeline[0]: Joining worker thread
nvlog_fmtlog_close: fmtlog thread already stopped
20:16:39.656164 nvlog.cpp:267    CON[13206 ] [NVLOG.CPP] Using /workspace/cuphy-lockstep/cuPHY/nvlog/config/nvlog_config.yaml for nvlog configuration
20:16:39.656217 exit_handler.cpp:44 CON[13209 ] [NVLOG.EXIT_HANDLER] [exit_watchdog] thread started on core 11
20:16:39.665012 nvlog.cpp:338    ERR[13206 ] [AERIAL_YAML_PARSER_EVENT] [NVLOG.CPP] Failed to load yaml file: /workspace/cuphy-lockstep/cuPHY/nvlog/config/nvlog_config.yaml (bad file: /workspace/cuphy-lockstep/cuPHY/nvlog/config/nvlog_config.yaml)
20:16:39.798077 datasets.cpp:1026 CON[13212 ] [CUPHY.PUSCH_RX] PUSCH 7.2a O-RAN functional split.
20:16:39.805546 datasets.cpp:1041 CON[13212 ] [CUPHY.PUSCH_RX] run PUSCH pipeline.
20:16:39.805546 datasets.cpp:1066 CON[13212 ] [CUPHY.PUSCH_RX] run PUSCH pipeline with UCI-on-PUSCH.
20:16:39.813532 datasets.cpp:1189 CON[13212 ] [CUPHY.PUSCH_RX] LDPC throughput mode enabled
20:16:39.859900 cuphy.hpp:105    CON[13212 ] [CUPHY.MEMFOOT] cuphyMemoryFootprint - GPU allocation: 697.727 MiB for cuPHY PUSCH channel object (0x7d2920056720).
20:16:39.859902 pusch_rx.cpp:1461 CON[13212 ] [CUPHY.PUSCH_RX] PuschRx: Running with eqCoeffAlgo 3
20:16:40.143645 datasets.cpp:2673 CON[13212 ] [CUPHY.PUSCH_RX] Cell # 0 : TbIdx: 0 Metric - Block Error Rate      : 0.0000 (Error CBs 0, Mismatched CBs 0, MismatchedCRC CBs 0, Total CBs 152)
20:16:40.143647 datasets.cpp:2710 CON[13212 ] [CUPHY.PUSCH_RX] Cell # 0 :          Metric - TB CRC Error      :(MismatchedCRC TBs 0, Total TBs 1)
20:16:47.296456 datasets.cpp:2673 CON[13212 ] [CUPHY.PUSCH_RX] Cell # 0 : TbIdx: 0 Metric - Block Error Rate      : 0.0000 (Error CBs 0, Mismatched CBs 0, MismatchedCRC CBs 0, Total CBs 152)
20:16:47.296457 datasets.cpp:2710 CON[13212 ] [CUPHY.PUSCH_RX] Cell # 0 :          Metric - TB CRC Error      :(MismatchedCRC TBs 0, Total TBs 1)
20:16:47.305593 nvlog.cpp:189    CON[13206 ] [NVLOG.CPP] nvlog_fmtlog_close: closing FMT log from [cuphy_ex_pusch_] thread on core 11, last file path is /tmp
