[2026-10-02 20:01:52.351 Control 10438] Starting control daemon using socket /workspace/cuphy-lockstep/mps-repeat-20261002T200055Z-10078-b3/control
[2026-10-02 20:01:52.351 Control 10438] To connect CUDA applications to this daemon, set env CUDA_MPS_PIPE_DIRECTORY=/workspace/cuphy-lockstep/mps-repeat-20261002T200055Z-10078-b3
[2026-10-02 20:01:52.351 Control 10438] CUDA MPS Control binary version: 13020
[2026-10-02 20:01:52.577 Control 10438] Accepting connection...
[2026-10-02 20:01:52.577 Control 10438] User did not send valid credentials
[2026-10-02 20:01:52.577 Control 10438] Accepting connection...
[2026-10-02 20:01:52.577 Control 10438] NEW CLIENT 10452 from user 0: Server is not ready, push client to pending list
[2026-10-02 20:01:52.577 Control 10457] Starting new server 10457 for user 0
[2026-10-02 20:01:52.580 Control 10438] Accepting connection...
[2026-10-02 20:01:52.674 Control 10438] NEW SERVER 10457: Ready
[2026-10-02 20:01:52.692 Control 10438] Accepting connection...
[2026-10-02 20:01:52.692 Control 10438] NEW CLIENT 10452 from user 0: Server already exists
[2026-10-02 20:01:56.588 Control 10438] Accepting connection...
[2026-10-02 20:01:56.588 Control 10438] User did not send valid credentials
[2026-10-02 20:01:56.588 Control 10438] Accepting connection...
[2026-10-02 20:01:56.588 Control 10438] NEW CLIENT 10481 from user 0: Server already exists
[2026-10-02 20:01:56.623 Control 10438] Accepting connection...
[2026-10-02 20:01:56.623 Control 10438] NEW CLIENT 10481 from user 0: Server already exists
[2026-10-02 20:02:05.817 Control 10438] Accepting connection...
[2026-10-02 20:02:05.817 Control 10438] User did not send valid credentials
[2026-10-02 20:02:05.817 Control 10438] Accepting connection...
[2026-10-02 20:02:05.817 Control 10438] NEW CLIENT 10520 from user 0: Server already exists
[2026-10-02 20:02:05.831 Control 10438] Accepting connection...
[2026-10-02 20:02:05.831 Control 10438] NEW CLIENT 10520 from user 0: Server already exists
[2026-10-02 20:02:09.823 Control 10438] Accepting connection...
[2026-10-02 20:02:09.823 Control 10438] User did not send valid credentials
[2026-10-02 20:02:09.823 Control 10438] Accepting connection...
[2026-10-02 20:02:09.823 Control 10438] NEW CLIENT 10545 from user 0: Server already exists
[2026-10-02 20:02:09.857 Control 10438] Accepting connection...
[2026-10-02 20:02:09.857 Control 10438] NEW CLIENT 10545 from user 0: Server already exists
[2026-10-02 20:02:18.860 Control 10438] Accepting connection...
[2026-10-02 20:02:18.860 Control 10438] NEW UI
[2026-10-02 20:02:18.860 Control 10438] Cmd:quit
[2026-10-02 20:02:18.860 Control 10438] Try shutting down server 10457, backoff is disabled
[2026-10-02 20:02:18.926 Control 10438] Server 10457 exited with status 0
[2026-10-02 20:02:18.926 Control 10438] Exit with status 0
