[lockstep 17:28:03] case cpu_alone (mode cpu, in-process load none, timeout 183s)
cpu  load=none   cpu_alone        start_err p50     6.40 p99    26.41 p99.9    40.77 max     98.12 us | launch_prec p50    6.49 | exec p50  128.0 | miss 0/2000 skipped 0 err 0
[lockstep 17:28:10] case gpu_alone (mode gpu, in-process load none, timeout 183s)
gpu  load=none   gpu_alone        start_err p50     3.62 p99     4.11 p99.9     4.12 max      4.12 us | launch_prec p50    3.58 | exec p50  122.9 | miss 0/2000 skipped 0 err 0
[lockstep 17:28:18] case cpu_inproc (mode cpu, in-process load stream, timeout 183s)
cpu  load=stream cpu_inproc       start_err p50    62.62 p99   165.01 p99.9   194.19 max    194.19 us | launch_prec p50   62.55 | exec p50  772.1 | miss 1584/2000 skipped 999 err 0
[lockstep 17:28:26] case gpu_inproc (mode gpu, in-process load stream, timeout 183s)
gpu  load=stream gpu_inproc       start_err p50    21.91 p99    56.55 p99.9   173.38 max    196.56 us | launch_prec p50   21.87 | exec p50  768.0 | miss 1699/2000 skipped 971 err 0
[lockstep 17:28:40] case cpu_proc_sgemm (mode cpu, in-process load none, timeout 183s)
cpu  load=none   cpu_proc_sgemm   start_err p50  2012.71 p99  3113.93 p99.9  4482.32 max   4482.32 us | launch_prec p50 2012.37 | exec p50  136.2 | miss 1993/2000 skipped 1568 err 0
[lockstep 17:28:55] case gpu_proc_sgemm (mode gpu, in-process load none, timeout 183s)
gpu  load=none   gpu_proc_sgemm   start_err p50     3.75 p99  2277.44 p99.9  2298.40 max   2311.38 us | launch_prec p50    3.73 | exec p50  123.9 | miss 1090/2000 skipped 869 err 0
[lockstep 17:29:12] case cpu_mps_sgemm (mode cpu, in-process load none, timeout 183s)
cpu  load=none   cpu_mps_sgemm    start_err p50     6.42 p99    21.77 p99.9    26.97 max     29.54 us | launch_prec p50    6.49 | exec p50  217.1 | miss 0/2000 skipped 0 err 0
[lockstep 17:29:26] case gpu_mps_sgemm (mode gpu, in-process load none, timeout 183s)
gpu  load=none   gpu_mps_sgemm    start_err p50     3.83 p99     5.16 p99.9     5.20 max      5.21 us | launch_prec p50    3.73 | exec p50  223.2 | miss 0/2000 skipped 0 err 0
[lockstep 17:29:34] summary
case                ok  start p50       p99        max  prec p50       p99  exec p50     miss      of   skip
cpu_alone         True        6.4      26.4       98.1       6.5      26.5     128.0        0    2000      0 
cpu_inproc        True       62.6     165.0      194.2      62.6     165.0     772.1     1584    2000    999 
cpu_mps_sgemm     True        6.4      21.8       29.5       6.5      21.8     217.1        0    2000      0 
cpu_proc_sgemm    True     2012.7    3113.9     4482.3    2012.4    3113.5     136.2     1993    2000   1568 
gpu_alone         True        3.6       4.1        4.1       3.6       4.1     122.9        0    2000      0 
gpu_inproc        True       21.9      56.5      196.6      21.9      56.5     768.0     1699    2000    971 
gpu_mps_sgemm     True        3.8       5.2        5.2       3.7       5.1     223.2        0    2000      0 
gpu_proc_sgemm    True        3.7    2277.4     2311.4       3.7    2277.4     123.9     1090    2000    869 
