[2026-10-08 01:58:16.673 Control  1729] Starting control daemon using socket /root/res/instr/mps-pipe/control
[2026-10-08 01:58:16.673 Control  1729] To connect CUDA applications to this daemon, set env CUDA_MPS_PIPE_DIRECTORY=/root/res/instr/mps-pipe
[2026-10-08 01:58:16.673 Control  1729] CUDA MPS Control binary version: 13000
[2026-10-08 01:58:16.677 Control  1729] Accepting connection...
[2026-10-08 01:58:16.677 Control  1729] User did not send valid credentials
[2026-10-08 01:58:16.677 Control  1729] Accepting connection...
[2026-10-08 01:58:16.677 Control  1729] NEW CLIENT 1731 from user 0: Server is not ready, push client to pending list
[2026-10-08 01:58:16.677 Control  1733] Starting new server 1733 for user 0
[2026-10-08 01:58:16.679 Control  1729] Accepting connection...
[2026-10-08 01:58:16.830 Control  1729] NEW SERVER 1733: Ready
[2026-10-08 01:58:16.858 Control  1729] Accepting connection...
[2026-10-08 01:58:16.858 Control  1729] NEW CLIENT 1731 from user 0: Server already exists
[2026-10-08 01:58:17.081 Control  1729] Accepting connection...
[2026-10-08 01:58:17.081 Control  1729] User did not send valid credentials
[2026-10-08 01:58:17.081 Control  1729] Accepting connection...
[2026-10-08 01:58:17.081 Control  1729] NEW CLIENT 1740 from user 0: Server already exists
[2026-10-08 01:58:17.131 Control  1729] Accepting connection...
[2026-10-08 01:58:17.131 Control  1729] NEW CLIENT 1740 from user 0: Server already exists
[2026-10-08 01:58:32.178 Control  1729] Accepting connection...
[2026-10-08 01:58:32.178 Control  1729] NEW UI
[2026-10-08 01:58:32.178 Control  1729] Cmd:quit
[2026-10-08 01:58:32.178 Control  1729] Try shutting down server 1733, backoff is disabled
[2026-10-08 01:58:32.222 Control  1729] Server 1733 exited with status 0
[2026-10-08 01:58:32.222 Control  1729] Exit with status 0
