File extension: h5
PuschRx Pipeline[0]: Failed to set scheduling algo pid 35412, prio 99, return code -1: err Operation not permitted
PuschRx Pipeline[0]: pid 35412 set affinity to CPU 1
PuschRx Pipeline[0]: Wait for start-sync point
Run config: GPU Id 0, # of pipelines 1
PuschRx Pipeline[0]: start-syncpoint hit
PuschRx Pipeline[0]: For transmission 1 using filename /workspace/cuphy-lockstep/tv/GPU_test_input/TVnr_7304_PUSCH_gNB_CUPHY_s0p0.h5
Lockstep validation: payload/CB errors 0, CRC errors 0
Lockstep validation: payload/CB errors 0, CRC errors 0
CUPHY_LOCKSTEP mode=gpu correctness=pass recorded=64 skipped=0 p99_start_us=5.121 misses=0/64
PuschRx Pipeline[0]: Joining worker thread
nvlog_fmtlog_close: fmtlog thread already stopped
01:45:34.741679 nvlog.cpp:267    CON[35406 ] [NVLOG.CPP] Using /workspace/cuphy-lockstep/cuPHY/nvlog/config/nvlog_config.yaml for nvlog configuration
01:45:34.743156 exit_handler.cpp:44 CON[35409 ] [NVLOG.EXIT_HANDLER] [exit_watchdog] thread started on core 158
01:45:34.756100 nvlog.cpp:338    ERR[35406 ] [AERIAL_YAML_PARSER_EVENT] [NVLOG.CPP] Failed to load yaml file: /workspace/cuphy-lockstep/cuPHY/nvlog/config/nvlog_config.yaml (bad file: /workspace/cuphy-lockstep/cuPHY/nvlog/config/nvlog_config.yaml)
01:45:34.926822 datasets.cpp:1026 CON[35412 ] [CUPHY.PUSCH_RX] PUSCH 7.2a O-RAN functional split.
01:45:34.940182 datasets.cpp:1041 CON[35412 ] [CUPHY.PUSCH_RX] run PUSCH pipeline.
01:45:34.940183 datasets.cpp:1066 CON[35412 ] [CUPHY.PUSCH_RX] run PUSCH pipeline with UCI-on-PUSCH.
01:45:34.957816 datasets.cpp:1189 CON[35412 ] [CUPHY.PUSCH_RX] LDPC throughput mode enabled
01:45:35.030356 cuphy.hpp:105    CON[35412 ] [CUPHY.MEMFOOT] cuphyMemoryFootprint - GPU allocation: 697.727 MiB for cuPHY PUSCH channel object (0x7a4148056720).
01:45:35.030358 pusch_rx.cpp:1461 CON[35412 ] [CUPHY.PUSCH_RX] PuschRx: Running with eqCoeffAlgo 3
01:45:35.623542 datasets.cpp:2673 CON[35412 ] [CUPHY.PUSCH_RX] Cell # 0 : TbIdx: 0 Metric - Block Error Rate      : 0.0000 (Error CBs 0, Mismatched CBs 0, MismatchedCRC CBs 0, Total CBs 152)
01:45:35.623544 datasets.cpp:2710 CON[35412 ] [CUPHY.PUSCH_RX] Cell # 0 :          Metric - TB CRC Error      :(MismatchedCRC TBs 0, Total TBs 1)
01:45:40.310307 datasets.cpp:2673 CON[35412 ] [CUPHY.PUSCH_RX] Cell # 0 : TbIdx: 0 Metric - Block Error Rate      : 0.0000 (Error CBs 0, Mismatched CBs 0, MismatchedCRC CBs 0, Total CBs 152)
01:45:40.310315 datasets.cpp:2710 CON[35412 ] [CUPHY.PUSCH_RX] Cell # 0 :          Metric - TB CRC Error      :(MismatchedCRC TBs 0, Total TBs 1)
01:45:40.542832 nvlog.cpp:189    CON[35406 ] [NVLOG.CPP] nvlog_fmtlog_close: closing FMT log from [cuphy_ex_pusch_] thread on core 62, last file path is /tmp
