File extension: h5
PuschRx Pipeline[0]: Failed to set scheduling algo pid 35551, prio 99, return code -1: err Operation not permitted
PuschRx Pipeline[0]: pid 35551 set affinity to CPU 1
PuschRx Pipeline[0]: Wait for start-sync point
Run config: GPU Id 0, # of pipelines 1
PuschRx Pipeline[0]: start-syncpoint hit
PuschRx Pipeline[0]: For transmission 1 using filename /workspace/cuphy-lockstep/tv/GPU_test_input/TVnr_7304_PUSCH_gNB_CUPHY_s0p0.h5
Lockstep validation: payload/CB errors 0, CRC errors 0
Lockstep validation: payload/CB errors 0, CRC errors 0
CUPHY_LOCKSTEP mode=cpu correctness=pass recorded=4969 skipped=31 p99_start_us=30.183 misses=320/5000
PuschRx Pipeline[0]: Joining worker thread
nvlog_fmtlog_close: fmtlog thread already stopped
01:45:57.446276 nvlog.cpp:267    CON[35545 ] [NVLOG.CPP] Using /workspace/cuphy-lockstep/cuPHY/nvlog/config/nvlog_config.yaml for nvlog configuration
01:45:57.447149 exit_handler.cpp:44 CON[35548 ] [NVLOG.EXIT_HANDLER] [exit_watchdog] thread started on core 187
01:45:57.458964 nvlog.cpp:338    ERR[35545 ] [AERIAL_YAML_PARSER_EVENT] [NVLOG.CPP] Failed to load yaml file: /workspace/cuphy-lockstep/cuPHY/nvlog/config/nvlog_config.yaml (bad file: /workspace/cuphy-lockstep/cuPHY/nvlog/config/nvlog_config.yaml)
01:45:57.632762 datasets.cpp:1026 CON[35551 ] [CUPHY.PUSCH_RX] PUSCH 7.2a O-RAN functional split.
01:45:57.651859 datasets.cpp:1041 CON[35551 ] [CUPHY.PUSCH_RX] run PUSCH pipeline.
01:45:57.651861 datasets.cpp:1066 CON[35551 ] [CUPHY.PUSCH_RX] run PUSCH pipeline with UCI-on-PUSCH.
01:45:57.678016 datasets.cpp:1189 CON[35551 ] [CUPHY.PUSCH_RX] LDPC throughput mode enabled
01:45:57.753709 cuphy.hpp:105    CON[35551 ] [CUPHY.MEMFOOT] cuphyMemoryFootprint - GPU allocation: 697.727 MiB for cuPHY PUSCH channel object (0x7bc364056720).
01:45:57.753710 pusch_rx.cpp:1461 CON[35551 ] [CUPHY.PUSCH_RX] PuschRx: Running with eqCoeffAlgo 3
01:45:58.182040 datasets.cpp:2673 CON[35551 ] [CUPHY.PUSCH_RX] Cell # 0 : TbIdx: 0 Metric - Block Error Rate      : 0.0000 (Error CBs 0, Mismatched CBs 0, MismatchedCRC CBs 0, Total CBs 152)
01:45:58.182042 datasets.cpp:2710 CON[35551 ] [CUPHY.PUSCH_RX] Cell # 0 :          Metric - TB CRC Error      :(MismatchedCRC TBs 0, Total TBs 1)
01:46:05.339012 datasets.cpp:2673 CON[35551 ] [CUPHY.PUSCH_RX] Cell # 0 : TbIdx: 0 Metric - Block Error Rate      : 0.0000 (Error CBs 0, Mismatched CBs 0, MismatchedCRC CBs 0, Total CBs 152)
01:46:05.339034 datasets.cpp:2710 CON[35551 ] [CUPHY.PUSCH_RX] Cell # 0 :          Metric - TB CRC Error      :(MismatchedCRC TBs 0, Total TBs 1)
01:46:05.377790 nvlog.cpp:189    CON[35545 ] [NVLOG.CPP] nvlog_fmtlog_close: closing FMT log from [cuphy_ex_pusch_] thread on core 91, last file path is /tmp
