File extension: h5
PuschRx Pipeline[0]: Failed to set scheduling algo pid 35646, prio 99, return code -1: err Operation not permitted
PuschRx Pipeline[0]: pid 35646 set affinity to CPU 1
PuschRx Pipeline[0]: Wait for start-sync point
Run config: GPU Id 0, # of pipelines 1
PuschRx Pipeline[0]: start-syncpoint hit
PuschRx Pipeline[0]: For transmission 1 using filename /workspace/cuphy-lockstep/tv/GPU_test_input/TVnr_7304_PUSCH_gNB_CUPHY_s0p0.h5
Lockstep validation: payload/CB errors 0, CRC errors 0
Lockstep validation: payload/CB errors 0, CRC errors 0
CUPHY_LOCKSTEP mode=cpu correctness=pass recorded=4972 skipped=28 p99_start_us=86.780 misses=331/5000
PuschRx Pipeline[0]: Joining worker thread
nvlog_fmtlog_close: fmtlog thread already stopped
01:46:15.861842 nvlog.cpp:267    CON[35640 ] [NVLOG.CPP] Using /workspace/cuphy-lockstep/cuPHY/nvlog/config/nvlog_config.yaml for nvlog configuration
01:46:15.863137 exit_handler.cpp:44 CON[35643 ] [NVLOG.EXIT_HANDLER] [exit_watchdog] thread started on core 76
01:46:15.875558 nvlog.cpp:338    ERR[35640 ] [AERIAL_YAML_PARSER_EVENT] [NVLOG.CPP] Failed to load yaml file: /workspace/cuphy-lockstep/cuPHY/nvlog/config/nvlog_config.yaml (bad file: /workspace/cuphy-lockstep/cuPHY/nvlog/config/nvlog_config.yaml)
01:46:16.048249 datasets.cpp:1026 CON[35646 ] [CUPHY.PUSCH_RX] PUSCH 7.2a O-RAN functional split.
01:46:16.061285 datasets.cpp:1041 CON[35646 ] [CUPHY.PUSCH_RX] run PUSCH pipeline.
01:46:16.061286 datasets.cpp:1066 CON[35646 ] [CUPHY.PUSCH_RX] run PUSCH pipeline with UCI-on-PUSCH.
01:46:16.080869 datasets.cpp:1189 CON[35646 ] [CUPHY.PUSCH_RX] LDPC throughput mode enabled
01:46:16.155148 cuphy.hpp:105    CON[35646 ] [CUPHY.MEMFOOT] cuphyMemoryFootprint - GPU allocation: 697.727 MiB for cuPHY PUSCH channel object (0x77f18c056720).
01:46:16.155150 pusch_rx.cpp:1461 CON[35646 ] [CUPHY.PUSCH_RX] PuschRx: Running with eqCoeffAlgo 3
01:46:16.811663 datasets.cpp:2673 CON[35646 ] [CUPHY.PUSCH_RX] Cell # 0 : TbIdx: 0 Metric - Block Error Rate      : 0.0000 (Error CBs 0, Mismatched CBs 0, MismatchedCRC CBs 0, Total CBs 152)
01:46:16.811665 datasets.cpp:2710 CON[35646 ] [CUPHY.PUSCH_RX] Cell # 0 :          Metric - TB CRC Error      :(MismatchedCRC TBs 0, Total TBs 1)
01:46:23.987174 datasets.cpp:2673 CON[35646 ] [CUPHY.PUSCH_RX] Cell # 0 : TbIdx: 0 Metric - Block Error Rate      : 0.0000 (Error CBs 0, Mismatched CBs 0, MismatchedCRC CBs 0, Total CBs 152)
01:46:23.987204 datasets.cpp:2710 CON[35646 ] [CUPHY.PUSCH_RX] Cell # 0 :          Metric - TB CRC Error      :(MismatchedCRC TBs 0, Total TBs 1)
01:46:24.024646 nvlog.cpp:189    CON[35640 ] [NVLOG.CPP] nvlog_fmtlog_close: closing FMT log from [cuphy_ex_pusch_] thread on core 172, last file path is /tmp
