File extension: h5
PuschRx Pipeline[0]: Failed to set scheduling algo pid 35838, prio 99, return code -1: err Operation not permitted
PuschRx Pipeline[0]: pid 35838 set affinity to CPU 1
PuschRx Pipeline[0]: Wait for start-sync point
Run config: GPU Id 0, # of pipelines 1
PuschRx Pipeline[0]: start-syncpoint hit
PuschRx Pipeline[0]: For transmission 1 using filename /workspace/cuphy-lockstep/tv/GPU_test_input/TVnr_7304_PUSCH_gNB_CUPHY_s0p0.h5
Lockstep validation: payload/CB errors 0, CRC errors 0
Lockstep validation: payload/CB errors 0, CRC errors 0
CUPHY_LOCKSTEP mode=cpu correctness=pass recorded=4978 skipped=22 p99_start_us=25.988 misses=79/5000
PuschRx Pipeline[0]: Joining worker thread
nvlog_fmtlog_close: fmtlog thread already stopped
01:46:52.709875 nvlog.cpp:267    CON[35832 ] [NVLOG.CPP] Using /workspace/cuphy-lockstep/cuPHY/nvlog/config/nvlog_config.yaml for nvlog configuration
01:46:52.712197 exit_handler.cpp:44 CON[35835 ] [NVLOG.EXIT_HANDLER] [exit_watchdog] thread started on core 189
01:46:52.721686 nvlog.cpp:338    ERR[35832 ] [AERIAL_YAML_PARSER_EVENT] [NVLOG.CPP] Failed to load yaml file: /workspace/cuphy-lockstep/cuPHY/nvlog/config/nvlog_config.yaml (bad file: /workspace/cuphy-lockstep/cuPHY/nvlog/config/nvlog_config.yaml)
01:46:52.899929 datasets.cpp:1026 CON[35838 ] [CUPHY.PUSCH_RX] PUSCH 7.2a O-RAN functional split.
01:46:52.913955 datasets.cpp:1041 CON[35838 ] [CUPHY.PUSCH_RX] run PUSCH pipeline.
01:46:52.913956 datasets.cpp:1066 CON[35838 ] [CUPHY.PUSCH_RX] run PUSCH pipeline with UCI-on-PUSCH.
01:46:52.932925 datasets.cpp:1189 CON[35838 ] [CUPHY.PUSCH_RX] LDPC throughput mode enabled
01:46:53.004842 cuphy.hpp:105    CON[35838 ] [CUPHY.MEMFOOT] cuphyMemoryFootprint - GPU allocation: 697.727 MiB for cuPHY PUSCH channel object (0x7f9464056720).
01:46:53.004843 pusch_rx.cpp:1461 CON[35838 ] [CUPHY.PUSCH_RX] PuschRx: Running with eqCoeffAlgo 3
01:46:53.666587 datasets.cpp:2673 CON[35838 ] [CUPHY.PUSCH_RX] Cell # 0 : TbIdx: 0 Metric - Block Error Rate      : 0.0000 (Error CBs 0, Mismatched CBs 0, MismatchedCRC CBs 0, Total CBs 152)
01:46:53.666589 datasets.cpp:2710 CON[35838 ] [CUPHY.PUSCH_RX] Cell # 0 :          Metric - TB CRC Error      :(MismatchedCRC TBs 0, Total TBs 1)
01:47:00.828228 datasets.cpp:2673 CON[35838 ] [CUPHY.PUSCH_RX] Cell # 0 : TbIdx: 0 Metric - Block Error Rate      : 0.0000 (Error CBs 0, Mismatched CBs 0, MismatchedCRC CBs 0, Total CBs 152)
01:47:00.828249 datasets.cpp:2710 CON[35838 ] [CUPHY.PUSCH_RX] Cell # 0 :          Metric - TB CRC Error      :(MismatchedCRC TBs 0, Total TBs 1)
01:47:00.865758 nvlog.cpp:189    CON[35832 ] [NVLOG.CPP] nvlog_fmtlog_close: closing FMT log from [cuphy_ex_pusch_] thread on core 93, last file path is /tmp
