File extension: h5
PuschRx Pipeline[0]: Failed to set scheduling algo pid 36316, prio 99, return code -1: err Operation not permitted
PuschRx Pipeline[0]: pid 36316 set affinity to CPU 1
PuschRx Pipeline[0]: Wait for start-sync point
Run config: GPU Id 0, # of pipelines 1
PuschRx Pipeline[0]: start-syncpoint hit
PuschRx Pipeline[0]: For transmission 1 using filename /workspace/cuphy-lockstep/tv/GPU_test_input/TVnr_7304_PUSCH_gNB_CUPHY_s0p0.h5
Lockstep validation: payload/CB errors 0, CRC errors 0
Lockstep validation: payload/CB errors 0, CRC errors 0
CUPHY_LOCKSTEP mode=cpu correctness=pass recorded=4976 skipped=24 p99_start_us=28.184 misses=109/5000
PuschRx Pipeline[0]: Joining worker thread
nvlog_fmtlog_close: fmtlog thread already stopped
01:48:25.196424 nvlog.cpp:267    CON[36310 ] [NVLOG.CPP] Using /workspace/cuphy-lockstep/cuPHY/nvlog/config/nvlog_config.yaml for nvlog configuration
01:48:25.198138 exit_handler.cpp:44 CON[36313 ] [NVLOG.EXIT_HANDLER] [exit_watchdog] thread started on core 91
01:48:25.209657 nvlog.cpp:338    ERR[36310 ] [AERIAL_YAML_PARSER_EVENT] [NVLOG.CPP] Failed to load yaml file: /workspace/cuphy-lockstep/cuPHY/nvlog/config/nvlog_config.yaml (bad file: /workspace/cuphy-lockstep/cuPHY/nvlog/config/nvlog_config.yaml)
01:48:25.641890 datasets.cpp:1026 CON[36316 ] [CUPHY.PUSCH_RX] PUSCH 7.2a O-RAN functional split.
01:48:25.655414 datasets.cpp:1041 CON[36316 ] [CUPHY.PUSCH_RX] run PUSCH pipeline.
01:48:25.655415 datasets.cpp:1066 CON[36316 ] [CUPHY.PUSCH_RX] run PUSCH pipeline with UCI-on-PUSCH.
01:48:25.675149 datasets.cpp:1189 CON[36316 ] [CUPHY.PUSCH_RX] LDPC throughput mode enabled
01:48:25.747482 cuphy.hpp:105    CON[36316 ] [CUPHY.MEMFOOT] cuphyMemoryFootprint - GPU allocation: 697.727 MiB for cuPHY PUSCH channel object (0x79d580056720).
01:48:25.747484 pusch_rx.cpp:1461 CON[36316 ] [CUPHY.PUSCH_RX] PuschRx: Running with eqCoeffAlgo 3
01:48:26.199230 datasets.cpp:2673 CON[36316 ] [CUPHY.PUSCH_RX] Cell # 0 : TbIdx: 0 Metric - Block Error Rate      : 0.0000 (Error CBs 0, Mismatched CBs 0, MismatchedCRC CBs 0, Total CBs 152)
01:48:26.199232 datasets.cpp:2710 CON[36316 ] [CUPHY.PUSCH_RX] Cell # 0 :          Metric - TB CRC Error      :(MismatchedCRC TBs 0, Total TBs 1)
01:48:33.356857 datasets.cpp:2673 CON[36316 ] [CUPHY.PUSCH_RX] Cell # 0 : TbIdx: 0 Metric - Block Error Rate      : 0.0000 (Error CBs 0, Mismatched CBs 0, MismatchedCRC CBs 0, Total CBs 152)
01:48:33.356877 datasets.cpp:2710 CON[36316 ] [CUPHY.PUSCH_RX] Cell # 0 :          Metric - TB CRC Error      :(MismatchedCRC TBs 0, Total TBs 1)
01:48:33.394489 nvlog.cpp:189    CON[36310 ] [NVLOG.CPP] nvlog_fmtlog_close: closing FMT log from [cuphy_ex_pusch_] thread on core 187, last file path is /tmp
