File extension: h5
PuschRx Pipeline[0]: Failed to set scheduling algo pid 36651, prio 99, return code -1: err Operation not permitted
PuschRx Pipeline[0]: pid 36651 set affinity to CPU 1
PuschRx Pipeline[0]: Wait for start-sync point
Run config: GPU Id 0, # of pipelines 1
PuschRx Pipeline[0]: start-syncpoint hit
PuschRx Pipeline[0]: For transmission 1 using filename /workspace/cuphy-lockstep/tv/GPU_test_input/TVnr_7304_PUSCH_gNB_CUPHY_s0p0.h5
Lockstep validation: payload/CB errors 0, CRC errors 0
Lockstep validation: payload/CB errors 0, CRC errors 0
CUPHY_LOCKSTEP mode=cpu correctness=pass recorded=4949 skipped=51 p99_start_us=30.646 misses=71/5000
PuschRx Pipeline[0]: Joining worker thread
nvlog_fmtlog_close: fmtlog thread already stopped
01:49:30.185511 nvlog.cpp:267    CON[36645 ] [NVLOG.CPP] Using /workspace/cuphy-lockstep/cuPHY/nvlog/config/nvlog_config.yaml for nvlog configuration
01:49:30.186146 exit_handler.cpp:44 CON[36648 ] [NVLOG.EXIT_HANDLER] [exit_watchdog] thread started on core 52
01:49:30.199076 nvlog.cpp:338    ERR[36645 ] [AERIAL_YAML_PARSER_EVENT] [NVLOG.CPP] Failed to load yaml file: /workspace/cuphy-lockstep/cuPHY/nvlog/config/nvlog_config.yaml (bad file: /workspace/cuphy-lockstep/cuPHY/nvlog/config/nvlog_config.yaml)
01:49:30.374383 datasets.cpp:1026 CON[36651 ] [CUPHY.PUSCH_RX] PUSCH 7.2a O-RAN functional split.
01:49:30.385236 datasets.cpp:1041 CON[36651 ] [CUPHY.PUSCH_RX] run PUSCH pipeline.
01:49:30.385236 datasets.cpp:1066 CON[36651 ] [CUPHY.PUSCH_RX] run PUSCH pipeline with UCI-on-PUSCH.
01:49:30.401950 datasets.cpp:1189 CON[36651 ] [CUPHY.PUSCH_RX] LDPC throughput mode enabled
01:49:30.477484 cuphy.hpp:105    CON[36651 ] [CUPHY.MEMFOOT] cuphyMemoryFootprint - GPU allocation: 697.727 MiB for cuPHY PUSCH channel object (0x79beb8056720).
01:49:30.477485 pusch_rx.cpp:1461 CON[36651 ] [CUPHY.PUSCH_RX] PuschRx: Running with eqCoeffAlgo 3
01:49:30.966520 datasets.cpp:2673 CON[36651 ] [CUPHY.PUSCH_RX] Cell # 0 : TbIdx: 0 Metric - Block Error Rate      : 0.0000 (Error CBs 0, Mismatched CBs 0, MismatchedCRC CBs 0, Total CBs 152)
01:49:30.966523 datasets.cpp:2710 CON[36651 ] [CUPHY.PUSCH_RX] Cell # 0 :          Metric - TB CRC Error      :(MismatchedCRC TBs 0, Total TBs 1)
01:49:38.156699 datasets.cpp:2673 CON[36651 ] [CUPHY.PUSCH_RX] Cell # 0 : TbIdx: 0 Metric - Block Error Rate      : 0.0000 (Error CBs 0, Mismatched CBs 0, MismatchedCRC CBs 0, Total CBs 152)
01:49:38.156707 datasets.cpp:2710 CON[36651 ] [CUPHY.PUSCH_RX] Cell # 0 :          Metric - TB CRC Error      :(MismatchedCRC TBs 0, Total TBs 1)
01:49:38.196737 nvlog.cpp:189    CON[36645 ] [NVLOG.CPP] nvlog_fmtlog_close: closing FMT log from [cuphy_ex_pusch_] thread on core 53, last file path is /tmp
