File extension: h5
PuschRx Pipeline[0]: Failed to set scheduling algo pid 37183, prio 99, return code -1: err Operation not permitted
PuschRx Pipeline[0]: pid 37183 set affinity to CPU 1
PuschRx Pipeline[0]: Wait for start-sync point
Run config: GPU Id 0, # of pipelines 1
PuschRx Pipeline[0]: start-syncpoint hit
PuschRx Pipeline[0]: For transmission 1 using filename /workspace/cuphy-lockstep/tv/GPU_test_input/TVnr_7304_PUSCH_gNB_CUPHY_s0p0.h5
Lockstep validation: payload/CB errors 0, CRC errors 0
Lockstep validation: payload/CB errors 0, CRC errors 0
CUPHY_LOCKSTEP mode=cpu correctness=pass recorded=4971 skipped=29 p99_start_us=30.653 misses=39/5000
PuschRx Pipeline[0]: Joining worker thread
nvlog_fmtlog_close: fmtlog thread already stopped
01:51:11.897176 nvlog.cpp:267    CON[37177 ] [NVLOG.CPP] Using /workspace/cuphy-lockstep/cuPHY/nvlog/config/nvlog_config.yaml for nvlog configuration
01:51:11.900143 exit_handler.cpp:44 CON[37180 ] [NVLOG.EXIT_HANDLER] [exit_watchdog] thread started on core 69
01:51:11.908270 nvlog.cpp:338    ERR[37177 ] [AERIAL_YAML_PARSER_EVENT] [NVLOG.CPP] Failed to load yaml file: /workspace/cuphy-lockstep/cuPHY/nvlog/config/nvlog_config.yaml (bad file: /workspace/cuphy-lockstep/cuPHY/nvlog/config/nvlog_config.yaml)
01:51:12.083048 datasets.cpp:1026 CON[37183 ] [CUPHY.PUSCH_RX] PUSCH 7.2a O-RAN functional split.
01:51:12.096158 datasets.cpp:1041 CON[37183 ] [CUPHY.PUSCH_RX] run PUSCH pipeline.
01:51:12.096158 datasets.cpp:1066 CON[37183 ] [CUPHY.PUSCH_RX] run PUSCH pipeline with UCI-on-PUSCH.
01:51:12.114069 datasets.cpp:1189 CON[37183 ] [CUPHY.PUSCH_RX] LDPC throughput mode enabled
01:51:12.188989 cuphy.hpp:105    CON[37183 ] [CUPHY.MEMFOOT] cuphyMemoryFootprint - GPU allocation: 697.727 MiB for cuPHY PUSCH channel object (0x74562c056720).
01:51:12.188992 pusch_rx.cpp:1461 CON[37183 ] [CUPHY.PUSCH_RX] PuschRx: Running with eqCoeffAlgo 3
01:51:12.838373 datasets.cpp:2673 CON[37183 ] [CUPHY.PUSCH_RX] Cell # 0 : TbIdx: 0 Metric - Block Error Rate      : 0.0000 (Error CBs 0, Mismatched CBs 0, MismatchedCRC CBs 0, Total CBs 152)
01:51:12.838374 datasets.cpp:2710 CON[37183 ] [CUPHY.PUSCH_RX] Cell # 0 :          Metric - TB CRC Error      :(MismatchedCRC TBs 0, Total TBs 1)
01:51:19.996174 datasets.cpp:2673 CON[37183 ] [CUPHY.PUSCH_RX] Cell # 0 : TbIdx: 0 Metric - Block Error Rate      : 0.0000 (Error CBs 0, Mismatched CBs 0, MismatchedCRC CBs 0, Total CBs 152)
01:51:19.996196 datasets.cpp:2710 CON[37183 ] [CUPHY.PUSCH_RX] Cell # 0 :          Metric - TB CRC Error      :(MismatchedCRC TBs 0, Total TBs 1)
01:51:20.034050 nvlog.cpp:189    CON[37177 ] [NVLOG.CPP] nvlog_fmtlog_close: closing FMT log from [cuphy_ex_pusch_] thread on core 165, last file path is /tmp
