File extension: h5
PuschRx Pipeline[0]: Failed to set scheduling algo pid 37087, prio 99, return code -1: err Operation not permitted
PuschRx Pipeline[0]: pid 37087 set affinity to CPU 1
PuschRx Pipeline[0]: Wait for start-sync point
Run config: GPU Id 0, # of pipelines 1
PuschRx Pipeline[0]: start-syncpoint hit
PuschRx Pipeline[0]: For transmission 1 using filename /workspace/cuphy-lockstep/tv/GPU_test_input/TVnr_7304_PUSCH_gNB_CUPHY_s0p0.h5
Lockstep validation: payload/CB errors 0, CRC errors 0
Lockstep validation: payload/CB errors 0, CRC errors 0
CUPHY_LOCKSTEP mode=cpu correctness=pass recorded=4975 skipped=25 p99_start_us=21.348 misses=35/5000
PuschRx Pipeline[0]: Joining worker thread
nvlog_fmtlog_close: fmtlog thread already stopped
01:50:53.472705 nvlog.cpp:267    CON[37081 ] [NVLOG.CPP] Using /workspace/cuphy-lockstep/cuPHY/nvlog/config/nvlog_config.yaml for nvlog configuration
01:50:53.475142 exit_handler.cpp:44 CON[37084 ] [NVLOG.EXIT_HANDLER] [exit_watchdog] thread started on core 139
01:50:53.485110 nvlog.cpp:338    ERR[37081 ] [AERIAL_YAML_PARSER_EVENT] [NVLOG.CPP] Failed to load yaml file: /workspace/cuphy-lockstep/cuPHY/nvlog/config/nvlog_config.yaml (bad file: /workspace/cuphy-lockstep/cuPHY/nvlog/config/nvlog_config.yaml)
01:50:53.662518 datasets.cpp:1026 CON[37087 ] [CUPHY.PUSCH_RX] PUSCH 7.2a O-RAN functional split.
01:50:53.676914 datasets.cpp:1041 CON[37087 ] [CUPHY.PUSCH_RX] run PUSCH pipeline.
01:50:53.676915 datasets.cpp:1066 CON[37087 ] [CUPHY.PUSCH_RX] run PUSCH pipeline with UCI-on-PUSCH.
01:50:53.694707 datasets.cpp:1189 CON[37087 ] [CUPHY.PUSCH_RX] LDPC throughput mode enabled
01:50:53.765001 cuphy.hpp:105    CON[37087 ] [CUPHY.MEMFOOT] cuphyMemoryFootprint - GPU allocation: 697.727 MiB for cuPHY PUSCH channel object (0x71ad58056720).
01:50:53.765002 pusch_rx.cpp:1461 CON[37087 ] [CUPHY.PUSCH_RX] PuschRx: Running with eqCoeffAlgo 3
01:50:54.216418 datasets.cpp:2673 CON[37087 ] [CUPHY.PUSCH_RX] Cell # 0 : TbIdx: 0 Metric - Block Error Rate      : 0.0000 (Error CBs 0, Mismatched CBs 0, MismatchedCRC CBs 0, Total CBs 152)
01:50:54.216420 datasets.cpp:2710 CON[37087 ] [CUPHY.PUSCH_RX] Cell # 0 :          Metric - TB CRC Error      :(MismatchedCRC TBs 0, Total TBs 1)
01:51:01.370711 datasets.cpp:2673 CON[37087 ] [CUPHY.PUSCH_RX] Cell # 0 : TbIdx: 0 Metric - Block Error Rate      : 0.0000 (Error CBs 0, Mismatched CBs 0, MismatchedCRC CBs 0, Total CBs 152)
01:51:01.370722 datasets.cpp:2710 CON[37087 ] [CUPHY.PUSCH_RX] Cell # 0 :          Metric - TB CRC Error      :(MismatchedCRC TBs 0, Total TBs 1)
01:51:01.406394 nvlog.cpp:189    CON[37081 ] [NVLOG.CPP] nvlog_fmtlog_close: closing FMT log from [cuphy_ex_pusch_] thread on core 43, last file path is /tmp
