File extension: h5
PuschRx Pipeline[0]: Failed to set scheduling algo pid 37135, prio 99, return code -1: err Operation not permitted
PuschRx Pipeline[0]: pid 37135 set affinity to CPU 1
PuschRx Pipeline[0]: Wait for start-sync point
Run config: GPU Id 0, # of pipelines 1
PuschRx Pipeline[0]: start-syncpoint hit
PuschRx Pipeline[0]: For transmission 1 using filename /workspace/cuphy-lockstep/tv/GPU_test_input/TVnr_7304_PUSCH_gNB_CUPHY_s0p0.h5
Lockstep validation: payload/CB errors 0, CRC errors 0
Lockstep validation: payload/CB errors 0, CRC errors 0
CUPHY_LOCKSTEP mode=gpu correctness=pass recorded=5000 skipped=0 p99_start_us=5.126 misses=0/5000
PuschRx Pipeline[0]: Joining worker thread
nvlog_fmtlog_close: fmtlog thread already stopped
01:51:02.627293 nvlog.cpp:267    CON[37129 ] [NVLOG.CPP] Using /workspace/cuphy-lockstep/cuPHY/nvlog/config/nvlog_config.yaml for nvlog configuration
01:51:02.628147 exit_handler.cpp:44 CON[37132 ] [NVLOG.EXIT_HANDLER] [exit_watchdog] thread started on core 71
01:51:02.640020 nvlog.cpp:338    ERR[37129 ] [AERIAL_YAML_PARSER_EVENT] [NVLOG.CPP] Failed to load yaml file: /workspace/cuphy-lockstep/cuPHY/nvlog/config/nvlog_config.yaml (bad file: /workspace/cuphy-lockstep/cuPHY/nvlog/config/nvlog_config.yaml)
01:51:02.808098 datasets.cpp:1026 CON[37135 ] [CUPHY.PUSCH_RX] PUSCH 7.2a O-RAN functional split.
01:51:02.822894 datasets.cpp:1041 CON[37135 ] [CUPHY.PUSCH_RX] run PUSCH pipeline.
01:51:02.822894 datasets.cpp:1066 CON[37135 ] [CUPHY.PUSCH_RX] run PUSCH pipeline with UCI-on-PUSCH.
01:51:02.841318 datasets.cpp:1189 CON[37135 ] [CUPHY.PUSCH_RX] LDPC throughput mode enabled
01:51:02.914406 cuphy.hpp:105    CON[37135 ] [CUPHY.MEMFOOT] cuphyMemoryFootprint - GPU allocation: 697.727 MiB for cuPHY PUSCH channel object (0x73e164056720).
01:51:02.914408 pusch_rx.cpp:1461 CON[37135 ] [CUPHY.PUSCH_RX] PuschRx: Running with eqCoeffAlgo 3
01:51:03.576145 datasets.cpp:2673 CON[37135 ] [CUPHY.PUSCH_RX] Cell # 0 : TbIdx: 0 Metric - Block Error Rate      : 0.0000 (Error CBs 0, Mismatched CBs 0, MismatchedCRC CBs 0, Total CBs 152)
01:51:03.576146 datasets.cpp:2710 CON[37135 ] [CUPHY.PUSCH_RX] Cell # 0 :          Metric - TB CRC Error      :(MismatchedCRC TBs 0, Total TBs 1)
01:51:10.732475 datasets.cpp:2673 CON[37135 ] [CUPHY.PUSCH_RX] Cell # 0 : TbIdx: 0 Metric - Block Error Rate      : 0.0000 (Error CBs 0, Mismatched CBs 0, MismatchedCRC CBs 0, Total CBs 152)
01:51:10.732495 datasets.cpp:2710 CON[37135 ] [CUPHY.PUSCH_RX] Cell # 0 :          Metric - TB CRC Error      :(MismatchedCRC TBs 0, Total TBs 1)
01:51:10.766922 nvlog.cpp:189    CON[37129 ] [NVLOG.CPP] nvlog_fmtlog_close: closing FMT log from [cuphy_ex_pusch_] thread on core 167, last file path is /tmp
