[2026-10-02 17:29:03.349 Control  5742] Starting control daemon using socket /tmp/sb-lockstep-mps.oV4jEl/pipe/control
[2026-10-02 17:29:03.349 Control  5742] To connect CUDA applications to this daemon, set env CUDA_MPS_PIPE_DIRECTORY=/tmp/sb-lockstep-mps.oV4jEl/pipe
[2026-10-02 17:29:03.349 Control  5742] CUDA MPS Control binary version: 13020
[2026-10-02 17:29:05.390 Control  5742] Accepting connection...
[2026-10-02 17:29:05.390 Control  5742] User did not send valid credentials
[2026-10-02 17:29:05.390 Control  5742] Accepting connection...
[2026-10-02 17:29:05.390 Control  5742] NEW CLIENT 5746 from user 0: Server is not ready, push client to pending list
[2026-10-02 17:29:05.390 Control  5749] Starting new server 5749 for user 0
[2026-10-02 17:29:05.393 Control  5742] Accepting connection...
[2026-10-02 17:29:05.550 Control  5742] NEW SERVER 5749: Ready
[2026-10-02 17:29:05.577 Control  5742] Accepting connection...
[2026-10-02 17:29:05.577 Control  5742] NEW CLIENT 5746 from user 0: Server already exists
[2026-10-02 17:29:12.409 Control  5742] Accepting connection...
[2026-10-02 17:29:12.409 Control  5742] User did not send valid credentials
[2026-10-02 17:29:12.409 Control  5742] Accepting connection...
[2026-10-02 17:29:12.409 Control  5742] NEW CLIENT 5773 from user 0: Server already exists
[2026-10-02 17:29:12.426 Control  5742] Accepting connection...
[2026-10-02 17:29:12.426 Control  5742] NEW CLIENT 5773 from user 0: Server already exists
[2026-10-02 17:29:19.986 Control  5742] Accepting connection...
[2026-10-02 17:29:19.986 Control  5742] User did not send valid credentials
[2026-10-02 17:29:19.986 Control  5742] Accepting connection...
[2026-10-02 17:29:19.986 Control  5742] NEW CLIENT 5783 from user 0: Server already exists
[2026-10-02 17:29:20.035 Control  5742] Accepting connection...
[2026-10-02 17:29:20.036 Control  5742] NEW CLIENT 5783 from user 0: Server already exists
[2026-10-02 17:29:27.003 Control  5742] Accepting connection...
[2026-10-02 17:29:27.004 Control  5742] User did not send valid credentials
[2026-10-02 17:29:27.004 Control  5742] Accepting connection...
[2026-10-02 17:29:27.004 Control  5742] NEW CLIENT 5806 from user 0: Server already exists
[2026-10-02 17:29:27.025 Control  5742] Accepting connection...
[2026-10-02 17:29:27.025 Control  5742] NEW CLIENT 5806 from user 0: Server already exists
[2026-10-02 17:29:34.596 Control  5742] Accepting connection...
[2026-10-02 17:29:34.596 Control  5742] NEW UI
[2026-10-02 17:29:34.596 Control  5742] Cmd:quit
[2026-10-02 17:29:34.596 Control  5742] Try shutting down server 5749, backoff is disabled
[2026-10-02 17:29:34.628 Control  5742] Server 5749 exited with status 0
[2026-10-02 17:29:34.628 Control  5742] Exit with status 0
