File extension: h5
PuschRx Pipeline[0]: Failed to set scheduling algo pid 15085, prio 99, return code -1: err Operation not permitted
PuschRx Pipeline[0]: pid 15085 set affinity to CPU 1
PuschRx Pipeline[0]: Wait for start-sync point
Run config: GPU Id 0, # of pipelines 1
PuschRx Pipeline[0]: start-syncpoint hit
PuschRx Pipeline[0]: For transmission 1 using filename /workspace/cuphy-lockstep/tv/GPU_test_input/TVnr_7304_PUSCH_gNB_CUPHY_s0p0.h5
Lockstep validation: payload/CB errors 0, CRC errors 0
Lockstep validation: payload/CB errors 0, CRC errors 0
CUPHY_LOCKSTEP mode=cpu correctness=pass recorded=4998 skipped=2 p99_start_us=12.348 misses=3/5000
PuschRx Pipeline[0]: Joining worker thread
nvlog_fmtlog_close: fmtlog thread already stopped
23:46:14.266518 nvlog.cpp:267    CON[15078 ] [NVLOG.CPP] Using /workspace/cuphy-lockstep/cuPHY/nvlog/config/nvlog_config.yaml for nvlog configuration
23:46:14.266982 exit_handler.cpp:44 CON[15081 ] [NVLOG.EXIT_HANDLER] [exit_watchdog] thread started on core 9
23:46:14.274355 nvlog.cpp:338    ERR[15078 ] [AERIAL_YAML_PARSER_EVENT] [NVLOG.CPP] Failed to load yaml file: /workspace/cuphy-lockstep/cuPHY/nvlog/config/nvlog_config.yaml (bad file: /workspace/cuphy-lockstep/cuPHY/nvlog/config/nvlog_config.yaml)
23:46:14.363380 datasets.cpp:1026 CON[15085 ] [CUPHY.PUSCH_RX] PUSCH 7.2a O-RAN functional split.
23:46:14.369945 datasets.cpp:1041 CON[15085 ] [CUPHY.PUSCH_RX] run PUSCH pipeline.
23:46:14.369945 datasets.cpp:1066 CON[15085 ] [CUPHY.PUSCH_RX] run PUSCH pipeline with UCI-on-PUSCH.
23:46:14.376868 datasets.cpp:1189 CON[15085 ] [CUPHY.PUSCH_RX] LDPC throughput mode enabled
23:46:14.418462 cuphy.hpp:105    CON[15085 ] [CUPHY.MEMFOOT] cuphyMemoryFootprint - GPU allocation: 697.727 MiB for cuPHY PUSCH channel object (0x7fc87c056720).
23:46:14.418463 pusch_rx.cpp:1461 CON[15085 ] [CUPHY.PUSCH_RX] PuschRx: Running with eqCoeffAlgo 3
23:46:14.695905 datasets.cpp:2673 CON[15085 ] [CUPHY.PUSCH_RX] Cell # 0 : TbIdx: 0 Metric - Block Error Rate      : 0.0000 (Error CBs 0, Mismatched CBs 0, MismatchedCRC CBs 0, Total CBs 152)
23:46:14.695907 datasets.cpp:2710 CON[15085 ] [CUPHY.PUSCH_RX] Cell # 0 :          Metric - TB CRC Error      :(MismatchedCRC TBs 0, Total TBs 1)
23:46:21.429826 datasets.cpp:2673 CON[15085 ] [CUPHY.PUSCH_RX] Cell # 0 : TbIdx: 0 Metric - Block Error Rate      : 0.0000 (Error CBs 0, Mismatched CBs 0, MismatchedCRC CBs 0, Total CBs 152)
23:46:21.429826 datasets.cpp:2710 CON[15085 ] [CUPHY.PUSCH_RX] Cell # 0 :          Metric - TB CRC Error      :(MismatchedCRC TBs 0, Total TBs 1)
23:46:21.437593 nvlog.cpp:189    CON[15078 ] [NVLOG.CPP] nvlog_fmtlog_close: closing FMT log from [cuphy_ex_pusch_] thread on core 15, last file path is /tmp
