File extension: h5
PuschRx Pipeline[0]: Failed to set scheduling algo pid 14856, prio 99, return code -1: err Operation not permitted
PuschRx Pipeline[0]: pid 14856 set affinity to CPU 1
PuschRx Pipeline[0]: Wait for start-sync point
Run config: GPU Id 0, # of pipelines 1
PuschRx Pipeline[0]: start-syncpoint hit
PuschRx Pipeline[0]: For transmission 1 using filename /workspace/cuphy-lockstep/tv/GPU_test_input/TVnr_7304_PUSCH_gNB_CUPHY_s0p0.h5
Lockstep validation: payload/CB errors 0, CRC errors 0
Lockstep validation: payload/CB errors 0, CRC errors 0
CUPHY_LOCKSTEP mode=cpu correctness=pass recorded=5000 skipped=0 p99_start_us=12.163 misses=0/5000
PuschRx Pipeline[0]: Joining worker thread
nvlog_fmtlog_close: fmtlog thread already stopped
02:06:48.164026 nvlog.cpp:267    CON[14849 ] [NVLOG.CPP] Using /workspace/cuphy-lockstep/cuPHY/nvlog/config/nvlog_config.yaml for nvlog configuration
02:06:48.164966 exit_handler.cpp:44 CON[14852 ] [NVLOG.EXIT_HANDLER] [exit_watchdog] thread started on core 0
02:06:48.171710 nvlog.cpp:338    ERR[14849 ] [AERIAL_YAML_PARSER_EVENT] [NVLOG.CPP] Failed to load yaml file: /workspace/cuphy-lockstep/cuPHY/nvlog/config/nvlog_config.yaml (bad file: /workspace/cuphy-lockstep/cuPHY/nvlog/config/nvlog_config.yaml)
02:06:48.258385 datasets.cpp:1026 CON[14856 ] [CUPHY.PUSCH_RX] PUSCH 7.2a O-RAN functional split.
02:06:48.264738 datasets.cpp:1041 CON[14856 ] [CUPHY.PUSCH_RX] run PUSCH pipeline.
02:06:48.264738 datasets.cpp:1066 CON[14856 ] [CUPHY.PUSCH_RX] run PUSCH pipeline with UCI-on-PUSCH.
02:06:48.271647 datasets.cpp:1189 CON[14856 ] [CUPHY.PUSCH_RX] LDPC throughput mode enabled
02:06:48.313260 cuphy.hpp:105    CON[14856 ] [CUPHY.MEMFOOT] cuphyMemoryFootprint - GPU allocation: 697.727 MiB for cuPHY PUSCH channel object (0x7220f4056720).
02:06:48.313261 pusch_rx.cpp:1461 CON[14856 ] [CUPHY.PUSCH_RX] PuschRx: Running with eqCoeffAlgo 3
02:06:48.590063 datasets.cpp:2673 CON[14856 ] [CUPHY.PUSCH_RX] Cell # 0 : TbIdx: 0 Metric - Block Error Rate      : 0.0000 (Error CBs 0, Mismatched CBs 0, MismatchedCRC CBs 0, Total CBs 152)
02:06:48.590065 datasets.cpp:2710 CON[14856 ] [CUPHY.PUSCH_RX] Cell # 0 :          Metric - TB CRC Error      :(MismatchedCRC TBs 0, Total TBs 1)
02:06:55.326819 datasets.cpp:2673 CON[14856 ] [CUPHY.PUSCH_RX] Cell # 0 : TbIdx: 0 Metric - Block Error Rate      : 0.0000 (Error CBs 0, Mismatched CBs 0, MismatchedCRC CBs 0, Total CBs 152)
02:06:55.326819 datasets.cpp:2710 CON[14856 ] [CUPHY.PUSCH_RX] Cell # 0 :          Metric - TB CRC Error      :(MismatchedCRC TBs 0, Total TBs 1)
02:06:55.334471 nvlog.cpp:189    CON[14849 ] [NVLOG.CPP] nvlog_fmtlog_close: closing FMT log from [cuphy_ex_pusch_] thread on core 6, last file path is /tmp
