File extension: h5
PuschRx Pipeline[0]: Failed to set scheduling algo pid 10236, prio 99, return code -1: err Operation not permitted
PuschRx Pipeline[0]: pid 10236 set affinity to CPU 1
PuschRx Pipeline[0]: Wait for start-sync point
Run config: GPU Id 0, # of pipelines 1
PuschRx Pipeline[0]: start-syncpoint hit
PuschRx Pipeline[0]: For transmission 1 using filename /workspace/cuphy-lockstep/tv/GPU_test_input/TVnr_7304_PUSCH_gNB_CUPHY_s0p0.h5
Lockstep validation: payload/CB errors 0, CRC errors 0
Lockstep validation: payload/CB errors 0, CRC errors 0
CUPHY_LOCKSTEP mode=gpu correctness=pass recorded=2619 skipped=2381 p99_start_us=2476.886 misses=2958/5000
PuschRx Pipeline[0]: Joining worker thread
nvlog_fmtlog_close: fmtlog thread already stopped
20:01:12.019680 nvlog.cpp:267    CON[10231 ] [NVLOG.CPP] Using /workspace/cuphy-lockstep/cuPHY/nvlog/config/nvlog_config.yaml for nvlog configuration
20:01:12.019971 exit_handler.cpp:44 CON[10233 ] [NVLOG.EXIT_HANDLER] [exit_watchdog] thread started on core 3
20:01:12.033914 nvlog.cpp:338    ERR[10231 ] [AERIAL_YAML_PARSER_EVENT] [NVLOG.CPP] Failed to load yaml file: /workspace/cuphy-lockstep/cuPHY/nvlog/config/nvlog_config.yaml (bad file: /workspace/cuphy-lockstep/cuPHY/nvlog/config/nvlog_config.yaml)
20:01:12.231205 datasets.cpp:1026 CON[10236 ] [CUPHY.PUSCH_RX] PUSCH 7.2a O-RAN functional split.
20:01:12.238689 datasets.cpp:1041 CON[10236 ] [CUPHY.PUSCH_RX] run PUSCH pipeline.
20:01:12.238689 datasets.cpp:1066 CON[10236 ] [CUPHY.PUSCH_RX] run PUSCH pipeline with UCI-on-PUSCH.
20:01:12.254727 datasets.cpp:1189 CON[10236 ] [CUPHY.PUSCH_RX] LDPC throughput mode enabled
20:01:12.528141 cuphy.hpp:105    CON[10236 ] [CUPHY.MEMFOOT] cuphyMemoryFootprint - GPU allocation: 697.727 MiB for cuPHY PUSCH channel object (0x7c5b70056720).
20:01:12.528142 pusch_rx.cpp:1461 CON[10236 ] [CUPHY.PUSCH_RX] PuschRx: Running with eqCoeffAlgo 3
20:01:13.071233 datasets.cpp:2673 CON[10236 ] [CUPHY.PUSCH_RX] Cell # 0 : TbIdx: 0 Metric - Block Error Rate      : 0.0000 (Error CBs 0, Mismatched CBs 0, MismatchedCRC CBs 0, Total CBs 152)
20:01:13.071234 datasets.cpp:2710 CON[10236 ] [CUPHY.PUSCH_RX] Cell # 0 :          Metric - TB CRC Error      :(MismatchedCRC TBs 0, Total TBs 1)
20:01:20.268537 datasets.cpp:2673 CON[10236 ] [CUPHY.PUSCH_RX] Cell # 0 : TbIdx: 0 Metric - Block Error Rate      : 0.0000 (Error CBs 0, Mismatched CBs 0, MismatchedCRC CBs 0, Total CBs 152)
20:01:20.268538 datasets.cpp:2710 CON[10236 ] [CUPHY.PUSCH_RX] Cell # 0 :          Metric - TB CRC Error      :(MismatchedCRC TBs 0, Total TBs 1)
20:01:20.274629 nvlog.cpp:189    CON[10231 ] [NVLOG.CPP] nvlog_fmtlog_close: closing FMT log from [cuphy_ex_pusch_] thread on core 5, last file path is /tmp
