File extension: h5
PuschRx Pipeline[0]: Failed to set scheduling algo pid 10552, prio 99, return code -1: err Operation not permitted
PuschRx Pipeline[0]: pid 10552 set affinity to CPU 1
PuschRx Pipeline[0]: Wait for start-sync point
Run config: GPU Id 0, # of pipelines 1
PuschRx Pipeline[0]: start-syncpoint hit
PuschRx Pipeline[0]: For transmission 1 using filename /workspace/cuphy-lockstep/tv/GPU_test_input/TVnr_7304_PUSCH_gNB_CUPHY_s0p0.h5
Lockstep validation: payload/CB errors 0, CRC errors 0
Lockstep validation: payload/CB errors 0, CRC errors 0
CUPHY_LOCKSTEP mode=cpu correctness=pass recorded=3509 skipped=1491 p99_start_us=16.872 misses=2629/5000
PuschRx Pipeline[0]: Joining worker thread
nvlog_fmtlog_close: fmtlog thread already stopped
20:02:09.843735 nvlog.cpp:267    CON[10545 ] [NVLOG.CPP] Using /workspace/cuphy-lockstep/cuPHY/nvlog/config/nvlog_config.yaml for nvlog configuration
20:02:09.843806 exit_handler.cpp:44 CON[10548 ] [NVLOG.EXIT_HANDLER] [exit_watchdog] thread started on core 11
20:02:09.853099 nvlog.cpp:338    ERR[10545 ] [AERIAL_YAML_PARSER_EVENT] [NVLOG.CPP] Failed to load yaml file: /workspace/cuphy-lockstep/cuPHY/nvlog/config/nvlog_config.yaml (bad file: /workspace/cuphy-lockstep/cuPHY/nvlog/config/nvlog_config.yaml)
20:02:09.970237 datasets.cpp:1026 CON[10552 ] [CUPHY.PUSCH_RX] PUSCH 7.2a O-RAN functional split.
20:02:09.977952 datasets.cpp:1041 CON[10552 ] [CUPHY.PUSCH_RX] run PUSCH pipeline.
20:02:09.977952 datasets.cpp:1066 CON[10552 ] [CUPHY.PUSCH_RX] run PUSCH pipeline with UCI-on-PUSCH.
20:02:09.985935 datasets.cpp:1189 CON[10552 ] [CUPHY.PUSCH_RX] LDPC throughput mode enabled
20:02:10.033307 cuphy.hpp:105    CON[10552 ] [CUPHY.MEMFOOT] cuphyMemoryFootprint - GPU allocation: 697.727 MiB for cuPHY PUSCH channel object (0x76b88c056720).
20:02:10.033308 pusch_rx.cpp:1461 CON[10552 ] [CUPHY.PUSCH_RX] PuschRx: Running with eqCoeffAlgo 3
20:02:10.319009 datasets.cpp:2673 CON[10552 ] [CUPHY.PUSCH_RX] Cell # 0 : TbIdx: 0 Metric - Block Error Rate      : 0.0000 (Error CBs 0, Mismatched CBs 0, MismatchedCRC CBs 0, Total CBs 152)
20:02:10.319011 datasets.cpp:2710 CON[10552 ] [CUPHY.PUSCH_RX] Cell # 0 :          Metric - TB CRC Error      :(MismatchedCRC TBs 0, Total TBs 1)
20:02:17.464304 datasets.cpp:2673 CON[10552 ] [CUPHY.PUSCH_RX] Cell # 0 : TbIdx: 0 Metric - Block Error Rate      : 0.0000 (Error CBs 0, Mismatched CBs 0, MismatchedCRC CBs 0, Total CBs 152)
20:02:17.464305 datasets.cpp:2710 CON[10552 ] [CUPHY.PUSCH_RX] Cell # 0 :          Metric - TB CRC Error      :(MismatchedCRC TBs 0, Total TBs 1)
20:02:17.471731 nvlog.cpp:189    CON[10545 ] [NVLOG.CPP] nvlog_fmtlog_close: closing FMT log from [cuphy_ex_pusch_] thread on core 11, last file path is /tmp
