File extension: h5
PuschRx Pipeline[0]: Failed to set scheduling algo pid 11948, prio 99, return code -1: err Operation not permitted
PuschRx Pipeline[0]: pid 11948 set affinity to CPU 1
PuschRx Pipeline[0]: Wait for start-sync point
Run config: GPU Id 0, # of pipelines 1
PuschRx Pipeline[0]: start-syncpoint hit
PuschRx Pipeline[0]: For transmission 1 using filename /workspace/cuphy-lockstep/tv/GPU_test_input/TVnr_7304_PUSCH_gNB_CUPHY_s0p0.h5
Lockstep validation: payload/CB errors 0, CRC errors 0
Lockstep validation: payload/CB errors 0, CRC errors 0
CUPHY_LOCKSTEP mode=gpu correctness=pass recorded=3588 skipped=1412 p99_start_us=17.266 misses=2530/5000
PuschRx Pipeline[0]: Joining worker thread
nvlog_fmtlog_close: fmtlog thread already stopped
20:06:24.938552 nvlog.cpp:267    CON[11941 ] [NVLOG.CPP] Using /workspace/cuphy-lockstep/cuPHY/nvlog/config/nvlog_config.yaml for nvlog configuration
20:06:24.938597 exit_handler.cpp:44 CON[11944 ] [NVLOG.EXIT_HANDLER] [exit_watchdog] thread started on core 5
20:06:24.948460 nvlog.cpp:338    ERR[11941 ] [AERIAL_YAML_PARSER_EVENT] [NVLOG.CPP] Failed to load yaml file: /workspace/cuphy-lockstep/cuPHY/nvlog/config/nvlog_config.yaml (bad file: /workspace/cuphy-lockstep/cuPHY/nvlog/config/nvlog_config.yaml)
20:06:25.086754 datasets.cpp:1026 CON[11948 ] [CUPHY.PUSCH_RX] PUSCH 7.2a O-RAN functional split.
20:06:25.094311 datasets.cpp:1041 CON[11948 ] [CUPHY.PUSCH_RX] run PUSCH pipeline.
20:06:25.094311 datasets.cpp:1066 CON[11948 ] [CUPHY.PUSCH_RX] run PUSCH pipeline with UCI-on-PUSCH.
20:06:25.102429 datasets.cpp:1189 CON[11948 ] [CUPHY.PUSCH_RX] LDPC throughput mode enabled
20:06:25.150003 cuphy.hpp:105    CON[11948 ] [CUPHY.MEMFOOT] cuphyMemoryFootprint - GPU allocation: 697.727 MiB for cuPHY PUSCH channel object (0x7049b4056720).
20:06:25.150004 pusch_rx.cpp:1461 CON[11948 ] [CUPHY.PUSCH_RX] PuschRx: Running with eqCoeffAlgo 3
20:06:25.434612 datasets.cpp:2673 CON[11948 ] [CUPHY.PUSCH_RX] Cell # 0 : TbIdx: 0 Metric - Block Error Rate      : 0.0000 (Error CBs 0, Mismatched CBs 0, MismatchedCRC CBs 0, Total CBs 152)
20:06:25.434614 datasets.cpp:2710 CON[11948 ] [CUPHY.PUSCH_RX] Cell # 0 :          Metric - TB CRC Error      :(MismatchedCRC TBs 0, Total TBs 1)
20:06:32.582265 datasets.cpp:2673 CON[11948 ] [CUPHY.PUSCH_RX] Cell # 0 : TbIdx: 0 Metric - Block Error Rate      : 0.0000 (Error CBs 0, Mismatched CBs 0, MismatchedCRC CBs 0, Total CBs 152)
20:06:32.582266 datasets.cpp:2710 CON[11948 ] [CUPHY.PUSCH_RX] Cell # 0 :          Metric - TB CRC Error      :(MismatchedCRC TBs 0, Total TBs 1)
20:06:32.589560 nvlog.cpp:189    CON[11941 ] [NVLOG.CPP] nvlog_fmtlog_close: closing FMT log from [cuphy_ex_pusch_] thread on core 11, last file path is /tmp
