[1/7] Building CUDA object cuPHY/src/cuphy_channels/CMakeFiles/cuphy_channels.dir/cuphy_lockstep_stamps.cu.o
[2/7] Building CUDA object cuPHY/examples/pusch_rx_multi_pipe/CMakeFiles/cuphy_ex_pusch_rx_multi_pipe.dir/cuphy_lockstep.cu.o
[3/7] Building CXX object cuPHY/examples/pusch_rx_multi_pipe/CMakeFiles/cuphy_ex_pusch_rx_multi_pipe.dir/pusch_rx_test.cpp.o
[4/7] Building CXX object cuPHY/src/cuphy_channels/CMakeFiles/cuphy_channels.dir/pusch_rx.cpp.o
In file included from /usr/include/c++/13/string:51,
                 from /workspace/cuphy-lockstep/acar/cuPHY/src/cuphy_channels/pusch_rx.cpp:21:
In static member function ‘static constexpr _Up* std::__copy_move<_IsMove, true, std::random_access_iterator_tag>::__copy_m(_Tp*, _Tp*, _Up*) [with _Tp = CUgraphNode_st*; _Up = CUgraphNode_st*; bool _IsMove = false]’,
    inlined from ‘constexpr _OI std::__copy_move_a2(_II, _II, _OI) [with bool _IsMove = false; _II = CUgraphNode_st**; _OI = CUgraphNode_st**]’ at /usr/include/c++/13/bits/stl_algobase.h:506:30,
    inlined from ‘constexpr _OI std::__copy_move_a1(_II, _II, _OI) [with bool _IsMove = false; _II = CUgraphNode_st**; _OI = CUgraphNode_st**]’ at /usr/include/c++/13/bits/stl_algobase.h:533:42,
    inlined from ‘constexpr _OI std::__copy_move_a(_II, _II, _OI) [with bool _IsMove = false; _II = CUgraphNode_st**; _OI = CUgraphNode_st**]’ at /usr/include/c++/13/bits/stl_algobase.h:540:31,
    inlined from ‘constexpr _OI std::copy(_II, _II, _OI) [with _II = CUgraphNode_st**; _OI = CUgraphNode_st**]’ at /usr/include/c++/13/bits/stl_algobase.h:633:7,
    inlined from ‘static _ForwardIterator std::__uninitialized_copy<true>::__uninit_copy(_InputIterator, _InputIterator, _ForwardIterator) [with _InputIterator = CUgraphNode_st**; _ForwardIterator = CUgraphNode_st**]’ at /usr/include/c++/13/bits/stl_uninitialized.h:147:27,
    inlined from ‘_ForwardIterator std::uninitialized_copy(_InputIterator, _InputIterator, _ForwardIterator) [with _InputIterator = CUgraphNode_st**; _ForwardIterator = CUgraphNode_st**]’ at /usr/include/c++/13/bits/stl_uninitialized.h:185:15,
    inlined from ‘constexpr _ForwardIterator std::__uninitialized_copy_a(_InputIterator, _InputIterator, _ForwardIterator, allocator<_Tp>&) [with _InputIterator = CUgraphNode_st**; _ForwardIterator = CUgraphNode_st**; _Tp = CUgraphNode_st*]’ at /usr/include/c++/13/bits/stl_uninitialized.h:373:37,
    inlined from ‘constexpr std::vector<_Tp, _Alloc>& std::vector<_Tp, _Alloc>::operator=(const std::vector<_Tp, _Alloc>&) [with _Tp = CUgraphNode_st*; _Alloc = std::allocator<CUgraphNode_st*>]’ at /usr/include/c++/13/bits/vector.tcc:257:35,
    inlined from ‘StageResult PuschRx::buildFrontEndStage(cuphyPuschFullSlotProcMode_t, CUgraph_st**, const std::vector<CUgraphNode_st*>&, void*&)’ at /workspace/cuphy-lockstep/acar/cuPHY/src/cuphy_channels/pusch_rx.cpp:4300:28:
/usr/include/c++/13/bits/stl_algobase.h:437:30: warning: ‘void* __builtin_memcpy(void*, const void*, long unsigned int)’ reading between 9 and 9223372036854775807 bytes from a region of size 8 [-Wstringop-overread]
  437 |             __builtin_memmove(__result, __first, sizeof(_Tp) * _Num);
      |             ~~~~~~~~~~~~~~~~~^~~~~~~~~~~~~~~~~~~~~~~~~~~~~~~~~~~~~~~
In file included from /usr/include/x86_64-linux-gnu/c++/13/bits/c++allocator.h:33,
                 from /usr/include/c++/13/bits/allocator.h:46,
                 from /usr/include/c++/13/string:43:
In member function ‘_Tp* std::__new_allocator<_Tp>::allocate(size_type, const void*) [with _Tp = CUgraphNode_st*]’,
    inlined from ‘constexpr _Tp* std::allocator< <template-parameter-1-1> >::allocate(std::size_t) [with _Tp = CUgraphNode_st*]’ at /usr/include/c++/13/bits/allocator.h:198:40,
    inlined from ‘static constexpr _Tp* std::allocator_traits<std::allocator<_CharT> >::allocate(allocator_type&, size_type) [with _Tp = CUgraphNode_st*]’ at /usr/include/c++/13/bits/alloc_traits.h:482:28,
    inlined from ‘constexpr std::_Vector_base<_Tp, _Alloc>::pointer std::_Vector_base<_Tp, _Alloc>::_M_allocate(std::size_t) [with _Tp = CUgraphNode_st*; _Alloc = std::allocator<CUgraphNode_st*>]’ at /usr/include/c++/13/bits/stl_vector.h:381:33,
    inlined from ‘constexpr void std::vector<_Tp, _Alloc>::_M_realloc_insert(iterator, _Args&& ...) [with _Args = {CUgraphNode_st*&}; _Tp = CUgraphNode_st*; _Alloc = std::allocator<CUgraphNode_st*>]’ at /usr/include/c++/13/bits/vector.tcc:459:44,
    inlined from ‘constexpr std::vector<_Tp, _Alloc>::reference std::vector<_Tp, _Alloc>::emplace_back(_Args&& ...) [with _Args = {CUgraphNode_st*&}; _Tp = CUgraphNode_st*; _Alloc = std::allocator<CUgraphNode_st*>]’ at /usr/include/c++/13/bits/vector.tcc:123:21,
    inlined from ‘StageResult PuschRx::buildFrontEndStage(cuphyPuschFullSlotProcMode_t, CUgraph_st**, const std::vector<CUgraphNode_st*>&, void*&)’ at /workspace/cuphy-lockstep/acar/cuPHY/src/cuphy_channels/pusch_rx.cpp:4297:42:
/usr/include/c++/13/bits/new_allocator.h:151:55: note: at offset [0, 7] into source object of size 8 allocated by ‘operator new’
  151 |         return static_cast<_Tp*>(_GLIBCXX_OPERATOR_NEW(__n * sizeof(_Tp)));
      |                                                       ^
[5/7] Linking CXX static library cuPHY/src/cuphy_channels/libcuphy_channels.a
[6/7] Linking CXX executable CMakeFiles/cuphy_ex_pusch_rx_multi_pipe.dir/cmake_device_link.o
[7/7] Linking CXX executable cuPHY/examples/pusch_rx_multi_pipe/cuphy_ex_pusch_rx_multi_pipe
