[2026-10-02 20:06:20.686 Control 11898] Starting control daemon using socket /workspace/cuphy-lockstep/mps-repeat-20261002T200055Z-10078-b14/control
[2026-10-02 20:06:20.686 Control 11898] To connect CUDA applications to this daemon, set env CUDA_MPS_PIPE_DIRECTORY=/workspace/cuphy-lockstep/mps-repeat-20261002T200055Z-10078-b14
[2026-10-02 20:06:20.686 Control 11898] CUDA MPS Control binary version: 13020
[2026-10-02 20:06:20.906 Control 11898] Accepting connection...
[2026-10-02 20:06:20.906 Control 11898] User did not send valid credentials
[2026-10-02 20:06:20.906 Control 11898] Accepting connection...
[2026-10-02 20:06:20.906 Control 11898] NEW CLIENT 11912 from user 0: Server is not ready, push client to pending list
[2026-10-02 20:06:20.907 Control 11917] Starting new server 11917 for user 0
[2026-10-02 20:06:20.909 Control 11898] Accepting connection...
[2026-10-02 20:06:20.997 Control 11898] NEW SERVER 11917: Ready
[2026-10-02 20:06:21.017 Control 11898] Accepting connection...
[2026-10-02 20:06:21.018 Control 11898] NEW CLIENT 11912 from user 0: Server already exists
[2026-10-02 20:06:24.918 Control 11898] Accepting connection...
[2026-10-02 20:06:24.918 Control 11898] User did not send valid credentials
[2026-10-02 20:06:24.918 Control 11898] Accepting connection...
[2026-10-02 20:06:24.918 Control 11898] NEW CLIENT 11941 from user 0: Server already exists
[2026-10-02 20:06:24.952 Control 11898] Accepting connection...
[2026-10-02 20:06:24.952 Control 11898] NEW CLIENT 11941 from user 0: Server already exists
[2026-10-02 20:06:34.263 Control 11898] Accepting connection...
[2026-10-02 20:06:34.263 Control 11898] User did not send valid credentials
[2026-10-02 20:06:34.263 Control 11898] Accepting connection...
[2026-10-02 20:06:34.263 Control 11898] NEW CLIENT 11980 from user 0: Server already exists
[2026-10-02 20:06:34.279 Control 11898] Accepting connection...
[2026-10-02 20:06:34.279 Control 11898] NEW CLIENT 11980 from user 0: Server already exists
[2026-10-02 20:06:38.273 Control 11898] Accepting connection...
[2026-10-02 20:06:38.273 Control 11898] User did not send valid credentials
[2026-10-02 20:06:38.273 Control 11898] Accepting connection...
[2026-10-02 20:06:38.273 Control 11898] NEW CLIENT 12016 from user 0: Server already exists
[2026-10-02 20:06:38.306 Control 11898] Accepting connection...
[2026-10-02 20:06:38.306 Control 11898] NEW CLIENT 12016 from user 0: Server already exists
[2026-10-02 20:06:47.315 Control 11898] Accepting connection...
[2026-10-02 20:06:47.315 Control 11898] NEW UI
[2026-10-02 20:06:47.315 Control 11898] Cmd:quit
[2026-10-02 20:06:47.315 Control 11898] Try shutting down server 11917, backoff is disabled
[2026-10-02 20:06:47.371 Control 11898] Server 11917 exited with status 0
[2026-10-02 20:06:47.371 Control 11898] Exit with status 0
