[2026-10-05 01:58:58.841 Control 13291] Starting control daemon using socket /workspace/cuphy-lockstep/mps-pipe/control
[2026-10-05 01:58:58.841 Control 13291] To connect CUDA applications to this daemon, set env CUDA_MPS_PIPE_DIRECTORY=/workspace/cuphy-lockstep/mps-pipe
[2026-10-05 01:58:58.841 Control 13291] CUDA MPS Control binary version: 13020
[2026-10-05 01:59:00.902 Control 13291] Accepting connection...
[2026-10-05 01:59:00.902 Control 13291] User did not send valid credentials
[2026-10-05 01:59:00.902 Control 13291] Accepting connection...
[2026-10-05 01:59:00.902 Control 13291] NEW CLIENT 13294 from user 0: Server is not ready, push client to pending list
[2026-10-05 01:59:00.903 Control 13296] Starting new server 13296 for user 0
[2026-10-05 01:59:00.905 Control 13291] Accepting connection...
[2026-10-05 01:59:01.057 Control 13291] NEW SERVER 13296: Ready
[2026-10-05 01:59:01.089 Control 13291] Accepting connection...
[2026-10-05 01:59:01.089 Control 13291] NEW CLIENT 13294 from user 0: Server already exists
[2026-10-05 01:59:06.368 Control 13291] Accepting connection...
[2026-10-05 01:59:06.368 Control 13291] User did not send valid credentials
[2026-10-05 01:59:06.368 Control 13291] Accepting connection...
[2026-10-05 01:59:06.368 Control 13291] NEW CLIENT 13304 from user 0: Server already exists
[2026-10-05 01:59:06.390 Control 13291] Accepting connection...
[2026-10-05 01:59:06.390 Control 13291] NEW CLIENT 13304 from user 0: Server already exists
[2026-10-05 01:59:11.645 Control 13291] Accepting connection...
[2026-10-05 01:59:11.645 Control 13291] User did not send valid credentials
[2026-10-05 01:59:11.645 Control 13291] Accepting connection...
[2026-10-05 01:59:11.645 Control 13291] NEW CLIENT 13310 from user 0: Server already exists
[2026-10-05 01:59:11.659 Control 13291] Accepting connection...
[2026-10-05 01:59:11.659 Control 13291] NEW CLIENT 13310 from user 0: Server already exists
[2026-10-05 01:59:16.903 Control 13291] Accepting connection...
[2026-10-05 01:59:16.903 Control 13291] User did not send valid credentials
[2026-10-05 01:59:16.903 Control 13291] Accepting connection...
[2026-10-05 01:59:16.903 Control 13291] NEW CLIENT 13316 from user 0: Server already exists
[2026-10-05 01:59:16.928 Control 13291] Accepting connection...
[2026-10-05 01:59:16.928 Control 13291] NEW CLIENT 13316 from user 0: Server already exists
[2026-10-05 01:59:22.178 Control 13291] Accepting connection...
[2026-10-05 01:59:22.178 Control 13291] User did not send valid credentials
[2026-10-05 01:59:22.178 Control 13291] Accepting connection...
[2026-10-05 01:59:22.178 Control 13291] NEW CLIENT 13322 from user 0: Server already exists
[2026-10-05 01:59:22.196 Control 13291] Accepting connection...
[2026-10-05 01:59:22.196 Control 13291] NEW CLIENT 13322 from user 0: Server already exists
[2026-10-05 01:59:27.444 Control 13291] Accepting connection...
[2026-10-05 01:59:27.444 Control 13291] User did not send valid credentials
[2026-10-05 01:59:27.444 Control 13291] Accepting connection...
[2026-10-05 01:59:27.444 Control 13291] NEW CLIENT 13328 from user 0: Server already exists
[2026-10-05 01:59:27.459 Control 13291] Accepting connection...
[2026-10-05 01:59:27.459 Control 13291] NEW CLIENT 13328 from user 0: Server already exists
[2026-10-05 01:59:32.720 Control 13291] Accepting connection...
[2026-10-05 01:59:32.720 Control 13291] User did not send valid credentials
[2026-10-05 01:59:32.720 Control 13291] Accepting connection...
[2026-10-05 01:59:32.720 Control 13291] NEW CLIENT 13337 from user 0: Server already exists
[2026-10-05 01:59:32.734 Control 13291] Accepting connection...
[2026-10-05 01:59:32.734 Control 13291] NEW CLIENT 13337 from user 0: Server already exists
[2026-10-05 01:59:36.732 Control 13291] Accepting connection...
[2026-10-05 01:59:36.732 Control 13291] User did not send valid credentials
[2026-10-05 01:59:36.732 Control 13291] Accepting connection...
[2026-10-05 01:59:36.732 Control 13291] NEW CLIENT 13360 from user 0: Server already exists
[2026-10-05 01:59:36.760 Control 13291] Accepting connection...
[2026-10-05 01:59:36.760 Control 13291] NEW CLIENT 13360 from user 0: Server already exists
[2026-10-05 01:59:45.144 Control 13291] Accepting connection...
[2026-10-05 01:59:45.144 Control 13291] User did not send valid credentials
[2026-10-05 01:59:45.144 Control 13291] Accepting connection...
[2026-10-05 01:59:45.144 Control 13291] NEW CLIENT 13385 from user 0: Server already exists
[2026-10-05 01:59:45.176 Control 13291] Accepting connection...
[2026-10-05 01:59:45.176 Control 13291] NEW CLIENT 13385 from user 0: Server already exists
[2026-10-05 01:59:52.558 Control 13291] Accepting connection...
[2026-10-05 01:59:52.558 Control 13291] User did not send valid credentials
[2026-10-05 01:59:52.558 Control 13291] Accepting connection...
[2026-10-05 01:59:52.558 Control 13291] NEW CLIENT 13402 from user 0: Server already exists
[2026-10-05 01:59:52.575 Control 13291] Accepting connection...
[2026-10-05 01:59:52.575 Control 13291] NEW CLIENT 13402 from user 0: Server already exists
[2026-10-05 01:59:56.559 Control 13291] Accepting connection...
[2026-10-05 01:59:56.559 Control 13291] User did not send valid credentials
[2026-10-05 01:59:56.559 Control 13291] Accepting connection...
[2026-10-05 01:59:56.559 Control 13291] NEW CLIENT 13425 from user 0: Server already exists
[2026-10-05 01:59:56.587 Control 13291] Accepting connection...
[2026-10-05 01:59:56.587 Control 13291] NEW CLIENT 13425 from user 0: Server already exists
[2026-10-05 02:00:04.955 Control 13291] Accepting connection...
[2026-10-05 02:00:04.955 Control 13291] User did not send valid credentials
[2026-10-05 02:00:04.955 Control 13291] Accepting connection...
[2026-10-05 02:00:04.955 Control 13291] NEW CLIENT 13445 from user 0: Server already exists
[2026-10-05 02:00:04.969 Control 13291] Accepting connection...
[2026-10-05 02:00:04.969 Control 13291] NEW CLIENT 13445 from user 0: Server already exists
[2026-10-05 02:00:08.957 Control 13291] Accepting connection...
[2026-10-05 02:00:08.957 Control 13291] User did not send valid credentials
[2026-10-05 02:00:08.957 Control 13291] Accepting connection...
[2026-10-05 02:00:08.957 Control 13291] NEW CLIENT 13468 from user 0: Server already exists
[2026-10-05 02:00:08.989 Control 13291] Accepting connection...
[2026-10-05 02:00:08.989 Control 13291] NEW CLIENT 13468 from user 0: Server already exists
[2026-10-05 02:00:17.353 Control 13291] Accepting connection...
[2026-10-05 02:00:17.353 Control 13291] User did not send valid credentials
[2026-10-05 02:00:17.353 Control 13291] Accepting connection...
[2026-10-05 02:00:17.353 Control 13291] NEW CLIENT 13488 from user 0: Server already exists
[2026-10-05 02:00:17.371 Control 13291] Accepting connection...
[2026-10-05 02:00:17.371 Control 13291] NEW CLIENT 13488 from user 0: Server already exists
[2026-10-05 02:00:21.355 Control 13291] Accepting connection...
[2026-10-05 02:00:21.355 Control 13291] User did not send valid credentials
[2026-10-05 02:00:21.355 Control 13291] Accepting connection...
[2026-10-05 02:00:21.355 Control 13291] NEW CLIENT 13511 from user 0: Server already exists
[2026-10-05 02:00:21.383 Control 13291] Accepting connection...
[2026-10-05 02:00:21.383 Control 13291] NEW CLIENT 13511 from user 0: Server already exists
[2026-10-05 02:00:29.764 Control 13291] Accepting connection...
[2026-10-05 02:00:29.764 Control 13291] User did not send valid credentials
[2026-10-05 02:00:29.764 Control 13291] Accepting connection...
[2026-10-05 02:00:29.764 Control 13291] NEW CLIENT 13531 from user 0: Server already exists
[2026-10-05 02:00:29.781 Control 13291] Accepting connection...
[2026-10-05 02:00:29.781 Control 13291] NEW CLIENT 13531 from user 0: Server already exists
[2026-10-05 02:00:33.766 Control 13291] Accepting connection...
[2026-10-05 02:00:33.766 Control 13291] User did not send valid credentials
[2026-10-05 02:00:33.766 Control 13291] Accepting connection...
[2026-10-05 02:00:33.766 Control 13291] NEW CLIENT 13554 from user 0: Server already exists
[2026-10-05 02:00:33.794 Control 13291] Accepting connection...
[2026-10-05 02:00:33.794 Control 13291] NEW CLIENT 13554 from user 0: Server already exists
[2026-10-05 02:00:42.168 Control 13291] Accepting connection...
[2026-10-05 02:00:42.168 Control 13291] User did not send valid credentials
[2026-10-05 02:00:42.168 Control 13291] Accepting connection...
[2026-10-05 02:00:42.168 Control 13291] NEW CLIENT 13574 from user 0: Server already exists
[2026-10-05 02:00:42.182 Control 13291] Accepting connection...
[2026-10-05 02:00:42.182 Control 13291] NEW CLIENT 13574 from user 0: Server already exists
[2026-10-05 02:00:46.169 Control 13291] Accepting connection...
[2026-10-05 02:00:46.169 Control 13291] User did not send valid credentials
[2026-10-05 02:00:46.169 Control 13291] Accepting connection...
[2026-10-05 02:00:46.169 Control 13291] NEW CLIENT 13597 from user 0: Server already exists
[2026-10-05 02:00:46.197 Control 13291] Accepting connection...
[2026-10-05 02:00:46.197 Control 13291] NEW CLIENT 13597 from user 0: Server already exists
[2026-10-05 02:00:54.561 Control 13291] Accepting connection...
[2026-10-05 02:00:54.561 Control 13291] User did not send valid credentials
[2026-10-05 02:00:54.561 Control 13291] Accepting connection...
[2026-10-05 02:00:54.561 Control 13291] NEW CLIENT 13617 from user 0: Server already exists
[2026-10-05 02:00:54.580 Control 13291] Accepting connection...
[2026-10-05 02:00:54.580 Control 13291] NEW CLIENT 13617 from user 0: Server already exists
[2026-10-05 02:00:58.563 Control 13291] Accepting connection...
[2026-10-05 02:00:58.563 Control 13291] User did not send valid credentials
[2026-10-05 02:00:58.563 Control 13291] Accepting connection...
[2026-10-05 02:00:58.563 Control 13291] NEW CLIENT 13640 from user 0: Server already exists
[2026-10-05 02:00:58.592 Control 13291] Accepting connection...
[2026-10-05 02:00:58.592 Control 13291] NEW CLIENT 13640 from user 0: Server already exists
[2026-10-05 02:01:06.948 Control 13291] Accepting connection...
[2026-10-05 02:01:06.948 Control 13291] User did not send valid credentials
[2026-10-05 02:01:06.948 Control 13291] Accepting connection...
[2026-10-05 02:01:06.948 Control 13291] NEW CLIENT 13660 from user 0: Server already exists
[2026-10-05 02:01:06.963 Control 13291] Accepting connection...
[2026-10-05 02:01:06.963 Control 13291] NEW CLIENT 13660 from user 0: Server already exists
[2026-10-05 02:01:10.950 Control 13291] Accepting connection...
[2026-10-05 02:01:10.950 Control 13291] User did not send valid credentials
[2026-10-05 02:01:10.950 Control 13291] Accepting connection...
[2026-10-05 02:01:10.950 Control 13291] NEW CLIENT 13683 from user 0: Server already exists
[2026-10-05 02:01:10.979 Control 13291] Accepting connection...
[2026-10-05 02:01:10.979 Control 13291] NEW CLIENT 13683 from user 0: Server already exists
[2026-10-05 02:01:19.345 Control 13291] Accepting connection...
[2026-10-05 02:01:19.345 Control 13291] User did not send valid credentials
[2026-10-05 02:01:19.345 Control 13291] Accepting connection...
[2026-10-05 02:01:19.345 Control 13291] NEW CLIENT 13703 from user 0: Server already exists
[2026-10-05 02:01:19.359 Control 13291] Accepting connection...
[2026-10-05 02:01:19.359 Control 13291] NEW CLIENT 13703 from user 0: Server already exists
[2026-10-05 02:01:23.347 Control 13291] Accepting connection...
[2026-10-05 02:01:23.347 Control 13291] User did not send valid credentials
[2026-10-05 02:01:23.347 Control 13291] Accepting connection...
[2026-10-05 02:01:23.347 Control 13291] NEW CLIENT 13726 from user 0: Server already exists
[2026-10-05 02:01:23.383 Control 13291] Accepting connection...
[2026-10-05 02:01:23.383 Control 13291] NEW CLIENT 13726 from user 0: Server already exists
[2026-10-05 02:01:31.744 Control 13291] Accepting connection...
[2026-10-05 02:01:31.744 Control 13291] User did not send valid credentials
[2026-10-05 02:01:31.744 Control 13291] Accepting connection...
[2026-10-05 02:01:31.744 Control 13291] NEW CLIENT 13746 from user 0: Server already exists
[2026-10-05 02:01:31.759 Control 13291] Accepting connection...
[2026-10-05 02:01:31.759 Control 13291] NEW CLIENT 13746 from user 0: Server already exists
[2026-10-05 02:01:35.747 Control 13291] Accepting connection...
[2026-10-05 02:01:35.747 Control 13291] User did not send valid credentials
[2026-10-05 02:01:35.747 Control 13291] Accepting connection...
[2026-10-05 02:01:35.747 Control 13291] NEW CLIENT 13769 from user 0: Server already exists
[2026-10-05 02:01:35.776 Control 13291] Accepting connection...
[2026-10-05 02:01:35.776 Control 13291] NEW CLIENT 13769 from user 0: Server already exists
[2026-10-05 02:01:44.121 Control 13291] Accepting connection...
[2026-10-05 02:01:44.121 Control 13291] User did not send valid credentials
[2026-10-05 02:01:44.121 Control 13291] Accepting connection...
[2026-10-05 02:01:44.121 Control 13291] NEW CLIENT 13789 from user 0: Server already exists
[2026-10-05 02:01:44.136 Control 13291] Accepting connection...
[2026-10-05 02:01:44.136 Control 13291] NEW CLIENT 13789 from user 0: Server already exists
[2026-10-05 02:01:48.131 Control 13291] Accepting connection...
[2026-10-05 02:01:48.131 Control 13291] User did not send valid credentials
[2026-10-05 02:01:48.131 Control 13291] Accepting connection...
[2026-10-05 02:01:48.131 Control 13291] NEW CLIENT 13812 from user 0: Server already exists
[2026-10-05 02:01:48.164 Control 13291] Accepting connection...
[2026-10-05 02:01:48.164 Control 13291] NEW CLIENT 13812 from user 0: Server already exists
[2026-10-05 02:01:56.524 Control 13291] Accepting connection...
[2026-10-05 02:01:56.525 Control 13291] User did not send valid credentials
[2026-10-05 02:01:56.525 Control 13291] Accepting connection...
[2026-10-05 02:01:56.525 Control 13291] NEW CLIENT 13832 from user 0: Server already exists
[2026-10-05 02:01:56.545 Control 13291] Accepting connection...
[2026-10-05 02:01:56.545 Control 13291] NEW CLIENT 13832 from user 0: Server already exists
[2026-10-05 02:02:00.527 Control 13291] Accepting connection...
[2026-10-05 02:02:00.527 Control 13291] User did not send valid credentials
[2026-10-05 02:02:00.527 Control 13291] Accepting connection...
[2026-10-05 02:02:00.527 Control 13291] NEW CLIENT 13855 from user 0: Server already exists
[2026-10-05 02:02:00.554 Control 13291] Accepting connection...
[2026-10-05 02:02:00.554 Control 13291] NEW CLIENT 13855 from user 0: Server already exists
[2026-10-05 02:02:08.932 Control 13291] Accepting connection...
[2026-10-05 02:02:08.932 Control 13291] User did not send valid credentials
[2026-10-05 02:02:08.932 Control 13291] Accepting connection...
[2026-10-05 02:02:08.932 Control 13291] NEW CLIENT 13877 from user 0: Server already exists
[2026-10-05 02:02:08.946 Control 13291] Accepting connection...
[2026-10-05 02:02:08.946 Control 13291] NEW CLIENT 13877 from user 0: Server already exists
[2026-10-05 02:02:12.934 Control 13291] Accepting connection...
[2026-10-05 02:02:12.934 Control 13291] User did not send valid credentials
[2026-10-05 02:02:12.934 Control 13291] Accepting connection...
[2026-10-05 02:02:12.934 Control 13291] NEW CLIENT 13900 from user 0: Server already exists
[2026-10-05 02:02:12.963 Control 13291] Accepting connection...
[2026-10-05 02:02:12.963 Control 13291] NEW CLIENT 13900 from user 0: Server already exists
[2026-10-05 02:02:21.324 Control 13291] Accepting connection...
[2026-10-05 02:02:21.324 Control 13291] User did not send valid credentials
[2026-10-05 02:02:21.324 Control 13291] Accepting connection...
[2026-10-05 02:02:21.324 Control 13291] NEW CLIENT 13920 from user 0: Server already exists
[2026-10-05 02:02:21.344 Control 13291] Accepting connection...
[2026-10-05 02:02:21.344 Control 13291] NEW CLIENT 13920 from user 0: Server already exists
[2026-10-05 02:02:25.327 Control 13291] Accepting connection...
[2026-10-05 02:02:25.327 Control 13291] User did not send valid credentials
[2026-10-05 02:02:25.327 Control 13291] Accepting connection...
[2026-10-05 02:02:25.327 Control 13291] NEW CLIENT 13943 from user 0: Server already exists
[2026-10-05 02:02:25.355 Control 13291] Accepting connection...
[2026-10-05 02:02:25.355 Control 13291] NEW CLIENT 13943 from user 0: Server already exists
[2026-10-05 02:02:33.707 Control 13291] Accepting connection...
[2026-10-05 02:02:33.707 Control 13291] User did not send valid credentials
[2026-10-05 02:02:33.707 Control 13291] Accepting connection...
[2026-10-05 02:02:33.707 Control 13291] NEW CLIENT 13968 from user 0: Server already exists
[2026-10-05 02:02:33.740 Control 13291] Accepting connection...
[2026-10-05 02:02:33.740 Control 13291] NEW CLIENT 13968 from user 0: Server already exists
[2026-10-05 02:02:41.117 Control 13291] Accepting connection...
[2026-10-05 02:02:41.117 Control 13291] User did not send valid credentials
[2026-10-05 02:02:41.117 Control 13291] Accepting connection...
[2026-10-05 02:02:41.117 Control 13291] NEW CLIENT 13985 from user 0: Server already exists
[2026-10-05 02:02:41.135 Control 13291] Accepting connection...
[2026-10-05 02:02:41.135 Control 13291] NEW CLIENT 13985 from user 0: Server already exists
[2026-10-05 02:02:45.119 Control 13291] Accepting connection...
[2026-10-05 02:02:45.119 Control 13291] User did not send valid credentials
[2026-10-05 02:02:45.119 Control 13291] Accepting connection...
[2026-10-05 02:02:45.119 Control 13291] NEW CLIENT 14008 from user 0: Server already exists
[2026-10-05 02:02:45.152 Control 13291] Accepting connection...
[2026-10-05 02:02:45.152 Control 13291] NEW CLIENT 14008 from user 0: Server already exists
[2026-10-05 02:02:53.517 Control 13291] Accepting connection...
[2026-10-05 02:02:53.517 Control 13291] User did not send valid credentials
[2026-10-05 02:02:53.517 Control 13291] Accepting connection...
[2026-10-05 02:02:53.517 Control 13291] NEW CLIENT 14028 from user 0: Server already exists
[2026-10-05 02:02:53.532 Control 13291] Accepting connection...
[2026-10-05 02:02:53.532 Control 13291] NEW CLIENT 14028 from user 0: Server already exists
[2026-10-05 02:02:57.520 Control 13291] Accepting connection...
[2026-10-05 02:02:57.520 Control 13291] User did not send valid credentials
[2026-10-05 02:02:57.520 Control 13291] Accepting connection...
[2026-10-05 02:02:57.520 Control 13291] NEW CLIENT 14051 from user 0: Server already exists
[2026-10-05 02:02:57.549 Control 13291] Accepting connection...
[2026-10-05 02:02:57.549 Control 13291] NEW CLIENT 14051 from user 0: Server already exists
[2026-10-05 02:03:05.921 Control 13291] Accepting connection...
[2026-10-05 02:03:05.921 Control 13291] User did not send valid credentials
[2026-10-05 02:03:05.921 Control 13291] Accepting connection...
[2026-10-05 02:03:05.921 Control 13291] NEW CLIENT 14071 from user 0: Server already exists
[2026-10-05 02:03:05.936 Control 13291] Accepting connection...
[2026-10-05 02:03:05.936 Control 13291] NEW CLIENT 14071 from user 0: Server already exists
[2026-10-05 02:03:09.922 Control 13291] Accepting connection...
[2026-10-05 02:03:09.922 Control 13291] User did not send valid credentials
[2026-10-05 02:03:09.922 Control 13291] Accepting connection...
[2026-10-05 02:03:09.923 Control 13291] NEW CLIENT 14094 from user 0: Server already exists
[2026-10-05 02:03:09.953 Control 13291] Accepting connection...
[2026-10-05 02:03:09.953 Control 13291] NEW CLIENT 14094 from user 0: Server already exists
[2026-10-05 02:03:18.318 Control 13291] Accepting connection...
[2026-10-05 02:03:18.318 Control 13291] User did not send valid credentials
[2026-10-05 02:03:18.318 Control 13291] Accepting connection...
[2026-10-05 02:03:18.318 Control 13291] NEW CLIENT 14114 from user 0: Server already exists
[2026-10-05 02:03:18.334 Control 13291] Accepting connection...
[2026-10-05 02:03:18.334 Control 13291] NEW CLIENT 14114 from user 0: Server already exists
[2026-10-05 02:03:22.320 Control 13291] Accepting connection...
[2026-10-05 02:03:22.320 Control 13291] User did not send valid credentials
[2026-10-05 02:03:22.320 Control 13291] Accepting connection...
[2026-10-05 02:03:22.320 Control 13291] NEW CLIENT 14137 from user 0: Server already exists
[2026-10-05 02:03:22.349 Control 13291] Accepting connection...
[2026-10-05 02:03:22.349 Control 13291] NEW CLIENT 14137 from user 0: Server already exists
[2026-10-05 02:03:30.709 Control 13291] Accepting connection...
[2026-10-05 02:03:30.709 Control 13291] User did not send valid credentials
[2026-10-05 02:03:30.709 Control 13291] Accepting connection...
[2026-10-05 02:03:30.709 Control 13291] NEW CLIENT 14157 from user 0: Server already exists
[2026-10-05 02:03:30.727 Control 13291] Accepting connection...
[2026-10-05 02:03:30.728 Control 13291] NEW CLIENT 14157 from user 0: Server already exists
[2026-10-05 02:03:34.712 Control 13291] Accepting connection...
[2026-10-05 02:03:34.712 Control 13291] User did not send valid credentials
[2026-10-05 02:03:34.712 Control 13291] Accepting connection...
[2026-10-05 02:03:34.712 Control 13291] NEW CLIENT 14180 from user 0: Server already exists
[2026-10-05 02:03:34.741 Control 13291] Accepting connection...
[2026-10-05 02:03:34.741 Control 13291] NEW CLIENT 14180 from user 0: Server already exists
[2026-10-05 02:03:43.100 Control 13291] Accepting connection...
[2026-10-05 02:03:43.100 Control 13291] User did not send valid credentials
[2026-10-05 02:03:43.100 Control 13291] Accepting connection...
[2026-10-05 02:03:43.100 Control 13291] NEW CLIENT 14200 from user 0: Server already exists
[2026-10-05 02:03:43.118 Control 13291] Accepting connection...
[2026-10-05 02:03:43.118 Control 13291] NEW CLIENT 14200 from user 0: Server already exists
[2026-10-05 02:03:47.102 Control 13291] Accepting connection...
[2026-10-05 02:03:47.102 Control 13291] User did not send valid credentials
[2026-10-05 02:03:47.102 Control 13291] Accepting connection...
[2026-10-05 02:03:47.102 Control 13291] NEW CLIENT 14223 from user 0: Server already exists
[2026-10-05 02:03:47.131 Control 13291] Accepting connection...
[2026-10-05 02:03:47.131 Control 13291] NEW CLIENT 14223 from user 0: Server already exists
[2026-10-05 02:03:55.506 Control 13291] Accepting connection...
[2026-10-05 02:03:55.506 Control 13291] User did not send valid credentials
[2026-10-05 02:03:55.506 Control 13291] Accepting connection...
[2026-10-05 02:03:55.506 Control 13291] NEW CLIENT 14243 from user 0: Server already exists
[2026-10-05 02:03:55.521 Control 13291] Accepting connection...
[2026-10-05 02:03:55.521 Control 13291] NEW CLIENT 14243 from user 0: Server already exists
[2026-10-05 02:03:59.507 Control 13291] Accepting connection...
[2026-10-05 02:03:59.507 Control 13291] User did not send valid credentials
[2026-10-05 02:03:59.508 Control 13291] Accepting connection...
[2026-10-05 02:03:59.508 Control 13291] NEW CLIENT 14266 from user 0: Server already exists
[2026-10-05 02:03:59.537 Control 13291] Accepting connection...
[2026-10-05 02:03:59.537 Control 13291] NEW CLIENT 14266 from user 0: Server already exists
[2026-10-05 02:04:07.904 Control 13291] Accepting connection...
[2026-10-05 02:04:07.904 Control 13291] User did not send valid credentials
[2026-10-05 02:04:07.904 Control 13291] Accepting connection...
[2026-10-05 02:04:07.904 Control 13291] NEW CLIENT 14286 from user 0: Server already exists
[2026-10-05 02:04:07.918 Control 13291] Accepting connection...
[2026-10-05 02:04:07.918 Control 13291] NEW CLIENT 14286 from user 0: Server already exists
[2026-10-05 02:04:11.905 Control 13291] Accepting connection...
[2026-10-05 02:04:11.905 Control 13291] User did not send valid credentials
[2026-10-05 02:04:11.905 Control 13291] Accepting connection...
[2026-10-05 02:04:11.905 Control 13291] NEW CLIENT 14309 from user 0: Server already exists
[2026-10-05 02:04:11.934 Control 13291] Accepting connection...
[2026-10-05 02:04:11.934 Control 13291] NEW CLIENT 14309 from user 0: Server already exists
[2026-10-05 02:04:20.298 Control 13291] Accepting connection...
[2026-10-05 02:04:20.298 Control 13291] User did not send valid credentials
[2026-10-05 02:04:20.298 Control 13291] Accepting connection...
[2026-10-05 02:04:20.298 Control 13291] NEW CLIENT 14329 from user 0: Server already exists
[2026-10-05 02:04:20.312 Control 13291] Accepting connection...
[2026-10-05 02:04:20.312 Control 13291] NEW CLIENT 14329 from user 0: Server already exists
[2026-10-05 02:04:24.301 Control 13291] Accepting connection...
[2026-10-05 02:04:24.301 Control 13291] User did not send valid credentials
[2026-10-05 02:04:24.301 Control 13291] Accepting connection...
[2026-10-05 02:04:24.301 Control 13291] NEW CLIENT 14352 from user 0: Server already exists
[2026-10-05 02:04:24.329 Control 13291] Accepting connection...
[2026-10-05 02:04:24.329 Control 13291] NEW CLIENT 14352 from user 0: Server already exists
[2026-10-05 02:04:32.700 Control 13291] Accepting connection...
[2026-10-05 02:04:32.700 Control 13291] User did not send valid credentials
[2026-10-05 02:04:32.700 Control 13291] Accepting connection...
[2026-10-05 02:04:32.700 Control 13291] NEW CLIENT 14372 from user 0: Server already exists
[2026-10-05 02:04:32.720 Control 13291] Accepting connection...
[2026-10-05 02:04:32.720 Control 13291] NEW CLIENT 14372 from user 0: Server already exists
[2026-10-05 02:04:36.703 Control 13291] Accepting connection...
[2026-10-05 02:04:36.703 Control 13291] User did not send valid credentials
[2026-10-05 02:04:36.703 Control 13291] Accepting connection...
[2026-10-05 02:04:36.703 Control 13291] NEW CLIENT 14395 from user 0: Server already exists
[2026-10-05 02:04:36.731 Control 13291] Accepting connection...
[2026-10-05 02:04:36.731 Control 13291] NEW CLIENT 14395 from user 0: Server already exists
[2026-10-05 02:04:45.099 Control 13291] Accepting connection...
[2026-10-05 02:04:45.099 Control 13291] User did not send valid credentials
[2026-10-05 02:04:45.099 Control 13291] Accepting connection...
[2026-10-05 02:04:45.099 Control 13291] NEW CLIENT 14417 from user 0: Server already exists
[2026-10-05 02:04:45.114 Control 13291] Accepting connection...
[2026-10-05 02:04:45.114 Control 13291] NEW CLIENT 14417 from user 0: Server already exists
[2026-10-05 02:04:49.105 Control 13291] Accepting connection...
[2026-10-05 02:04:49.105 Control 13291] User did not send valid credentials
[2026-10-05 02:04:49.105 Control 13291] Accepting connection...
[2026-10-05 02:04:49.105 Control 13291] NEW CLIENT 14440 from user 0: Server already exists
[2026-10-05 02:04:49.134 Control 13291] Accepting connection...
[2026-10-05 02:04:49.134 Control 13291] NEW CLIENT 14440 from user 0: Server already exists
[2026-10-05 02:04:57.496 Control 13291] Accepting connection...
[2026-10-05 02:04:57.496 Control 13291] User did not send valid credentials
[2026-10-05 02:04:57.496 Control 13291] Accepting connection...
[2026-10-05 02:04:57.496 Control 13291] NEW CLIENT 14460 from user 0: Server already exists
[2026-10-05 02:04:57.515 Control 13291] Accepting connection...
[2026-10-05 02:04:57.515 Control 13291] NEW CLIENT 14460 from user 0: Server already exists
[2026-10-05 02:05:01.499 Control 13291] Accepting connection...
[2026-10-05 02:05:01.499 Control 13291] User did not send valid credentials
[2026-10-05 02:05:01.499 Control 13291] Accepting connection...
[2026-10-05 02:05:01.499 Control 13291] NEW CLIENT 14483 from user 0: Server already exists
[2026-10-05 02:05:01.529 Control 13291] Accepting connection...
[2026-10-05 02:05:01.529 Control 13291] NEW CLIENT 14483 from user 0: Server already exists
[2026-10-05 02:05:09.895 Control 13291] Accepting connection...
[2026-10-05 02:05:09.895 Control 13291] User did not send valid credentials
[2026-10-05 02:05:09.895 Control 13291] Accepting connection...
[2026-10-05 02:05:09.895 Control 13291] NEW CLIENT 14503 from user 0: Server already exists
[2026-10-05 02:05:09.914 Control 13291] Accepting connection...
[2026-10-05 02:05:09.914 Control 13291] NEW CLIENT 14503 from user 0: Server already exists
[2026-10-05 02:05:13.898 Control 13291] Accepting connection...
[2026-10-05 02:05:13.898 Control 13291] User did not send valid credentials
[2026-10-05 02:05:13.898 Control 13291] Accepting connection...
[2026-10-05 02:05:13.898 Control 13291] NEW CLIENT 14526 from user 0: Server already exists
[2026-10-05 02:05:13.932 Control 13291] Accepting connection...
[2026-10-05 02:05:13.933 Control 13291] NEW CLIENT 14526 from user 0: Server already exists
[2026-10-05 02:05:22.285 Control 13291] Accepting connection...
[2026-10-05 02:05:22.285 Control 13291] User did not send valid credentials
[2026-10-05 02:05:22.285 Control 13291] Accepting connection...
[2026-10-05 02:05:22.285 Control 13291] NEW CLIENT 14551 from user 0: Server already exists
[2026-10-05 02:05:22.377 Control 13291] Accepting connection...
[2026-10-05 02:05:22.377 Control 13291] NEW CLIENT 14551 from user 0: Server already exists
[2026-10-05 02:05:29.757 Control 13291] Accepting connection...
[2026-10-05 02:05:29.757 Control 13291] User did not send valid credentials
[2026-10-05 02:05:29.757 Control 13291] Accepting connection...
[2026-10-05 02:05:29.757 Control 13291] NEW CLIENT 14568 from user 0: Server already exists
[2026-10-05 02:05:29.780 Control 13291] Accepting connection...
[2026-10-05 02:05:29.780 Control 13291] NEW CLIENT 14568 from user 0: Server already exists
[2026-10-05 02:05:33.759 Control 13291] Accepting connection...
[2026-10-05 02:05:33.759 Control 13291] User did not send valid credentials
[2026-10-05 02:05:33.759 Control 13291] Accepting connection...
[2026-10-05 02:05:33.759 Control 13291] NEW CLIENT 14591 from user 0: Server already exists
[2026-10-05 02:05:33.786 Control 13291] Accepting connection...
[2026-10-05 02:05:33.786 Control 13291] NEW CLIENT 14591 from user 0: Server already exists
[2026-10-05 02:05:42.159 Control 13291] Accepting connection...
[2026-10-05 02:05:42.159 Control 13291] User did not send valid credentials
[2026-10-05 02:05:42.159 Control 13291] Accepting connection...
[2026-10-05 02:05:42.159 Control 13291] NEW CLIENT 14611 from user 0: Server already exists
[2026-10-05 02:05:42.173 Control 13291] Accepting connection...
[2026-10-05 02:05:42.173 Control 13291] NEW CLIENT 14611 from user 0: Server already exists
[2026-10-05 02:05:46.162 Control 13291] Accepting connection...
[2026-10-05 02:05:46.162 Control 13291] User did not send valid credentials
[2026-10-05 02:05:46.162 Control 13291] Accepting connection...
[2026-10-05 02:05:46.162 Control 13291] NEW CLIENT 14634 from user 0: Server already exists
[2026-10-05 02:05:46.190 Control 13291] Accepting connection...
[2026-10-05 02:05:46.190 Control 13291] NEW CLIENT 14634 from user 0: Server already exists
[2026-10-05 02:05:54.560 Control 13291] Accepting connection...
[2026-10-05 02:05:54.560 Control 13291] User did not send valid credentials
[2026-10-05 02:05:54.561 Control 13291] Accepting connection...
[2026-10-05 02:05:54.561 Control 13291] NEW CLIENT 14654 from user 0: Server already exists
[2026-10-05 02:05:54.575 Control 13291] Accepting connection...
[2026-10-05 02:05:54.575 Control 13291] NEW CLIENT 14654 from user 0: Server already exists
[2026-10-05 02:05:58.562 Control 13291] Accepting connection...
[2026-10-05 02:05:58.562 Control 13291] User did not send valid credentials
[2026-10-05 02:05:58.562 Control 13291] Accepting connection...
[2026-10-05 02:05:58.562 Control 13291] NEW CLIENT 14677 from user 0: Server already exists
[2026-10-05 02:05:58.597 Control 13291] Accepting connection...
[2026-10-05 02:05:58.597 Control 13291] NEW CLIENT 14677 from user 0: Server already exists
[2026-10-05 02:06:06.967 Control 13291] Accepting connection...
[2026-10-05 02:06:06.967 Control 13291] User did not send valid credentials
[2026-10-05 02:06:06.967 Control 13291] Accepting connection...
[2026-10-05 02:06:06.967 Control 13291] NEW CLIENT 14697 from user 0: Server already exists
[2026-10-05 02:06:06.981 Control 13291] Accepting connection...
[2026-10-05 02:06:06.981 Control 13291] NEW CLIENT 14697 from user 0: Server already exists
[2026-10-05 02:06:10.969 Control 13291] Accepting connection...
[2026-10-05 02:06:10.969 Control 13291] User did not send valid credentials
[2026-10-05 02:06:10.969 Control 13291] Accepting connection...
[2026-10-05 02:06:10.969 Control 13291] NEW CLIENT 14720 from user 0: Server already exists
[2026-10-05 02:06:10.998 Control 13291] Accepting connection...
[2026-10-05 02:06:10.998 Control 13291] NEW CLIENT 14720 from user 0: Server already exists
[2026-10-05 02:06:19.361 Control 13291] Accepting connection...
[2026-10-05 02:06:19.361 Control 13291] User did not send valid credentials
[2026-10-05 02:06:19.361 Control 13291] Accepting connection...
[2026-10-05 02:06:19.361 Control 13291] NEW CLIENT 14740 from user 0: Server already exists
[2026-10-05 02:06:19.381 Control 13291] Accepting connection...
[2026-10-05 02:06:19.381 Control 13291] NEW CLIENT 14740 from user 0: Server already exists
[2026-10-05 02:06:23.364 Control 13291] Accepting connection...
[2026-10-05 02:06:23.364 Control 13291] User did not send valid credentials
[2026-10-05 02:06:23.364 Control 13291] Accepting connection...
[2026-10-05 02:06:23.364 Control 13291] NEW CLIENT 14763 from user 0: Server already exists
[2026-10-05 02:06:23.398 Control 13291] Accepting connection...
[2026-10-05 02:06:23.398 Control 13291] NEW CLIENT 14763 from user 0: Server already exists
[2026-10-05 02:06:31.746 Control 13291] Accepting connection...
[2026-10-05 02:06:31.746 Control 13291] User did not send valid credentials
[2026-10-05 02:06:31.746 Control 13291] Accepting connection...
[2026-10-05 02:06:31.746 Control 13291] NEW CLIENT 14783 from user 0: Server already exists
[2026-10-05 02:06:31.765 Control 13291] Accepting connection...
[2026-10-05 02:06:31.765 Control 13291] NEW CLIENT 14783 from user 0: Server already exists
[2026-10-05 02:06:35.756 Control 13291] Accepting connection...
[2026-10-05 02:06:35.756 Control 13291] User did not send valid credentials
[2026-10-05 02:06:35.756 Control 13291] Accepting connection...
[2026-10-05 02:06:35.756 Control 13291] NEW CLIENT 14806 from user 0: Server already exists
[2026-10-05 02:06:35.786 Control 13291] Accepting connection...
[2026-10-05 02:06:35.786 Control 13291] NEW CLIENT 14806 from user 0: Server already exists
[2026-10-05 02:06:44.145 Control 13291] Accepting connection...
[2026-10-05 02:06:44.145 Control 13291] User did not send valid credentials
[2026-10-05 02:06:44.145 Control 13291] Accepting connection...
[2026-10-05 02:06:44.145 Control 13291] NEW CLIENT 14826 from user 0: Server already exists
[2026-10-05 02:06:44.160 Control 13291] Accepting connection...
[2026-10-05 02:06:44.160 Control 13291] NEW CLIENT 14826 from user 0: Server already exists
[2026-10-05 02:06:48.148 Control 13291] Accepting connection...
[2026-10-05 02:06:48.148 Control 13291] User did not send valid credentials
[2026-10-05 02:06:48.148 Control 13291] Accepting connection...
[2026-10-05 02:06:48.148 Control 13291] NEW CLIENT 14849 from user 0: Server already exists
[2026-10-05 02:06:48.177 Control 13291] Accepting connection...
[2026-10-05 02:06:48.177 Control 13291] NEW CLIENT 14849 from user 0: Server already exists
[2026-10-05 02:06:56.542 Control 13291] Accepting connection...
[2026-10-05 02:06:56.542 Control 13291] User did not send valid credentials
[2026-10-05 02:06:56.542 Control 13291] Accepting connection...
[2026-10-05 02:06:56.542 Control 13291] NEW CLIENT 14869 from user 0: Server already exists
[2026-10-05 02:06:56.557 Control 13291] Accepting connection...
[2026-10-05 02:06:56.557 Control 13291] NEW CLIENT 14869 from user 0: Server already exists
[2026-10-05 02:07:00.545 Control 13291] Accepting connection...
[2026-10-05 02:07:00.545 Control 13291] User did not send valid credentials
[2026-10-05 02:07:00.545 Control 13291] Accepting connection...
[2026-10-05 02:07:00.545 Control 13291] NEW CLIENT 14892 from user 0: Server already exists
[2026-10-05 02:07:00.575 Control 13291] Accepting connection...
[2026-10-05 02:07:00.575 Control 13291] NEW CLIENT 14892 from user 0: Server already exists
[2026-10-05 02:07:08.941 Control 13291] Accepting connection...
[2026-10-05 02:07:08.941 Control 13291] User did not send valid credentials
[2026-10-05 02:07:08.941 Control 13291] Accepting connection...
[2026-10-05 02:07:08.941 Control 13291] NEW CLIENT 14912 from user 0: Server already exists
[2026-10-05 02:07:08.958 Control 13291] Accepting connection...
[2026-10-05 02:07:08.958 Control 13291] NEW CLIENT 14912 from user 0: Server already exists
[2026-10-05 02:07:12.943 Control 13291] Accepting connection...
[2026-10-05 02:07:12.943 Control 13291] User did not send valid credentials
[2026-10-05 02:07:12.943 Control 13291] Accepting connection...
[2026-10-05 02:07:12.943 Control 13291] NEW CLIENT 14935 from user 0: Server already exists
[2026-10-05 02:07:12.973 Control 13291] Accepting connection...
[2026-10-05 02:07:12.974 Control 13291] NEW CLIENT 14935 from user 0: Server already exists
[2026-10-05 02:07:21.350 Control 13291] Accepting connection...
[2026-10-05 02:07:21.350 Control 13291] User did not send valid credentials
[2026-10-05 02:07:21.350 Control 13291] Accepting connection...
[2026-10-05 02:07:21.350 Control 13291] NEW CLIENT 14957 from user 0: Server already exists
[2026-10-05 02:07:21.364 Control 13291] Accepting connection...
[2026-10-05 02:07:21.364 Control 13291] NEW CLIENT 14957 from user 0: Server already exists
[2026-10-05 02:07:25.351 Control 13291] Accepting connection...
[2026-10-05 02:07:25.351 Control 13291] User did not send valid credentials
[2026-10-05 02:07:25.351 Control 13291] Accepting connection...
[2026-10-05 02:07:25.351 Control 13291] NEW CLIENT 14980 from user 0: Server already exists
[2026-10-05 02:07:25.378 Control 13291] Accepting connection...
[2026-10-05 02:07:25.378 Control 13291] NEW CLIENT 14980 from user 0: Server already exists
[2026-10-05 02:07:33.744 Control 13291] Accepting connection...
[2026-10-05 02:07:33.744 Control 13291] User did not send valid credentials
[2026-10-05 02:07:33.744 Control 13291] Accepting connection...
[2026-10-05 02:07:33.744 Control 13291] NEW CLIENT 15000 from user 0: Server already exists
[2026-10-05 02:07:33.758 Control 13291] Accepting connection...
[2026-10-05 02:07:33.758 Control 13291] NEW CLIENT 15000 from user 0: Server already exists
[2026-10-05 02:07:37.745 Control 13291] Accepting connection...
[2026-10-05 02:07:37.745 Control 13291] User did not send valid credentials
[2026-10-05 02:07:37.745 Control 13291] Accepting connection...
[2026-10-05 02:07:37.746 Control 13291] NEW CLIENT 15023 from user 0: Server already exists
[2026-10-05 02:07:37.774 Control 13291] Accepting connection...
[2026-10-05 02:07:37.774 Control 13291] NEW CLIENT 15023 from user 0: Server already exists
[2026-10-05 02:07:46.131 Control 13291] Accepting connection...
[2026-10-05 02:07:46.131 Control 13291] User did not send valid credentials
[2026-10-05 02:07:46.131 Control 13291] Accepting connection...
[2026-10-05 02:07:46.131 Control 13291] NEW CLIENT 15048 from user 0: Server already exists
[2026-10-05 02:07:46.163 Control 13291] Accepting connection...
[2026-10-05 02:07:46.163 Control 13291] NEW CLIENT 15048 from user 0: Server already exists
[2026-10-05 02:07:53.544 Control 13291] Accepting connection...
[2026-10-05 02:07:53.544 Control 13291] User did not send valid credentials
[2026-10-05 02:07:53.544 Control 13291] Accepting connection...
[2026-10-05 02:07:53.544 Control 13291] NEW CLIENT 15065 from user 0: Server already exists
[2026-10-05 02:07:53.561 Control 13291] Accepting connection...
[2026-10-05 02:07:53.561 Control 13291] NEW CLIENT 15065 from user 0: Server already exists
[2026-10-05 02:07:57.546 Control 13291] Accepting connection...
[2026-10-05 02:07:57.547 Control 13291] User did not send valid credentials
[2026-10-05 02:07:57.547 Control 13291] Accepting connection...
[2026-10-05 02:07:57.547 Control 13291] NEW CLIENT 15088 from user 0: Server already exists
[2026-10-05 02:07:57.579 Control 13291] Accepting connection...
[2026-10-05 02:07:57.579 Control 13291] NEW CLIENT 15088 from user 0: Server already exists
[2026-10-05 02:08:05.952 Control 13291] Accepting connection...
[2026-10-05 02:08:05.952 Control 13291] User did not send valid credentials
[2026-10-05 02:08:05.952 Control 13291] Accepting connection...
[2026-10-05 02:08:05.952 Control 13291] NEW CLIENT 15108 from user 0: Server already exists
[2026-10-05 02:08:05.966 Control 13291] Accepting connection...
[2026-10-05 02:08:05.966 Control 13291] NEW CLIENT 15108 from user 0: Server already exists
[2026-10-05 02:08:09.954 Control 13291] Accepting connection...
[2026-10-05 02:08:09.955 Control 13291] User did not send valid credentials
[2026-10-05 02:08:09.955 Control 13291] Accepting connection...
[2026-10-05 02:08:09.955 Control 13291] NEW CLIENT 15131 from user 0: Server already exists
[2026-10-05 02:08:09.983 Control 13291] Accepting connection...
[2026-10-05 02:08:09.983 Control 13291] NEW CLIENT 15131 from user 0: Server already exists
[2026-10-05 02:08:18.347 Control 13291] Accepting connection...
[2026-10-05 02:08:18.347 Control 13291] User did not send valid credentials
[2026-10-05 02:08:18.347 Control 13291] Accepting connection...
[2026-10-05 02:08:18.347 Control 13291] NEW CLIENT 15151 from user 0: Server already exists
[2026-10-05 02:08:18.362 Control 13291] Accepting connection...
[2026-10-05 02:08:18.362 Control 13291] NEW CLIENT 15151 from user 0: Server already exists
[2026-10-05 02:08:22.349 Control 13291] Accepting connection...
[2026-10-05 02:08:22.349 Control 13291] User did not send valid credentials
[2026-10-05 02:08:22.349 Control 13291] Accepting connection...
[2026-10-05 02:08:22.349 Control 13291] NEW CLIENT 15174 from user 0: Server already exists
[2026-10-05 02:08:22.377 Control 13291] Accepting connection...
[2026-10-05 02:08:22.377 Control 13291] NEW CLIENT 15174 from user 0: Server already exists
[2026-10-05 02:08:30.744 Control 13291] Accepting connection...
[2026-10-05 02:08:30.744 Control 13291] User did not send valid credentials
[2026-10-05 02:08:30.744 Control 13291] Accepting connection...
[2026-10-05 02:08:30.744 Control 13291] NEW CLIENT 15194 from user 0: Server already exists
[2026-10-05 02:08:30.758 Control 13291] Accepting connection...
[2026-10-05 02:08:30.758 Control 13291] NEW CLIENT 15194 from user 0: Server already exists
[2026-10-05 02:08:34.747 Control 13291] Accepting connection...
[2026-10-05 02:08:34.747 Control 13291] User did not send valid credentials
[2026-10-05 02:08:34.747 Control 13291] Accepting connection...
[2026-10-05 02:08:34.747 Control 13291] NEW CLIENT 15217 from user 0: Server already exists
[2026-10-05 02:08:34.775 Control 13291] Accepting connection...
[2026-10-05 02:08:34.775 Control 13291] NEW CLIENT 15217 from user 0: Server already exists
[2026-10-05 02:08:43.143 Control 13291] Accepting connection...
[2026-10-05 02:08:43.143 Control 13291] User did not send valid credentials
[2026-10-05 02:08:43.143 Control 13291] Accepting connection...
[2026-10-05 02:08:43.143 Control 13291] NEW CLIENT 15237 from user 0: Server already exists
[2026-10-05 02:08:43.162 Control 13291] Accepting connection...
[2026-10-05 02:08:43.162 Control 13291] NEW CLIENT 15237 from user 0: Server already exists
[2026-10-05 02:08:47.146 Control 13291] Accepting connection...
[2026-10-05 02:08:47.146 Control 13291] User did not send valid credentials
[2026-10-05 02:08:47.146 Control 13291] Accepting connection...
[2026-10-05 02:08:47.146 Control 13291] NEW CLIENT 15260 from user 0: Server already exists
[2026-10-05 02:08:47.175 Control 13291] Accepting connection...
[2026-10-05 02:08:47.175 Control 13291] NEW CLIENT 15260 from user 0: Server already exists
[2026-10-05 02:08:55.511 Control 13291] Accepting connection...
[2026-10-05 02:08:55.511 Control 13291] User did not send valid credentials
[2026-10-05 02:08:55.511 Control 13291] Accepting connection...
[2026-10-05 02:08:55.511 Control 13291] NEW CLIENT 15280 from user 0: Server already exists
[2026-10-05 02:08:55.530 Control 13291] Accepting connection...
[2026-10-05 02:08:55.530 Control 13291] NEW CLIENT 15280 from user 0: Server already exists
[2026-10-05 02:08:59.521 Control 13291] Accepting connection...
[2026-10-05 02:08:59.521 Control 13291] User did not send valid credentials
[2026-10-05 02:08:59.521 Control 13291] Accepting connection...
[2026-10-05 02:08:59.521 Control 13291] NEW CLIENT 15303 from user 0: Server already exists
[2026-10-05 02:08:59.556 Control 13291] Accepting connection...
[2026-10-05 02:08:59.556 Control 13291] NEW CLIENT 15303 from user 0: Server already exists
[2026-10-05 02:09:07.921 Control 13291] Accepting connection...
[2026-10-05 02:09:07.921 Control 13291] User did not send valid credentials
[2026-10-05 02:09:07.921 Control 13291] Accepting connection...
[2026-10-05 02:09:07.921 Control 13291] NEW CLIENT 15323 from user 0: Server already exists
[2026-10-05 02:09:07.940 Control 13291] Accepting connection...
[2026-10-05 02:09:07.940 Control 13291] NEW CLIENT 15323 from user 0: Server already exists
[2026-10-05 02:09:11.922 Control 13291] Accepting connection...
[2026-10-05 02:09:11.922 Control 13291] User did not send valid credentials
[2026-10-05 02:09:11.922 Control 13291] Accepting connection...
[2026-10-05 02:09:11.922 Control 13291] NEW CLIENT 15346 from user 0: Server already exists
[2026-10-05 02:09:11.949 Control 13291] Accepting connection...
[2026-10-05 02:09:11.949 Control 13291] NEW CLIENT 15346 from user 0: Server already exists
[2026-10-05 02:09:20.315 Control 13291] Accepting connection...
[2026-10-05 02:09:20.315 Control 13291] User did not send valid credentials
[2026-10-05 02:09:20.315 Control 13291] Accepting connection...
[2026-10-05 02:09:20.315 Control 13291] NEW CLIENT 15366 from user 0: Server already exists
[2026-10-05 02:09:20.329 Control 13291] Accepting connection...
[2026-10-05 02:09:20.329 Control 13291] NEW CLIENT 15366 from user 0: Server already exists
[2026-10-05 02:09:24.317 Control 13291] Accepting connection...
[2026-10-05 02:09:24.317 Control 13291] User did not send valid credentials
[2026-10-05 02:09:24.317 Control 13291] Accepting connection...
[2026-10-05 02:09:24.317 Control 13291] NEW CLIENT 15389 from user 0: Server already exists
[2026-10-05 02:09:24.352 Control 13291] Accepting connection...
[2026-10-05 02:09:24.352 Control 13291] NEW CLIENT 15389 from user 0: Server already exists
[2026-10-05 02:09:32.723 Control 13291] Accepting connection...
[2026-10-05 02:09:32.723 Control 13291] User did not send valid credentials
[2026-10-05 02:09:32.723 Control 13291] Accepting connection...
[2026-10-05 02:09:32.723 Control 13291] NEW CLIENT 15409 from user 0: Server already exists
[2026-10-05 02:09:32.737 Control 13291] Accepting connection...
[2026-10-05 02:09:32.737 Control 13291] NEW CLIENT 15409 from user 0: Server already exists
[2026-10-05 02:09:36.725 Control 13291] Accepting connection...
[2026-10-05 02:09:36.725 Control 13291] User did not send valid credentials
[2026-10-05 02:09:36.725 Control 13291] Accepting connection...
[2026-10-05 02:09:36.725 Control 13291] NEW CLIENT 15432 from user 0: Server already exists
[2026-10-05 02:09:36.760 Control 13291] Accepting connection...
[2026-10-05 02:09:36.760 Control 13291] NEW CLIENT 15432 from user 0: Server already exists
[2026-10-05 02:09:45.135 Control 13291] Accepting connection...
[2026-10-05 02:09:45.135 Control 13291] User did not send valid credentials
[2026-10-05 02:09:45.135 Control 13291] Accepting connection...
[2026-10-05 02:09:45.135 Control 13291] NEW CLIENT 15452 from user 0: Server already exists
[2026-10-05 02:09:45.150 Control 13291] Accepting connection...
[2026-10-05 02:09:45.150 Control 13291] NEW CLIENT 15452 from user 0: Server already exists
[2026-10-05 02:09:49.136 Control 13291] Accepting connection...
[2026-10-05 02:09:49.136 Control 13291] User did not send valid credentials
[2026-10-05 02:09:49.136 Control 13291] Accepting connection...
[2026-10-05 02:09:49.136 Control 13291] NEW CLIENT 15475 from user 0: Server already exists
[2026-10-05 02:09:49.171 Control 13291] Accepting connection...
[2026-10-05 02:09:49.171 Control 13291] NEW CLIENT 15475 from user 0: Server already exists
[2026-10-05 02:10:00.469 Control 13291] Accepting connection...
[2026-10-05 02:10:00.470 Control 13291] NEW UI
[2026-10-05 02:10:00.470 Control 13291] Cmd:quit
[2026-10-05 02:10:00.470 Control 13291] Try shutting down server 13296, backoff is disabled
[2026-10-05 02:10:00.556 Control 13291] Server 13296 exited with status 0
[2026-10-05 02:10:00.556 Control 13291] Exit with status 0
