[2026-10-02 18:22:48.374 Control 13948] Starting control daemon using socket /workspace/cuphy-lockstep/mps-pipe/control
[2026-10-02 18:22:48.374 Control 13948] To connect CUDA applications to this daemon, set env CUDA_MPS_PIPE_DIRECTORY=/workspace/cuphy-lockstep/mps-pipe
[2026-10-02 18:22:48.374 Control 13948] CUDA MPS Control binary version: 13020
[2026-10-02 18:22:50.437 Control 13948] Accepting connection...
[2026-10-02 18:22:50.437 Control 13948] User did not send valid credentials
[2026-10-02 18:22:50.437 Control 13948] Accepting connection...
[2026-10-02 18:22:50.437 Control 13948] NEW CLIENT 13951 from user 0: Server is not ready, push client to pending list
[2026-10-02 18:22:50.438 Control 13954] Starting new server 13954 for user 0
[2026-10-02 18:22:50.479 Control 13948] Accepting connection...
[2026-10-02 18:22:50.632 Control 13948] NEW SERVER 13954: Ready
[2026-10-02 18:22:50.661 Control 13948] Accepting connection...
[2026-10-02 18:22:50.661 Control 13948] NEW CLIENT 13951 from user 0: Server already exists
[2026-10-02 18:22:54.450 Control 13948] Accepting connection...
[2026-10-02 18:22:54.450 Control 13948] User did not send valid credentials
[2026-10-02 18:22:54.450 Control 13948] Accepting connection...
[2026-10-02 18:22:54.450 Control 13948] NEW CLIENT 13978 from user 0: Server already exists
[2026-10-02 18:22:54.483 Control 13948] Accepting connection...
[2026-10-02 18:22:54.483 Control 13948] NEW CLIENT 13978 from user 0: Server already exists
[2026-10-02 18:23:00.885 Control 13948] Accepting connection...
[2026-10-02 18:23:00.885 Control 13948] User did not send valid credentials
[2026-10-02 18:23:00.885 Control 13948] Accepting connection...
[2026-10-02 18:23:00.885 Control 13948] NEW CLIENT 13996 from user 0: Server already exists
[2026-10-02 18:23:00.900 Control 13948] Accepting connection...
[2026-10-02 18:23:00.900 Control 13948] NEW CLIENT 13996 from user 0: Server already exists
[2026-10-02 18:23:04.899 Control 13948] Accepting connection...
[2026-10-02 18:23:04.899 Control 13948] User did not send valid credentials
[2026-10-02 18:23:04.899 Control 13948] Accepting connection...
[2026-10-02 18:23:04.899 Control 13948] NEW CLIENT 14019 from user 0: Server already exists
[2026-10-02 18:23:04.935 Control 13948] Accepting connection...
[2026-10-02 18:23:04.935 Control 13948] NEW CLIENT 14019 from user 0: Server already exists
[2026-10-02 18:23:11.261 Control 13948] Accepting connection...
[2026-10-02 18:23:11.262 Control 13948] NEW UI
[2026-10-02 18:23:11.262 Control 13948] Cmd:quit
[2026-10-02 18:23:11.262 Control 13948] Try shutting down server 13954, backoff is disabled
[2026-10-02 18:23:11.327 Control 13948] Server 13954 exited with status 0
[2026-10-02 18:23:11.327 Control 13948] Exit with status 0
